Archive member included because of file (symbol)

libgcc/libgcc.a(_udivsi3.o)   build/malloc.o (__aeabi_uidiv)
libgcc/libgcc.a(_divsi3.o)    build/stdio.o (__aeabi_idivmod)
libgcc/libgcc.a(_dvmd_tls.o)  libgcc/libgcc.a(_udivsi3.o) (__aeabi_idiv0)
libgcc/libgcc.a(_aeabi_uldivmod.o)
                              build/stdio.o (__aeabi_uldivmod)
libgcc/libgcc.a(bpabi.o)      libgcc/libgcc.a(_aeabi_uldivmod.o) (__gnu_uldivmod_helper)
libgcc/libgcc.a(_divdi3.o)    libgcc/libgcc.a(bpabi.o) (__divdi3)
libgcc/libgcc.a(_udivdi3.o)   libgcc/libgcc.a(bpabi.o) (__udivdi3)
libgcc/libgcc.a(unwind-arm.o)
                              libgcc/libgcc.a(_divdi3.o) (__aeabi_unwind_cpp_pr0)
libgcc/libgcc.a(libunwind.o)  libgcc/libgcc.a(unwind-arm.o) (restore_core_regs)
libgcc/libgcc.a(pr-support.o)
                              libgcc/libgcc.a(unwind-arm.o) (__gnu_unwind_execute)
libgcc/libgcc.a(_clzsi2.o)    libgcc/libgcc.a(_divdi3.o) (__clzsi2)

Discarded input sections

 .ARM.attributes
                0x0000000000000000       0x14 build/contextSwitch.o
 .ARM.attributes
                0x0000000000000000       0x14 build/drawing.o
 .ARM.attributes
                0x0000000000000000       0x14 build/frameBufferInfo.o
 .ARM.attributes
                0x0000000000000000       0x14 build/gpioFunction.o
 .ARM.attributes
                0x0000000000000000       0x14 build/interruptsHandlers.o
 .ARM.attributes
                0x0000000000000000       0x14 build/mailbox.o
 .ARM.attributes
                0x0000000000000000       0x14 build/memoryCopy.o
 .ARM.attributes
                0x0000000000000000       0x14 build/start.o
 .comment       0x0000000000000000       0x20 build/bitmap.o
 .ARM.attributes
                0x0000000000000000       0x38 build/bitmap.o
 .comment       0x0000000000000000       0x20 build/console.o
 .ARM.attributes
                0x0000000000000000       0x38 build/console.o
 .comment       0x0000000000000000       0x20 build/debug.o
 .ARM.attributes
                0x0000000000000000       0x38 build/debug.o
 .comment       0x0000000000000000       0x20 build/framebuffer.o
 .ARM.attributes
                0x0000000000000000       0x38 build/framebuffer.o
 .comment       0x0000000000000000       0x20 build/gpio.o
 .ARM.attributes
                0x0000000000000000       0x38 build/gpio.o
 .comment       0x0000000000000000       0x20 build/hash.o
 .ARM.attributes
                0x0000000000000000       0x38 build/hash.o
 .comment       0x0000000000000000       0x20 build/init.o
 .ARM.attributes
                0x0000000000000000       0x38 build/init.o
 .comment       0x0000000000000000       0x20 build/list.o
 .ARM.attributes
                0x0000000000000000       0x38 build/list.o
 .comment       0x0000000000000000       0x20 build/interrupt.o
 .ARM.attributes
                0x0000000000000000       0x38 build/interrupt.o
 .comment       0x0000000000000000       0x20 build/malloc.o
 .ARM.attributes
                0x0000000000000000       0x38 build/malloc.o
 .comment       0x0000000000000000       0x20 build/palloc.o
 .ARM.attributes
                0x0000000000000000       0x38 build/palloc.o
 .comment       0x0000000000000000       0x20 build/random.o
 .ARM.attributes
                0x0000000000000000       0x38 build/random.o
 .comment       0x0000000000000000       0x20 build/serial.o
 .ARM.attributes
                0x0000000000000000       0x38 build/serial.o
 .comment       0x0000000000000000       0x20 build/stdio.o
 .ARM.attributes
                0x0000000000000000       0x38 build/stdio.o
 .comment       0x0000000000000000       0x20 build/stdlib.o
 .ARM.attributes
                0x0000000000000000       0x38 build/stdlib.o
 .comment       0x0000000000000000       0x20 build/string.o
 .ARM.attributes
                0x0000000000000000       0x38 build/string.o
 .comment       0x0000000000000000       0x20 build/synch.o
 .ARM.attributes
                0x0000000000000000       0x38 build/synch.o
 .comment       0x0000000000000000       0x20 build/timer.o
 .ARM.attributes
                0x0000000000000000       0x38 build/timer.o
 .comment       0x0000000000000000       0x20 build/thread.o
 .ARM.attributes
                0x0000000000000000       0x38 build/thread.o
 .comment       0x0000000000000000       0x20 build/video.o
 .ARM.attributes
                0x0000000000000000       0x38 build/video.o
 .debug_frame   0x0000000000000000       0x20 libgcc/libgcc.a(_udivsi3.o)
 .ARM.attributes
                0x0000000000000000       0x18 libgcc/libgcc.a(_udivsi3.o)
 .debug_line    0x0000000000000000       0x8a libgcc/libgcc.a(_udivsi3.o)
 .debug_info    0x0000000000000000       0x99 libgcc/libgcc.a(_udivsi3.o)
 .debug_abbrev  0x0000000000000000       0x14 libgcc/libgcc.a(_udivsi3.o)
 .debug_aranges
                0x0000000000000000       0x20 libgcc/libgcc.a(_udivsi3.o)
 .debug_frame   0x0000000000000000       0x20 libgcc/libgcc.a(_divsi3.o)
 .ARM.attributes
                0x0000000000000000       0x18 libgcc/libgcc.a(_divsi3.o)
 .debug_line    0x0000000000000000       0x96 libgcc/libgcc.a(_divsi3.o)
 .debug_info    0x0000000000000000       0x99 libgcc/libgcc.a(_divsi3.o)
 .debug_abbrev  0x0000000000000000       0x14 libgcc/libgcc.a(_divsi3.o)
 .debug_aranges
                0x0000000000000000       0x20 libgcc/libgcc.a(_divsi3.o)
 .ARM.attributes
                0x0000000000000000       0x18 libgcc/libgcc.a(_dvmd_tls.o)
 .debug_line    0x0000000000000000       0x61 libgcc/libgcc.a(_dvmd_tls.o)
 .debug_info    0x0000000000000000       0x99 libgcc/libgcc.a(_dvmd_tls.o)
 .debug_abbrev  0x0000000000000000       0x14 libgcc/libgcc.a(_dvmd_tls.o)
 .debug_aranges
                0x0000000000000000       0x20 libgcc/libgcc.a(_dvmd_tls.o)
 .ARM.attributes
                0x0000000000000000       0x18 libgcc/libgcc.a(_aeabi_uldivmod.o)
 .debug_line    0x0000000000000000       0x66 libgcc/libgcc.a(_aeabi_uldivmod.o)
 .debug_info    0x0000000000000000       0x95 libgcc/libgcc.a(_aeabi_uldivmod.o)
 .debug_abbrev  0x0000000000000000       0x14 libgcc/libgcc.a(_aeabi_uldivmod.o)
 .debug_aranges
                0x0000000000000000       0x20 libgcc/libgcc.a(_aeabi_uldivmod.o)
 .debug_info    0x0000000000000000      0x174 libgcc/libgcc.a(bpabi.o)
 .debug_abbrev  0x0000000000000000       0xb7 libgcc/libgcc.a(bpabi.o)
 .debug_loc     0x0000000000000000       0xe0 libgcc/libgcc.a(bpabi.o)
 .debug_aranges
                0x0000000000000000       0x20 libgcc/libgcc.a(bpabi.o)
 .debug_line    0x0000000000000000       0x67 libgcc/libgcc.a(bpabi.o)
 .debug_str     0x0000000000000000       0xef libgcc/libgcc.a(bpabi.o)
 .comment       0x0000000000000000       0x12 libgcc/libgcc.a(bpabi.o)
 .ARM.attributes
                0x0000000000000000       0x30 libgcc/libgcc.a(bpabi.o)
 .debug_frame   0x0000000000000000       0x54 libgcc/libgcc.a(bpabi.o)
 .debug_info    0x0000000000000000      0x5ec libgcc/libgcc.a(_divdi3.o)
 .debug_abbrev  0x0000000000000000      0x165 libgcc/libgcc.a(_divdi3.o)
 .debug_loc     0x0000000000000000      0xb77 libgcc/libgcc.a(_divdi3.o)
 .debug_aranges
                0x0000000000000000       0x20 libgcc/libgcc.a(_divdi3.o)
 .debug_ranges  0x0000000000000000       0xc8 libgcc/libgcc.a(_divdi3.o)
 .debug_line    0x0000000000000000       0xdb libgcc/libgcc.a(_divdi3.o)
 .debug_str     0x0000000000000000      0x1a3 libgcc/libgcc.a(_divdi3.o)
 .comment       0x0000000000000000       0x12 libgcc/libgcc.a(_divdi3.o)
 .ARM.attributes
                0x0000000000000000       0x30 libgcc/libgcc.a(_divdi3.o)
 .debug_frame   0x0000000000000000       0x38 libgcc/libgcc.a(_divdi3.o)
 .debug_info    0x0000000000000000      0x5ab libgcc/libgcc.a(_udivdi3.o)
 .debug_abbrev  0x0000000000000000      0x154 libgcc/libgcc.a(_udivdi3.o)
 .debug_loc     0x0000000000000000      0xc8c libgcc/libgcc.a(_udivdi3.o)
 .debug_aranges
                0x0000000000000000       0x20 libgcc/libgcc.a(_udivdi3.o)
 .debug_ranges  0x0000000000000000       0xd8 libgcc/libgcc.a(_udivdi3.o)
 .debug_line    0x0000000000000000       0xce libgcc/libgcc.a(_udivdi3.o)
 .debug_str     0x0000000000000000      0x1a4 libgcc/libgcc.a(_udivdi3.o)
 .comment       0x0000000000000000       0x12 libgcc/libgcc.a(_udivdi3.o)
 .ARM.attributes
                0x0000000000000000       0x30 libgcc/libgcc.a(_udivdi3.o)
 .debug_frame   0x0000000000000000       0x38 libgcc/libgcc.a(_udivdi3.o)
 .debug_info    0x0000000000000000     0x1d4d libgcc/libgcc.a(unwind-arm.o)
 .debug_abbrev  0x0000000000000000      0x48f libgcc/libgcc.a(unwind-arm.o)
 .debug_loc     0x0000000000000000     0x18d0 libgcc/libgcc.a(unwind-arm.o)
 .debug_aranges
                0x0000000000000000       0x20 libgcc/libgcc.a(unwind-arm.o)
 .debug_ranges  0x0000000000000000      0x138 libgcc/libgcc.a(unwind-arm.o)
 .debug_line    0x0000000000000000      0x538 libgcc/libgcc.a(unwind-arm.o)
 .debug_str     0x0000000000000000      0xb7f libgcc/libgcc.a(unwind-arm.o)
 .comment       0x0000000000000000       0x12 libgcc/libgcc.a(unwind-arm.o)
 .ARM.attributes
                0x0000000000000000       0x30 libgcc/libgcc.a(unwind-arm.o)
 .debug_frame   0x0000000000000000      0x290 libgcc/libgcc.a(unwind-arm.o)
 .ARM.attributes
                0x0000000000000000       0x1c libgcc/libgcc.a(libunwind.o)
 .debug_line    0x0000000000000000       0xaf libgcc/libgcc.a(libunwind.o)
 .debug_info    0x0000000000000000       0x99 libgcc/libgcc.a(libunwind.o)
 .debug_abbrev  0x0000000000000000       0x14 libgcc/libgcc.a(libunwind.o)
 .debug_aranges
                0x0000000000000000       0x20 libgcc/libgcc.a(libunwind.o)
 .debug_info    0x0000000000000000      0xa5b libgcc/libgcc.a(pr-support.o)
 .debug_abbrev  0x0000000000000000      0x26c libgcc/libgcc.a(pr-support.o)
 .debug_loc     0x0000000000000000      0x652 libgcc/libgcc.a(pr-support.o)
 .debug_aranges
                0x0000000000000000       0x20 libgcc/libgcc.a(pr-support.o)
 .debug_ranges  0x0000000000000000       0x48 libgcc/libgcc.a(pr-support.o)
 .debug_line    0x0000000000000000      0x1c4 libgcc/libgcc.a(pr-support.o)
 .debug_str     0x0000000000000000      0x4de libgcc/libgcc.a(pr-support.o)
 .comment       0x0000000000000000       0x12 libgcc/libgcc.a(pr-support.o)
 .ARM.attributes
                0x0000000000000000       0x30 libgcc/libgcc.a(pr-support.o)
 .debug_frame   0x0000000000000000       0xe4 libgcc/libgcc.a(pr-support.o)
 .ARM.attributes
                0x0000000000000000       0x18 libgcc/libgcc.a(_clzsi2.o)
 .debug_line    0x0000000000000000       0x6e libgcc/libgcc.a(_clzsi2.o)
 .debug_info    0x0000000000000000       0x99 libgcc/libgcc.a(_clzsi2.o)
 .debug_abbrev  0x0000000000000000       0x14 libgcc/libgcc.a(_clzsi2.o)
 .debug_aranges
                0x0000000000000000       0x20 libgcc/libgcc.a(_clzsi2.o)

Memory Configuration

Name             Origin             Length             Attributes
*default*        0x0000000000000000 0xffffffffffffffff

Linker script and memory map

LOAD build/contextSwitch.o
LOAD build/drawing.o
LOAD build/frameBufferInfo.o
LOAD build/gpioFunction.o
LOAD build/interruptsHandlers.o
LOAD build/mailbox.o
LOAD build/memoryCopy.o
LOAD build/start.o
LOAD build/bitmap.o
LOAD build/console.o
LOAD build/debug.o
LOAD build/framebuffer.o
LOAD build/gpio.o
LOAD build/hash.o
LOAD build/init.o
LOAD build/list.o
LOAD build/interrupt.o
LOAD build/malloc.o
LOAD build/palloc.o
LOAD build/random.o
LOAD build/serial.o
LOAD build/stdio.o
LOAD build/stdlib.o
LOAD build/string.o
LOAD build/synch.o
LOAD build/timer.o
LOAD build/thread.o
LOAD build/video.o

.init           0x0000000000008000       0x8c
 *(.init)
 .init          0x0000000000008000       0x8c build/start.o
                0x0000000000008000                _start

.text           0x000000000000808c     0xdd10
 *(.text)
 .text          0x000000000000808c       0xd4 build/contextSwitch.o
                0x000000000000808c                save_context
                0x00000000000080e8                save_and_switch_context
 .text          0x0000000000008160      0x178 build/drawing.o
                0x0000000000008160                SetForeColour
                0x0000000000008178                GetForeColour
                0x0000000000008184                SetGraphicsAddress
                0x0000000000008190                GetGraphicsAddress
                0x000000000000819c                DrawPixel
                0x00000000000081e4                DrawLine
                0x0000000000008260                DrawCharacter
 .text          0x00000000000082d8       0x60 build/frameBufferInfo.o
                0x00000000000082d8                InitialiseFrameBuffer
 .text          0x0000000000008338       0x98 build/gpioFunction.o
                0x0000000000008338                GetGpioAddress
                0x0000000000008340                SetGpioFunction
                0x0000000000008390                SetGpio
 .text          0x00000000000083d0      0x130 build/interruptsHandlers.o
                0x00000000000083d0                print_executing_interrupt
                0x00000000000083e0                generate_swi_interrupt
                0x00000000000083e8                swi_handler_int
                0x000000000000844c                irq_handler_int
                0x00000000000084ac                get_cpsr_value
                0x00000000000084b4                enable_irq_interruptions
                0x00000000000084c4                disable_irq_interruptions
                0x00000000000084d4                enable_fiq_interruptions
                0x00000000000084e4                disable_fiq_interruptions
                0x00000000000084f4                get_current_sp
 .text          0x0000000000008500       0x6c build/mailbox.o
                0x0000000000008500                GetMailboxBase
                0x0000000000008508                MailboxRead
                0x000000000000853c                MailboxWrite
 .text          0x000000000000856c       0x70 build/memoryCopy.o
                0x000000000000856c                memory_fastest_copy
                0x00000000000085bc                memory_fast_copy
 .text          0x00000000000085dc        0x0 build/start.o
 .text          0x00000000000085dc      0x9e4 build/bitmap.o
                0x000000000000868c                bitmap_create
                0x0000000000008730                bitmap_create_in_buf
                0x00000000000087c0                bitmap_buf_size
                0x00000000000087ec                bitmap_destroy
                0x0000000000008828                bitmap_size
                0x0000000000008850                bitmap_set
                0x00000000000088f0                bitmap_test
                0x00000000000089a4                bitmap_set_all
                0x0000000000008a0c                bitmap_set_multiple
                0x0000000000008afc                bitmap_mark
                0x0000000000008b68                bitmap_reset
                0x0000000000008bd8                bitmap_contains
                0x0000000000008ce0                bitmap_any
                0x0000000000008d1c                bitmap_none
                0x0000000000008d78                bitmap_all
                0x0000000000008dd4                bitmap_scan
                0x0000000000008ef4                bitmap_scan_and_flip
                0x0000000000008f78                bitmap_dump
 .text          0x0000000000008fc0      0x3b8 build/console.o
                0x0000000000008fc0                console_init
                0x0000000000008fe8                console_panic
                0x000000000000900c                console_print_stats
                0x000000000000917c                vprintf
                0x00000000000091c8                puts
                0x0000000000009224                putbuf
                0x0000000000009278                putchar
 .text          0x0000000000009378      0x128 build/debug.o
                0x0000000000009378                debug_panic
                0x00000000000093fc                debug_print_bits_int
                0x0000000000009478                abort
 .text          0x00000000000094a0       0x58 build/framebuffer.o
                0x00000000000094a0                framebuffer_init
 .text          0x00000000000094f8       0x50 build/gpio.o
                0x00000000000094f8                gpio_enable_function
                0x0000000000009520                gpio_set_register
 .text          0x0000000000009548      0xc28 build/hash.o
                0x0000000000009548                hash_init
                0x00000000000095f8                hash_clear
                0x00000000000096cc                hash_destroy
                0x0000000000009710                hash_insert
                0x000000000000977c                hash_replace
                0x00000000000097f4                hash_find
                0x0000000000009838                hash_delete
                0x00000000000098a0                hash_apply
                0x000000000000998c                hash_first
                0x0000000000009a38                hash_next
                0x0000000000009b54                hash_cur
                0x0000000000009b7c                hash_size
                0x0000000000009ba4                hash_empty
                0x0000000000009bdc                hash_bytes
                0x0000000000009c80                hash_string
                0x0000000000009d1c                hash_int
 .text          0x000000000000a170      0x6bc build/init.o
                0x000000000000a19c                init
 .text          0x000000000000a82c     0x1284 build/list.o
                0x000000000000a94c                list_init
                0x000000000000a9c4                list_begin
                0x000000000000aa14                list_next
                0x000000000000aa80                list_end
                0x000000000000aad0                list_rbegin
                0x000000000000ab20                list_prev
                0x000000000000ab8c                list_rend
                0x000000000000abd8                list_head
                0x000000000000ac24                list_tail
                0x000000000000ac74                list_insert
                0x000000000000ad30                list_splice
                0x000000000000ae68                list_push_front
                0x000000000000ae9c                list_push_back
                0x000000000000aed0                list_remove
                0x000000000000af50                list_pop_front
                0x000000000000af84                list_pop_back
                0x000000000000afb8                list_front
                0x000000000000b018                list_back
                0x000000000000b07c                list_size
                0x000000000000b0e4                list_empty
                0x000000000000b170                list_reverse
                0x000000000000b588                list_sort
                0x000000000000b718                list_insert_ordered
                0x000000000000b81c                list_unique
                0x000000000000b960                list_max
                0x000000000000ba08                list_min
 .text          0x000000000000bab0      0x9b4 build/interrupt.o
                0x000000000000bab0                interrupts_init
                0x000000000000bb58                interrupts_register_irq
                0x000000000000bbd4                interrupts_register_swi
                0x000000000000bc14                interrupts_get_irq_name
                0x000000000000bc6c                interrupts_get_swi_name
                0x000000000000bc90                interrupts_get_level
                0x000000000000bcc8                interrupts_set_level
                0x000000000000bd08                interrupts_enable
                0x000000000000bd34                interrupts_disable
                0x000000000000bd60                interrupts_print_status
                0x000000000000bdfc                interrupts_context
                0x000000000000be20                interrupts_was_irq_generated
                0x000000000000be44                interrupts_yield_on_return
                0x000000000000be68                interrupts_dispatch_irq
                0x000000000000c0b0                interrupts_dispatch_swi
                0x000000000000c154                interrupts_debug
 .text          0x000000000000c464      0x8b0 build/malloc.o
                0x000000000000c4bc                malloc_init
                0x000000000000c5c4                malloc
                0x000000000000c824                calloc
                0x000000000000c91c                realloc
                0x000000000000c9bc                free
 .text          0x000000000000cd14      0x578 build/palloc.o
                0x000000000000cd68                palloc_init
                0x000000000000ce3c                palloc_get_multiple
                0x000000000000cf70                palloc_get_page
                0x000000000000cfa4                palloc_free_multiple
                0x000000000000d10c                palloc_free_page
 .text          0x000000000000d28c      0x2b8 build/random.o
                0x000000000000d2d4                random_init
                0x000000000000d3f0                random_bytes
                0x000000000000d518                random_ulong
 .text          0x000000000000d544      0x32c build/serial.o
                0x000000000000d544                serial_init
                0x000000000000d554                serial_putc
                0x000000000000d57c                serial_flush
                0x000000000000d590                serial_notify
                0x000000000000d638                uart_init
                0x000000000000d6f8                uart_putc_helper
                0x000000000000d748                uart_putc
                0x000000000000d790                uart_getc
                0x000000000000d7d4                uart_write
                0x000000000000d830                uart_puts
                0x000000000000d860                test_serial
 .text          0x000000000000d870     0x1764 build/stdio.o
                0x000000000000d8f8                vsnprintf
                0x000000000000d9f0                snprintf
                0x000000000000da40                printf
                0x000000000000da80                __vprintf
                0x000000000000ec24                __printf
                0x000000000000ec68                hex_dump
                0x000000000000ef20                print_human_readable_size
 .text          0x000000000000efd4      0x764 build/stdlib.o
                0x000000000000f08c                atoi
                0x000000000000f214                qsort
                0x000000000000f4a4                sort
                0x000000000000f5f0                bsearch
                0x000000000000f644                binary_search
 .text          0x000000000000f738      0xcf0 build/string.o
                0x000000000000f738                memcpy
                0x000000000000f80c                memmove
                0x000000000000f954                memcmp
                0x000000000000fa60                strcmp
                0x000000000000fb60                memchr
                0x000000000000fc10                strchr
                0x000000000000fca8                strcspn
                0x000000000000fd28                strpbrk
                0x000000000000fd94                strrchr
                0x000000000000fe08                strspn
                0x000000000000fe88                strstr
                0x000000000000ff3c                strtok_r
                0x00000000000100b0                memset
                0x000000000001014c                strlen
                0x00000000000101cc                strnlen
                0x0000000000010234                strlcpy
                0x000000000001030c                strlcat
 .text          0x0000000000010428      0x950 build/synch.o
                0x0000000000010428                sema_init
                0x000000000001048c                sema_down
                0x0000000000010560                sema_try_down
                0x00000000000105fc                sema_up
                0x00000000000106b4                sema_self_test
                0x00000000000107a4                lock_init
                0x0000000000010808                lock_acquire
                0x00000000000108c8                lock_try_acquire
                0x0000000000010978                lock_release
                0x0000000000010a00                lock_held_by_current_thread
                0x0000000000010a68                cond_init
                0x0000000000010abc                cond_wait
                0x0000000000010bcc                cond_signal
                0x0000000000010cd8                cond_broadcast
 .text          0x0000000000010d78      0x1cc build/timer.o
                0x0000000000010d78                timer_init
                0x0000000000010db8                timer_get_timestamp
                0x0000000000010ddc                timer_msleep
 .text          0x0000000000010f44     0x1358 build/thread.o
                0x0000000000010f70                thread_init
                0x0000000000011210                thread_start
                0x0000000000011260                thread_tick
                0x0000000000011318                thread_print_stats
                0x000000000001132c                thread_create
                0x000000000001150c                thread_wait
                0x00000000000115d4                thread_block
                0x0000000000011654                thread_unblock
                0x0000000000011704                thread_name
                0x0000000000011720                thread_current
                0x00000000000117a4                thread_tid
                0x00000000000117c0                thread_exit
                0x00000000000118c8                thread_yield
                0x0000000000011c9c                thread_schedule_tail
                0x0000000000011d68                thread_foreach
                0x0000000000011e0c                thread_set_priority
                0x0000000000011e34                thread_get_priority
                0x0000000000011e50                thread_set_nice
                0x0000000000011e6c                thread_get_nice
                0x0000000000011e88                thread_get_load_avg
                0x0000000000011ea4                thread_get_recent_cpu
                0x000000000001205c                my_order_function
 .text          0x000000000001229c      0x958 build/video.o
                0x000000000001229c                video_init
                0x0000000000012318                video_clean
                0x00000000000123cc                video_putc
 .text          0x0000000000012bf4      0x114 libgcc/libgcc.a(_udivsi3.o)
                0x0000000000012bf4                __udivsi3
                0x0000000000012bf4                __aeabi_uidiv
                0x0000000000012ce8                __aeabi_uidivmod
 .text          0x0000000000012d08      0x148 libgcc/libgcc.a(_divsi3.o)
                0x0000000000012d08                __aeabi_idiv
                0x0000000000012d08                __divsi3
                0x0000000000012e30                __aeabi_idivmod
 .text          0x0000000000012e50        0x4 libgcc/libgcc.a(_dvmd_tls.o)
                0x0000000000012e50                __aeabi_ldiv0
                0x0000000000012e50                __aeabi_idiv0
 .text          0x0000000000012e54       0x3c libgcc/libgcc.a(_aeabi_uldivmod.o)
                0x0000000000012e54                __aeabi_uldivmod
 .text          0x0000000000012e90       0x84 libgcc/libgcc.a(bpabi.o)
                0x0000000000012e90                __gnu_ldivmod_helper
                0x0000000000012ed4                __gnu_uldivmod_helper
 .text          0x0000000000012f14      0x4f8 libgcc/libgcc.a(_divdi3.o)
                0x0000000000012f14                __divdi3
 .text          0x000000000001340c      0x498 libgcc/libgcc.a(_udivdi3.o)
                0x000000000001340c                __udivdi3
 .text          0x00000000000138a4      0xfb0 libgcc/libgcc.a(unwind-arm.o)
                0x0000000000013d2c                _Unwind_GetCFA
                0x0000000000013d34                __gnu_Unwind_RaiseException
                0x0000000000013de0                __gnu_Unwind_ForcedUnwind
                0x0000000000013e04                __gnu_Unwind_Resume
                0x0000000000013e7c                __gnu_Unwind_Resume_or_Rethrow
                0x0000000000013e9c                _Unwind_Complete
                0x0000000000013ea0                _Unwind_DeleteException
                0x0000000000013ec4                _Unwind_VRS_Get
                0x0000000000013f38                _Unwind_VRS_Set
                0x00000000000143dc                __aeabi_unwind_cpp_pr2
                0x00000000000143e4                __aeabi_unwind_cpp_pr1
                0x00000000000143ec                __aeabi_unwind_cpp_pr0
                0x00000000000143f4                __gnu_Unwind_Backtrace
                0x00000000000144c0                _Unwind_VRS_Pop
 .text          0x0000000000014854      0x1b0 libgcc/libgcc.a(libunwind.o)
                0x0000000000014854                __restore_core_regs
                0x0000000000014854                restore_core_regs
                0x0000000000014870                __gnu_Unwind_Restore_VFP
                0x0000000000014878                __gnu_Unwind_Save_VFP
                0x0000000000014880                __gnu_Unwind_Restore_VFP_D
                0x0000000000014888                __gnu_Unwind_Save_VFP_D
                0x0000000000014890                __gnu_Unwind_Restore_VFP_D_16_to_31
                0x0000000000014898                __gnu_Unwind_Save_VFP_D_16_to_31
                0x00000000000148a0                __gnu_Unwind_Restore_WMMXD
                0x00000000000148e4                __gnu_Unwind_Save_WMMXD
                0x0000000000014928                __gnu_Unwind_Restore_WMMXC
                0x000000000001493c                __gnu_Unwind_Save_WMMXC
                0x0000000000014950                ___Unwind_RaiseException
                0x0000000000014950                _Unwind_RaiseException
                0x0000000000014974                ___Unwind_Resume
                0x0000000000014974                _Unwind_Resume
                0x0000000000014998                _Unwind_Resume_or_Rethrow
                0x0000000000014998                ___Unwind_Resume_or_Rethrow
                0x00000000000149bc                ___Unwind_ForcedUnwind
                0x00000000000149bc                _Unwind_ForcedUnwind
                0x00000000000149e0                _Unwind_Backtrace
                0x00000000000149e0                ___Unwind_Backtrace
 .text          0x0000000000014a04      0x53c libgcc/libgcc.a(pr-support.o)
                0x0000000000014a98                __gnu_unwind_execute
                0x0000000000014eb4                __gnu_unwind_frame
                0x0000000000014efc                _Unwind_GetRegionStart
                0x0000000000014f10                _Unwind_GetLanguageSpecificData
                0x0000000000014f30                _Unwind_GetDataRelBase
                0x0000000000014f38                _Unwind_GetTextRelBase
 .text          0x0000000000014f40       0x48 libgcc/libgcc.a(_clzsi2.o)
                0x0000000000014f40                __clzsi2
 *(.rodata)
 .rodata        0x0000000000014f88       0x98 build/bitmap.o
 .rodata        0x0000000000015020       0x64 build/console.o
 .rodata        0x0000000000015084       0x70 build/debug.o
 .rodata        0x00000000000150f4       0x6c build/hash.o
 .rodata        0x0000000000015160      0x3a4 build/init.o
 .rodata        0x0000000000015504      0x11c build/list.o
 .rodata        0x0000000000015620      0x168 build/interrupt.o
 .rodata        0x0000000000015788       0x78 build/malloc.o
 .rodata        0x0000000000015800       0xf8 build/palloc.o
 .rodata        0x00000000000158f8      0x134 build/stdio.o
 .rodata        0x0000000000015a2c       0x34 build/stdlib.o
 .rodata        0x0000000000015a60       0x80 build/string.o
 .rodata        0x0000000000015ae0       0xf0 build/synch.o
 .rodata        0x0000000000015bd0       0x30 build/timer.o
 .rodata        0x0000000000015c00      0x19c build/thread.o

.data           0x0000000000016000     0x2064
 *(.data)
 .data          0x0000000000016000        0x0 build/contextSwitch.o
 .data          0x0000000000016000      0x810 build/drawing.o
 *fill*         0x0000000000016810      0x7f0 
 .data          0x0000000000017000     0x1000 build/frameBufferInfo.o
                0x0000000000017000                FrameBufferInfo
 .data          0x0000000000018000        0x0 build/gpioFunction.o
 .data          0x0000000000018000       0x40 build/interruptsHandlers.o
                0x0000000000018000                exec_int_msg
 .data          0x0000000000018040        0x0 build/mailbox.o
 .data          0x0000000000018040        0x0 build/memoryCopy.o
 .data          0x0000000000018040        0x0 build/start.o
 .data          0x0000000000018040        0x0 build/bitmap.o
 .data          0x0000000000018040        0x0 build/console.o
 .data          0x0000000000018040        0x0 build/debug.o
 .data          0x0000000000018040        0x0 build/framebuffer.o
 .data          0x0000000000018040        0x0 build/gpio.o
 .data          0x0000000000018040        0x0 build/hash.o
 .data          0x0000000000018040        0x4 build/init.o
 .data          0x0000000000018044        0x0 build/list.o
 .data          0x0000000000018044        0x0 build/interrupt.o
 .data          0x0000000000018044        0x0 build/malloc.o
 .data          0x0000000000018044        0x0 build/palloc.o
 .data          0x0000000000018044        0x0 build/random.o
 .data          0x0000000000018044        0x0 build/serial.o
 .data          0x0000000000018044       0x18 build/stdio.o
 .data          0x000000000001805c        0x0 build/stdlib.o
 .data          0x000000000001805c        0x0 build/string.o
 .data          0x000000000001805c        0x0 build/synch.o
 .data          0x000000000001805c        0x0 build/timer.o
 .data          0x000000000001805c        0x8 build/thread.o
 .data          0x0000000000018064        0x0 build/video.o
 .data          0x0000000000018064        0x0 libgcc/libgcc.a(_udivsi3.o)
 .data          0x0000000000018064        0x0 libgcc/libgcc.a(_divsi3.o)
 .data          0x0000000000018064        0x0 libgcc/libgcc.a(_dvmd_tls.o)
 .data          0x0000000000018064        0x0 libgcc/libgcc.a(_aeabi_uldivmod.o)
 .data          0x0000000000018064        0x0 libgcc/libgcc.a(bpabi.o)
 .data          0x0000000000018064        0x0 libgcc/libgcc.a(_divdi3.o)
 .data          0x0000000000018064        0x0 libgcc/libgcc.a(_udivdi3.o)
 .data          0x0000000000018064        0x0 libgcc/libgcc.a(unwind-arm.o)
 .data          0x0000000000018064        0x0 libgcc/libgcc.a(libunwind.o)
 .data          0x0000000000018064        0x0 libgcc/libgcc.a(pr-support.o)
 .data          0x0000000000018064        0x0 libgcc/libgcc.a(_clzsi2.o)

.bss            0x0000000000018068      0x620
 *(.bss)
 .bss           0x0000000000018068        0x0 build/contextSwitch.o
 .bss           0x0000000000018068        0x0 build/drawing.o
 .bss           0x0000000000018068        0x0 build/frameBufferInfo.o
 .bss           0x0000000000018068        0x0 build/gpioFunction.o
 .bss           0x0000000000018068        0x0 build/interruptsHandlers.o
 .bss           0x0000000000018068        0x0 build/mailbox.o
 .bss           0x0000000000018068        0x0 build/memoryCopy.o
 .bss           0x0000000000018068        0x0 build/start.o
 .bss           0x0000000000018068        0x0 build/bitmap.o
 .bss           0x0000000000018068       0x28 build/console.o
 .bss           0x0000000000018090        0x0 build/debug.o
 .bss           0x0000000000018090        0x0 build/framebuffer.o
 .bss           0x0000000000018090        0x0 build/gpio.o
 .bss           0x0000000000018090        0x0 build/hash.o
 .bss           0x0000000000018090       0x40 build/init.o
 .bss           0x00000000000180d0        0x0 build/list.o
 .bss           0x00000000000180d0      0x20c build/interrupt.o
 .bss           0x00000000000182dc      0x1e4 build/malloc.o
 .bss           0x00000000000184c0       0x40 build/palloc.o
 .bss           0x0000000000018500      0x104 build/random.o
 .bss           0x0000000000018604        0x0 build/serial.o
 .bss           0x0000000000018604        0x0 build/stdio.o
 .bss           0x0000000000018604        0x0 build/stdlib.o
 .bss           0x0000000000018604        0x0 build/string.o
 .bss           0x0000000000018604        0x0 build/synch.o
 .bss           0x0000000000018604        0x0 build/timer.o
 *fill*         0x0000000000018604        0x4 
 .bss           0x0000000000018608       0x60 build/thread.o
 .bss           0x0000000000018668       0x20 build/video.o
 .bss           0x0000000000018688        0x0 libgcc/libgcc.a(_udivsi3.o)
 .bss           0x0000000000018688        0x0 libgcc/libgcc.a(_divsi3.o)
 .bss           0x0000000000018688        0x0 libgcc/libgcc.a(_dvmd_tls.o)
 .bss           0x0000000000018688        0x0 libgcc/libgcc.a(_aeabi_uldivmod.o)
 .bss           0x0000000000018688        0x0 libgcc/libgcc.a(bpabi.o)
 .bss           0x0000000000018688        0x0 libgcc/libgcc.a(_divdi3.o)
 .bss           0x0000000000018688        0x0 libgcc/libgcc.a(_udivdi3.o)
 .bss           0x0000000000018688        0x0 libgcc/libgcc.a(unwind-arm.o)
 .bss           0x0000000000018688        0x0 libgcc/libgcc.a(libunwind.o)
 .bss           0x0000000000018688        0x0 libgcc/libgcc.a(pr-support.o)
 .bss           0x0000000000018688        0x0 libgcc/libgcc.a(_clzsi2.o)

.ARM.extab      0x0000000000018688       0x30
 *(.ARM.extab* .gnu.linkonce.armextab.*)
 .ARM.extab     0x0000000000018688        0x0 libgcc/libgcc.a(_divdi3.o)
 .ARM.extab     0x0000000000018688        0x0 libgcc/libgcc.a(_udivdi3.o)
 .ARM.extab     0x0000000000018688       0x18 libgcc/libgcc.a(unwind-arm.o)
 .ARM.extab     0x00000000000186a0       0x18 libgcc/libgcc.a(pr-support.o)
                0x00000000000186b8                __exidx_start = .

.ARM.exidx      0x00000000000186b8       0xd0
 *(.ARM.exidx* .gnu.linkonce.armexidx.*)
 .ARM.exidx     0x00000000000186b8        0x8 libgcc/libgcc.a(_divdi3.o)
 .ARM.exidx     0x00000000000186c0        0x0 libgcc/libgcc.a(_udivdi3.o)
                                          0x8 (size before relaxing)
 .ARM.exidx     0x00000000000186c0       0x90 libgcc/libgcc.a(unwind-arm.o)
                                         0xd8 (size before relaxing)
 .ARM.exidx     0x0000000000018750       0x38 libgcc/libgcc.a(pr-support.o)
                                         0x48 (size before relaxing)
                0x0000000000018788                __exidx_end = .

/DISCARD/
 *(*)
LOAD libgcc/libgcc.a
OUTPUT(build/output.elf elf32-littlearm)
