Archive member included because of file (symbol)

libgcc/libgcc.a(_udivsi3.o)   build/malloc.o (__aeabi_uidiv)
libgcc/libgcc.a(_divsi3.o)    build/stdio.o (__aeabi_idivmod)
libgcc/libgcc.a(_dvmd_tls.o)  libgcc/libgcc.a(_udivsi3.o) (__aeabi_idiv0)
libgcc/libgcc.a(_aeabi_uldivmod.o)
                              build/stdio.o (__aeabi_uldivmod)
libgcc/libgcc.a(bpabi.o)      libgcc/libgcc.a(_aeabi_uldivmod.o) (__gnu_uldivmod_helper)
libgcc/libgcc.a(_divdi3.o)    libgcc/libgcc.a(bpabi.o) (__divdi3)
libgcc/libgcc.a(_udivdi3.o)   libgcc/libgcc.a(bpabi.o) (__udivdi3)
libgcc/libgcc.a(unwind-arm.o)
                              libgcc/libgcc.a(_divdi3.o) (__aeabi_unwind_cpp_pr0)
libgcc/libgcc.a(libunwind.o)  libgcc/libgcc.a(unwind-arm.o) (restore_core_regs)
libgcc/libgcc.a(pr-support.o)
                              libgcc/libgcc.a(unwind-arm.o) (__gnu_unwind_execute)
libgcc/libgcc.a(_clzsi2.o)    libgcc/libgcc.a(_divdi3.o) (__clzsi2)

Discarded input sections

 .ARM.attributes
                0x0000000000000000       0x14 build/contextSwitch.o
 .ARM.attributes
                0x0000000000000000       0x14 build/drawing.o
 .ARM.attributes
                0x0000000000000000       0x14 build/frameBufferInfo.o
 .ARM.attributes
                0x0000000000000000       0x14 build/gpioFunction.o
 .ARM.attributes
                0x0000000000000000       0x14 build/interruptsHandlers.o
 .ARM.attributes
                0x0000000000000000       0x14 build/mailbox.o
 .ARM.attributes
                0x0000000000000000       0x14 build/memoryCopy.o
 .ARM.attributes
                0x0000000000000000       0x14 build/start.o
 .comment       0x0000000000000000       0x20 build/bitmap.o
 .ARM.attributes
                0x0000000000000000       0x38 build/bitmap.o
 .comment       0x0000000000000000       0x20 build/console.o
 .ARM.attributes
                0x0000000000000000       0x38 build/console.o
 .comment       0x0000000000000000       0x20 build/debug.o
 .ARM.attributes
                0x0000000000000000       0x38 build/debug.o
 .comment       0x0000000000000000       0x20 build/framebuffer.o
 .ARM.attributes
                0x0000000000000000       0x38 build/framebuffer.o
 .comment       0x0000000000000000       0x20 build/gpio.o
 .ARM.attributes
                0x0000000000000000       0x38 build/gpio.o
 .comment       0x0000000000000000       0x20 build/hash.o
 .ARM.attributes
                0x0000000000000000       0x38 build/hash.o
 .comment       0x0000000000000000       0x20 build/init.o
 .ARM.attributes
                0x0000000000000000       0x38 build/init.o
 .comment       0x0000000000000000       0x20 build/list.o
 .ARM.attributes
                0x0000000000000000       0x38 build/list.o
 .comment       0x0000000000000000       0x20 build/interrupt.o
 .ARM.attributes
                0x0000000000000000       0x38 build/interrupt.o
 .comment       0x0000000000000000       0x20 build/malloc.o
 .ARM.attributes
                0x0000000000000000       0x38 build/malloc.o
 .comment       0x0000000000000000       0x20 build/palloc.o
 .ARM.attributes
                0x0000000000000000       0x38 build/palloc.o
 .comment       0x0000000000000000       0x20 build/random.o
 .ARM.attributes
                0x0000000000000000       0x38 build/random.o
 .comment       0x0000000000000000       0x20 build/serial.o
 .ARM.attributes
                0x0000000000000000       0x38 build/serial.o
 .comment       0x0000000000000000       0x20 build/stdio.o
 .ARM.attributes
                0x0000000000000000       0x38 build/stdio.o
 .comment       0x0000000000000000       0x20 build/stdlib.o
 .ARM.attributes
                0x0000000000000000       0x38 build/stdlib.o
 .comment       0x0000000000000000       0x20 build/string.o
 .ARM.attributes
                0x0000000000000000       0x38 build/string.o
 .comment       0x0000000000000000       0x20 build/synch.o
 .ARM.attributes
                0x0000000000000000       0x38 build/synch.o
 .comment       0x0000000000000000       0x20 build/timer.o
 .ARM.attributes
                0x0000000000000000       0x38 build/timer.o
 .comment       0x0000000000000000       0x20 build/thread.o
 .ARM.attributes
                0x0000000000000000       0x38 build/thread.o
 .comment       0x0000000000000000       0x20 build/video.o
 .ARM.attributes
                0x0000000000000000       0x38 build/video.o
 .debug_frame   0x0000000000000000       0x20 libgcc/libgcc.a(_udivsi3.o)
 .ARM.attributes
                0x0000000000000000       0x18 libgcc/libgcc.a(_udivsi3.o)
 .debug_line    0x0000000000000000       0x8a libgcc/libgcc.a(_udivsi3.o)
 .debug_info    0x0000000000000000       0x99 libgcc/libgcc.a(_udivsi3.o)
 .debug_abbrev  0x0000000000000000       0x14 libgcc/libgcc.a(_udivsi3.o)
 .debug_aranges
                0x0000000000000000       0x20 libgcc/libgcc.a(_udivsi3.o)
 .debug_frame   0x0000000000000000       0x20 libgcc/libgcc.a(_divsi3.o)
 .ARM.attributes
                0x0000000000000000       0x18 libgcc/libgcc.a(_divsi3.o)
 .debug_line    0x0000000000000000       0x96 libgcc/libgcc.a(_divsi3.o)
 .debug_info    0x0000000000000000       0x99 libgcc/libgcc.a(_divsi3.o)
 .debug_abbrev  0x0000000000000000       0x14 libgcc/libgcc.a(_divsi3.o)
 .debug_aranges
                0x0000000000000000       0x20 libgcc/libgcc.a(_divsi3.o)
 .ARM.attributes
                0x0000000000000000       0x18 libgcc/libgcc.a(_dvmd_tls.o)
 .debug_line    0x0000000000000000       0x61 libgcc/libgcc.a(_dvmd_tls.o)
 .debug_info    0x0000000000000000       0x99 libgcc/libgcc.a(_dvmd_tls.o)
 .debug_abbrev  0x0000000000000000       0x14 libgcc/libgcc.a(_dvmd_tls.o)
 .debug_aranges
                0x0000000000000000       0x20 libgcc/libgcc.a(_dvmd_tls.o)
 .ARM.attributes
                0x0000000000000000       0x18 libgcc/libgcc.a(_aeabi_uldivmod.o)
 .debug_line    0x0000000000000000       0x66 libgcc/libgcc.a(_aeabi_uldivmod.o)
 .debug_info    0x0000000000000000       0x95 libgcc/libgcc.a(_aeabi_uldivmod.o)
 .debug_abbrev  0x0000000000000000       0x14 libgcc/libgcc.a(_aeabi_uldivmod.o)
 .debug_aranges
                0x0000000000000000       0x20 libgcc/libgcc.a(_aeabi_uldivmod.o)
 .debug_info    0x0000000000000000      0x174 libgcc/libgcc.a(bpabi.o)
 .debug_abbrev  0x0000000000000000       0xb7 libgcc/libgcc.a(bpabi.o)
 .debug_loc     0x0000000000000000       0xe0 libgcc/libgcc.a(bpabi.o)
 .debug_aranges
                0x0000000000000000       0x20 libgcc/libgcc.a(bpabi.o)
 .debug_line    0x0000000000000000       0x67 libgcc/libgcc.a(bpabi.o)
 .debug_str     0x0000000000000000       0xef libgcc/libgcc.a(bpabi.o)
 .comment       0x0000000000000000       0x12 libgcc/libgcc.a(bpabi.o)
 .ARM.attributes
                0x0000000000000000       0x30 libgcc/libgcc.a(bpabi.o)
 .debug_frame   0x0000000000000000       0x54 libgcc/libgcc.a(bpabi.o)
 .debug_info    0x0000000000000000      0x5ec libgcc/libgcc.a(_divdi3.o)
 .debug_abbrev  0x0000000000000000      0x165 libgcc/libgcc.a(_divdi3.o)
 .debug_loc     0x0000000000000000      0xb77 libgcc/libgcc.a(_divdi3.o)
 .debug_aranges
                0x0000000000000000       0x20 libgcc/libgcc.a(_divdi3.o)
 .debug_ranges  0x0000000000000000       0xc8 libgcc/libgcc.a(_divdi3.o)
 .debug_line    0x0000000000000000       0xdb libgcc/libgcc.a(_divdi3.o)
 .debug_str     0x0000000000000000      0x1a3 libgcc/libgcc.a(_divdi3.o)
 .comment       0x0000000000000000       0x12 libgcc/libgcc.a(_divdi3.o)
 .ARM.attributes
                0x0000000000000000       0x30 libgcc/libgcc.a(_divdi3.o)
 .debug_frame   0x0000000000000000       0x38 libgcc/libgcc.a(_divdi3.o)
 .debug_info    0x0000000000000000      0x5ab libgcc/libgcc.a(_udivdi3.o)
 .debug_abbrev  0x0000000000000000      0x154 libgcc/libgcc.a(_udivdi3.o)
 .debug_loc     0x0000000000000000      0xc8c libgcc/libgcc.a(_udivdi3.o)
 .debug_aranges
                0x0000000000000000       0x20 libgcc/libgcc.a(_udivdi3.o)
 .debug_ranges  0x0000000000000000       0xd8 libgcc/libgcc.a(_udivdi3.o)
 .debug_line    0x0000000000000000       0xce libgcc/libgcc.a(_udivdi3.o)
 .debug_str     0x0000000000000000      0x1a4 libgcc/libgcc.a(_udivdi3.o)
 .comment       0x0000000000000000       0x12 libgcc/libgcc.a(_udivdi3.o)
 .ARM.attributes
                0x0000000000000000       0x30 libgcc/libgcc.a(_udivdi3.o)
 .debug_frame   0x0000000000000000       0x38 libgcc/libgcc.a(_udivdi3.o)
 .debug_info    0x0000000000000000     0x1d4d libgcc/libgcc.a(unwind-arm.o)
 .debug_abbrev  0x0000000000000000      0x48f libgcc/libgcc.a(unwind-arm.o)
 .debug_loc     0x0000000000000000     0x18d0 libgcc/libgcc.a(unwind-arm.o)
 .debug_aranges
                0x0000000000000000       0x20 libgcc/libgcc.a(unwind-arm.o)
 .debug_ranges  0x0000000000000000      0x138 libgcc/libgcc.a(unwind-arm.o)
 .debug_line    0x0000000000000000      0x538 libgcc/libgcc.a(unwind-arm.o)
 .debug_str     0x0000000000000000      0xb7f libgcc/libgcc.a(unwind-arm.o)
 .comment       0x0000000000000000       0x12 libgcc/libgcc.a(unwind-arm.o)
 .ARM.attributes
                0x0000000000000000       0x30 libgcc/libgcc.a(unwind-arm.o)
 .debug_frame   0x0000000000000000      0x290 libgcc/libgcc.a(unwind-arm.o)
 .ARM.attributes
                0x0000000000000000       0x1c libgcc/libgcc.a(libunwind.o)
 .debug_line    0x0000000000000000       0xaf libgcc/libgcc.a(libunwind.o)
 .debug_info    0x0000000000000000       0x99 libgcc/libgcc.a(libunwind.o)
 .debug_abbrev  0x0000000000000000       0x14 libgcc/libgcc.a(libunwind.o)
 .debug_aranges
                0x0000000000000000       0x20 libgcc/libgcc.a(libunwind.o)
 .debug_info    0x0000000000000000      0xa5b libgcc/libgcc.a(pr-support.o)
 .debug_abbrev  0x0000000000000000      0x26c libgcc/libgcc.a(pr-support.o)
 .debug_loc     0x0000000000000000      0x652 libgcc/libgcc.a(pr-support.o)
 .debug_aranges
                0x0000000000000000       0x20 libgcc/libgcc.a(pr-support.o)
 .debug_ranges  0x0000000000000000       0x48 libgcc/libgcc.a(pr-support.o)
 .debug_line    0x0000000000000000      0x1c4 libgcc/libgcc.a(pr-support.o)
 .debug_str     0x0000000000000000      0x4de libgcc/libgcc.a(pr-support.o)
 .comment       0x0000000000000000       0x12 libgcc/libgcc.a(pr-support.o)
 .ARM.attributes
                0x0000000000000000       0x30 libgcc/libgcc.a(pr-support.o)
 .debug_frame   0x0000000000000000       0xe4 libgcc/libgcc.a(pr-support.o)
 .ARM.attributes
                0x0000000000000000       0x18 libgcc/libgcc.a(_clzsi2.o)
 .debug_line    0x0000000000000000       0x6e libgcc/libgcc.a(_clzsi2.o)
 .debug_info    0x0000000000000000       0x99 libgcc/libgcc.a(_clzsi2.o)
 .debug_abbrev  0x0000000000000000       0x14 libgcc/libgcc.a(_clzsi2.o)
 .debug_aranges
                0x0000000000000000       0x20 libgcc/libgcc.a(_clzsi2.o)

Memory Configuration

Name             Origin             Length             Attributes
*default*        0x0000000000000000 0xffffffffffffffff

Linker script and memory map

LOAD build/contextSwitch.o
LOAD build/drawing.o
LOAD build/frameBufferInfo.o
LOAD build/gpioFunction.o
LOAD build/interruptsHandlers.o
LOAD build/mailbox.o
LOAD build/memoryCopy.o
LOAD build/start.o
LOAD build/bitmap.o
LOAD build/console.o
LOAD build/debug.o
LOAD build/framebuffer.o
LOAD build/gpio.o
LOAD build/hash.o
LOAD build/init.o
LOAD build/list.o
LOAD build/interrupt.o
LOAD build/malloc.o
LOAD build/palloc.o
LOAD build/random.o
LOAD build/serial.o
LOAD build/stdio.o
LOAD build/stdlib.o
LOAD build/string.o
LOAD build/synch.o
LOAD build/timer.o
LOAD build/thread.o
LOAD build/video.o

.init           0x0000000000008000       0x8c
 *(.init)
 .init          0x0000000000008000       0x8c build/start.o
                0x0000000000008000                _start

.text           0x000000000000808c     0xd828
 *(.text)
 .text          0x000000000000808c       0xd4 build/contextSwitch.o
                0x000000000000808c                save_context
                0x00000000000080e8                save_and_switch_context
 .text          0x0000000000008160      0x178 build/drawing.o
                0x0000000000008160                SetForeColour
                0x0000000000008178                GetForeColour
                0x0000000000008184                SetGraphicsAddress
                0x0000000000008190                GetGraphicsAddress
                0x000000000000819c                DrawPixel
                0x00000000000081e4                DrawLine
                0x0000000000008260                DrawCharacter
 .text          0x00000000000082d8       0x60 build/frameBufferInfo.o
                0x00000000000082d8                InitialiseFrameBuffer
 .text          0x0000000000008338       0x98 build/gpioFunction.o
                0x0000000000008338                GetGpioAddress
                0x0000000000008340                SetGpioFunction
                0x0000000000008390                SetGpio
 .text          0x00000000000083d0      0x130 build/interruptsHandlers.o
                0x00000000000083d0                print_executing_interrupt
                0x00000000000083e0                generate_swi_interrupt
                0x00000000000083e8                swi_handler_int
                0x000000000000844c                irq_handler_int
                0x00000000000084ac                get_cpsr_value
                0x00000000000084b4                enable_irq_interruptions
                0x00000000000084c4                disable_irq_interruptions
                0x00000000000084d4                enable_fiq_interruptions
                0x00000000000084e4                disable_fiq_interruptions
                0x00000000000084f4                get_current_sp
 .text          0x0000000000008500       0x6c build/mailbox.o
                0x0000000000008500                GetMailboxBase
                0x0000000000008508                MailboxRead
                0x000000000000853c                MailboxWrite
 .text          0x000000000000856c       0x70 build/memoryCopy.o
                0x000000000000856c                memory_fastest_copy
                0x00000000000085bc                memory_fast_copy
 .text          0x00000000000085dc        0x0 build/start.o
 .text          0x00000000000085dc      0x9e4 build/bitmap.o
                0x000000000000868c                bitmap_create
                0x0000000000008730                bitmap_create_in_buf
                0x00000000000087c0                bitmap_buf_size
                0x00000000000087ec                bitmap_destroy
                0x0000000000008828                bitmap_size
                0x0000000000008850                bitmap_set
                0x00000000000088f0                bitmap_test
                0x00000000000089a4                bitmap_set_all
                0x0000000000008a0c                bitmap_set_multiple
                0x0000000000008afc                bitmap_mark
                0x0000000000008b68                bitmap_reset
                0x0000000000008bd8                bitmap_contains
                0x0000000000008ce0                bitmap_any
                0x0000000000008d1c                bitmap_none
                0x0000000000008d78                bitmap_all
                0x0000000000008dd4                bitmap_scan
                0x0000000000008ef4                bitmap_scan_and_flip
                0x0000000000008f78                bitmap_dump
 .text          0x0000000000008fc0      0x3b8 build/console.o
                0x0000000000008fc0                console_init
                0x0000000000008fe8                console_panic
                0x000000000000900c                console_print_stats
                0x000000000000917c                vprintf
                0x00000000000091c8                puts
                0x0000000000009224                putbuf
                0x0000000000009278                putchar
 .text          0x0000000000009378      0x128 build/debug.o
                0x0000000000009378                debug_panic
                0x00000000000093fc                debug_print_bits_int
                0x0000000000009478                abort
 .text          0x00000000000094a0       0x58 build/framebuffer.o
                0x00000000000094a0                framebuffer_init
 .text          0x00000000000094f8       0x50 build/gpio.o
                0x00000000000094f8                gpio_enable_function
                0x0000000000009520                gpio_set_register
 .text          0x0000000000009548      0xc28 build/hash.o
                0x0000000000009548                hash_init
                0x00000000000095f8                hash_clear
                0x00000000000096cc                hash_destroy
                0x0000000000009710                hash_insert
                0x000000000000977c                hash_replace
                0x00000000000097f4                hash_find
                0x0000000000009838                hash_delete
                0x00000000000098a0                hash_apply
                0x000000000000998c                hash_first
                0x0000000000009a38                hash_next
                0x0000000000009b54                hash_cur
                0x0000000000009b7c                hash_size
                0x0000000000009ba4                hash_empty
                0x0000000000009bdc                hash_bytes
                0x0000000000009c80                hash_string
                0x0000000000009d1c                hash_int
 .text          0x000000000000a170      0x380 build/init.o
                0x000000000000a19c                init
 .text          0x000000000000a4f0     0x1284 build/list.o
                0x000000000000a610                list_init
                0x000000000000a688                list_begin
                0x000000000000a6d8                list_next
                0x000000000000a744                list_end
                0x000000000000a794                list_rbegin
                0x000000000000a7e4                list_prev
                0x000000000000a850                list_rend
                0x000000000000a89c                list_head
                0x000000000000a8e8                list_tail
                0x000000000000a938                list_insert
                0x000000000000a9f4                list_splice
                0x000000000000ab2c                list_push_front
                0x000000000000ab60                list_push_back
                0x000000000000ab94                list_remove
                0x000000000000ac14                list_pop_front
                0x000000000000ac48                list_pop_back
                0x000000000000ac7c                list_front
                0x000000000000acdc                list_back
                0x000000000000ad40                list_size
                0x000000000000ada8                list_empty
                0x000000000000ae34                list_reverse
                0x000000000000b24c                list_sort
                0x000000000000b3dc                list_insert_ordered
                0x000000000000b4e0                list_unique
                0x000000000000b624                list_max
                0x000000000000b6cc                list_min
 .text          0x000000000000b774      0x9b4 build/interrupt.o
                0x000000000000b774                interrupts_init
                0x000000000000b81c                interrupts_register_irq
                0x000000000000b898                interrupts_register_swi
                0x000000000000b8d8                interrupts_get_irq_name
                0x000000000000b930                interrupts_get_swi_name
                0x000000000000b954                interrupts_get_level
                0x000000000000b98c                interrupts_set_level
                0x000000000000b9cc                interrupts_enable
                0x000000000000b9f8                interrupts_disable
                0x000000000000ba24                interrupts_print_status
                0x000000000000bac0                interrupts_context
                0x000000000000bae4                interrupts_was_irq_generated
                0x000000000000bb08                interrupts_yield_on_return
                0x000000000000bb2c                interrupts_dispatch_irq
                0x000000000000bd74                interrupts_dispatch_swi
                0x000000000000be18                interrupts_debug
 .text          0x000000000000c128      0x8b0 build/malloc.o
                0x000000000000c180                malloc_init
                0x000000000000c288                malloc
                0x000000000000c4e8                calloc
                0x000000000000c5e0                realloc
                0x000000000000c680                free
 .text          0x000000000000c9d8      0x578 build/palloc.o
                0x000000000000ca2c                palloc_init
                0x000000000000cb00                palloc_get_multiple
                0x000000000000cc34                palloc_get_page
                0x000000000000cc68                palloc_free_multiple
                0x000000000000cdd0                palloc_free_page
 .text          0x000000000000cf50      0x2b8 build/random.o
                0x000000000000cf98                random_init
                0x000000000000d0b4                random_bytes
                0x000000000000d1dc                random_ulong
 .text          0x000000000000d208      0x32c build/serial.o
                0x000000000000d208                serial_init
                0x000000000000d218                serial_putc
                0x000000000000d240                serial_flush
                0x000000000000d254                serial_notify
                0x000000000000d2fc                uart_init
                0x000000000000d3bc                uart_putc_helper
                0x000000000000d40c                uart_putc
                0x000000000000d454                uart_getc
                0x000000000000d498                uart_write
                0x000000000000d4f4                uart_puts
                0x000000000000d524                test_serial
 .text          0x000000000000d534     0x1764 build/stdio.o
                0x000000000000d5bc                vsnprintf
                0x000000000000d6b4                snprintf
                0x000000000000d704                printf
                0x000000000000d744                __vprintf
                0x000000000000e8e8                __printf
                0x000000000000e92c                hex_dump
                0x000000000000ebe4                print_human_readable_size
 .text          0x000000000000ec98      0x764 build/stdlib.o
                0x000000000000ed50                atoi
                0x000000000000eed8                qsort
                0x000000000000f168                sort
                0x000000000000f2b4                bsearch
                0x000000000000f308                binary_search
 .text          0x000000000000f3fc      0xcf0 build/string.o
                0x000000000000f3fc                memcpy
                0x000000000000f4d0                memmove
                0x000000000000f618                memcmp
                0x000000000000f724                strcmp
                0x000000000000f824                memchr
                0x000000000000f8d4                strchr
                0x000000000000f96c                strcspn
                0x000000000000f9ec                strpbrk
                0x000000000000fa58                strrchr
                0x000000000000facc                strspn
                0x000000000000fb4c                strstr
                0x000000000000fc00                strtok_r
                0x000000000000fd74                memset
                0x000000000000fe10                strlen
                0x000000000000fe90                strnlen
                0x000000000000fef8                strlcpy
                0x000000000000ffd0                strlcat
 .text          0x00000000000100ec      0x950 build/synch.o
                0x00000000000100ec                sema_init
                0x0000000000010150                sema_down
                0x0000000000010224                sema_try_down
                0x00000000000102c0                sema_up
                0x0000000000010378                sema_self_test
                0x0000000000010468                lock_init
                0x00000000000104cc                lock_acquire
                0x000000000001058c                lock_try_acquire
                0x000000000001063c                lock_release
                0x00000000000106c4                lock_held_by_current_thread
                0x000000000001072c                cond_init
                0x0000000000010780                cond_wait
                0x0000000000010890                cond_signal
                0x000000000001099c                cond_broadcast
 .text          0x0000000000010a3c      0x1cc build/timer.o
                0x0000000000010a3c                timer_init
                0x0000000000010a7c                timer_get_timestamp
                0x0000000000010aa0                timer_msleep
 .text          0x0000000000010c08     0x1368 build/thread.o
                0x0000000000010c34                thread_init
                0x0000000000010ed4                thread_start
                0x0000000000010f24                thread_tick
                0x0000000000010fcc                thread_print_stats
                0x0000000000010fe0                thread_create
                0x00000000000111c0                thread_wait
                0x0000000000011288                thread_block
                0x0000000000011308                thread_unblock
                0x00000000000113b8                thread_name
                0x00000000000113d4                thread_current
                0x0000000000011458                thread_tid
                0x0000000000011474                thread_exit
                0x0000000000011598                thread_yield
                0x000000000001196c                thread_schedule_tail
                0x0000000000011a3c                thread_foreach
                0x0000000000011ae4                thread_set_priority
                0x0000000000011b0c                thread_get_priority
                0x0000000000011b28                thread_set_nice
                0x0000000000011b44                thread_get_nice
                0x0000000000011b60                thread_get_load_avg
                0x0000000000011b7c                thread_get_recent_cpu
                0x0000000000011d30                my_order_function
 .text          0x0000000000011f70      0x958 build/video.o
                0x0000000000011f70                video_init
                0x0000000000011fec                video_clean
                0x00000000000120a0                video_putc
 .text          0x00000000000128c8      0x114 libgcc/libgcc.a(_udivsi3.o)
                0x00000000000128c8                __udivsi3
                0x00000000000128c8                __aeabi_uidiv
                0x00000000000129bc                __aeabi_uidivmod
 .text          0x00000000000129dc      0x148 libgcc/libgcc.a(_divsi3.o)
                0x00000000000129dc                __aeabi_idiv
                0x00000000000129dc                __divsi3
                0x0000000000012b04                __aeabi_idivmod
 .text          0x0000000000012b24        0x4 libgcc/libgcc.a(_dvmd_tls.o)
                0x0000000000012b24                __aeabi_ldiv0
                0x0000000000012b24                __aeabi_idiv0
 .text          0x0000000000012b28       0x3c libgcc/libgcc.a(_aeabi_uldivmod.o)
                0x0000000000012b28                __aeabi_uldivmod
 .text          0x0000000000012b64       0x84 libgcc/libgcc.a(bpabi.o)
                0x0000000000012b64                __gnu_ldivmod_helper
                0x0000000000012ba8                __gnu_uldivmod_helper
 .text          0x0000000000012be8      0x4f8 libgcc/libgcc.a(_divdi3.o)
                0x0000000000012be8                __divdi3
 .text          0x00000000000130e0      0x498 libgcc/libgcc.a(_udivdi3.o)
                0x00000000000130e0                __udivdi3
 .text          0x0000000000013578      0xfb0 libgcc/libgcc.a(unwind-arm.o)
                0x0000000000013a00                _Unwind_GetCFA
                0x0000000000013a08                __gnu_Unwind_RaiseException
                0x0000000000013ab4                __gnu_Unwind_ForcedUnwind
                0x0000000000013ad8                __gnu_Unwind_Resume
                0x0000000000013b50                __gnu_Unwind_Resume_or_Rethrow
                0x0000000000013b70                _Unwind_Complete
                0x0000000000013b74                _Unwind_DeleteException
                0x0000000000013b98                _Unwind_VRS_Get
                0x0000000000013c0c                _Unwind_VRS_Set
                0x00000000000140b0                __aeabi_unwind_cpp_pr2
                0x00000000000140b8                __aeabi_unwind_cpp_pr1
                0x00000000000140c0                __aeabi_unwind_cpp_pr0
                0x00000000000140c8                __gnu_Unwind_Backtrace
                0x0000000000014194                _Unwind_VRS_Pop
 .text          0x0000000000014528      0x1b0 libgcc/libgcc.a(libunwind.o)
                0x0000000000014528                __restore_core_regs
                0x0000000000014528                restore_core_regs
                0x0000000000014544                __gnu_Unwind_Restore_VFP
                0x000000000001454c                __gnu_Unwind_Save_VFP
                0x0000000000014554                __gnu_Unwind_Restore_VFP_D
                0x000000000001455c                __gnu_Unwind_Save_VFP_D
                0x0000000000014564                __gnu_Unwind_Restore_VFP_D_16_to_31
                0x000000000001456c                __gnu_Unwind_Save_VFP_D_16_to_31
                0x0000000000014574                __gnu_Unwind_Restore_WMMXD
                0x00000000000145b8                __gnu_Unwind_Save_WMMXD
                0x00000000000145fc                __gnu_Unwind_Restore_WMMXC
                0x0000000000014610                __gnu_Unwind_Save_WMMXC
                0x0000000000014624                ___Unwind_RaiseException
                0x0000000000014624                _Unwind_RaiseException
                0x0000000000014648                ___Unwind_Resume
                0x0000000000014648                _Unwind_Resume
                0x000000000001466c                _Unwind_Resume_or_Rethrow
                0x000000000001466c                ___Unwind_Resume_or_Rethrow
                0x0000000000014690                ___Unwind_ForcedUnwind
                0x0000000000014690                _Unwind_ForcedUnwind
                0x00000000000146b4                _Unwind_Backtrace
                0x00000000000146b4                ___Unwind_Backtrace
 .text          0x00000000000146d8      0x53c libgcc/libgcc.a(pr-support.o)
                0x000000000001476c                __gnu_unwind_execute
                0x0000000000014b88                __gnu_unwind_frame
                0x0000000000014bd0                _Unwind_GetRegionStart
                0x0000000000014be4                _Unwind_GetLanguageSpecificData
                0x0000000000014c04                _Unwind_GetDataRelBase
                0x0000000000014c0c                _Unwind_GetTextRelBase
 .text          0x0000000000014c14       0x48 libgcc/libgcc.a(_clzsi2.o)
                0x0000000000014c14                __clzsi2
 *(.rodata)
 .rodata        0x0000000000014c5c       0x98 build/bitmap.o
 .rodata        0x0000000000014cf4       0x64 build/console.o
 .rodata        0x0000000000014d58       0x70 build/debug.o
 .rodata        0x0000000000014dc8       0x6c build/hash.o
 .rodata        0x0000000000014e34      0x1b4 build/init.o
 .rodata        0x0000000000014fe8      0x11c build/list.o
 .rodata        0x0000000000015104      0x168 build/interrupt.o
 .rodata        0x000000000001526c       0x78 build/malloc.o
 .rodata        0x00000000000152e4       0xf8 build/palloc.o
 .rodata        0x00000000000153dc      0x134 build/stdio.o
 .rodata        0x0000000000015510       0x34 build/stdlib.o
 .rodata        0x0000000000015544       0x80 build/string.o
 .rodata        0x00000000000155c4       0xf0 build/synch.o
 .rodata        0x00000000000156b4       0x30 build/timer.o
 .rodata        0x00000000000156e4      0x1d0 build/thread.o

.data           0x0000000000016000     0x2064
 *(.data)
 .data          0x0000000000016000        0x0 build/contextSwitch.o
 .data          0x0000000000016000      0x810 build/drawing.o
 *fill*         0x0000000000016810      0x7f0 
 .data          0x0000000000017000     0x1000 build/frameBufferInfo.o
                0x0000000000017000                FrameBufferInfo
 .data          0x0000000000018000        0x0 build/gpioFunction.o
 .data          0x0000000000018000       0x40 build/interruptsHandlers.o
                0x0000000000018000                exec_int_msg
 .data          0x0000000000018040        0x0 build/mailbox.o
 .data          0x0000000000018040        0x0 build/memoryCopy.o
 .data          0x0000000000018040        0x0 build/start.o
 .data          0x0000000000018040        0x0 build/bitmap.o
 .data          0x0000000000018040        0x0 build/console.o
 .data          0x0000000000018040        0x0 build/debug.o
 .data          0x0000000000018040        0x0 build/framebuffer.o
 .data          0x0000000000018040        0x0 build/gpio.o
 .data          0x0000000000018040        0x0 build/hash.o
 .data          0x0000000000018040        0x4 build/init.o
 .data          0x0000000000018044        0x0 build/list.o
 .data          0x0000000000018044        0x0 build/interrupt.o
 .data          0x0000000000018044        0x0 build/malloc.o
 .data          0x0000000000018044        0x0 build/palloc.o
 .data          0x0000000000018044        0x0 build/random.o
 .data          0x0000000000018044        0x0 build/serial.o
 .data          0x0000000000018044       0x18 build/stdio.o
 .data          0x000000000001805c        0x0 build/stdlib.o
 .data          0x000000000001805c        0x0 build/string.o
 .data          0x000000000001805c        0x0 build/synch.o
 .data          0x000000000001805c        0x0 build/timer.o
 .data          0x000000000001805c        0x8 build/thread.o
 .data          0x0000000000018064        0x0 build/video.o
 .data          0x0000000000018064        0x0 libgcc/libgcc.a(_udivsi3.o)
 .data          0x0000000000018064        0x0 libgcc/libgcc.a(_divsi3.o)
 .data          0x0000000000018064        0x0 libgcc/libgcc.a(_dvmd_tls.o)
 .data          0x0000000000018064        0x0 libgcc/libgcc.a(_aeabi_uldivmod.o)
 .data          0x0000000000018064        0x0 libgcc/libgcc.a(bpabi.o)
 .data          0x0000000000018064        0x0 libgcc/libgcc.a(_divdi3.o)
 .data          0x0000000000018064        0x0 libgcc/libgcc.a(_udivdi3.o)
 .data          0x0000000000018064        0x0 libgcc/libgcc.a(unwind-arm.o)
 .data          0x0000000000018064        0x0 libgcc/libgcc.a(libunwind.o)
 .data          0x0000000000018064        0x0 libgcc/libgcc.a(pr-support.o)
 .data          0x0000000000018064        0x0 libgcc/libgcc.a(_clzsi2.o)

.bss            0x0000000000018068      0x620
 *(.bss)
 .bss           0x0000000000018068        0x0 build/contextSwitch.o
 .bss           0x0000000000018068        0x0 build/drawing.o
 .bss           0x0000000000018068        0x0 build/frameBufferInfo.o
 .bss           0x0000000000018068        0x0 build/gpioFunction.o
 .bss           0x0000000000018068        0x0 build/interruptsHandlers.o
 .bss           0x0000000000018068        0x0 build/mailbox.o
 .bss           0x0000000000018068        0x0 build/memoryCopy.o
 .bss           0x0000000000018068        0x0 build/start.o
 .bss           0x0000000000018068        0x0 build/bitmap.o
 .bss           0x0000000000018068       0x28 build/console.o
 .bss           0x0000000000018090        0x0 build/debug.o
 .bss           0x0000000000018090        0x0 build/framebuffer.o
 .bss           0x0000000000018090        0x0 build/gpio.o
 .bss           0x0000000000018090        0x0 build/hash.o
 .bss           0x0000000000018090       0x40 build/init.o
 .bss           0x00000000000180d0        0x0 build/list.o
 .bss           0x00000000000180d0      0x20c build/interrupt.o
 .bss           0x00000000000182dc      0x1e4 build/malloc.o
 .bss           0x00000000000184c0       0x40 build/palloc.o
 .bss           0x0000000000018500      0x104 build/random.o
 .bss           0x0000000000018604        0x0 build/serial.o
 .bss           0x0000000000018604        0x0 build/stdio.o
 .bss           0x0000000000018604        0x0 build/stdlib.o
 .bss           0x0000000000018604        0x0 build/string.o
 .bss           0x0000000000018604        0x0 build/synch.o
 .bss           0x0000000000018604        0x0 build/timer.o
 *fill*         0x0000000000018604        0x4 
 .bss           0x0000000000018608       0x60 build/thread.o
 .bss           0x0000000000018668       0x20 build/video.o
 .bss           0x0000000000018688        0x0 libgcc/libgcc.a(_udivsi3.o)
 .bss           0x0000000000018688        0x0 libgcc/libgcc.a(_divsi3.o)
 .bss           0x0000000000018688        0x0 libgcc/libgcc.a(_dvmd_tls.o)
 .bss           0x0000000000018688        0x0 libgcc/libgcc.a(_aeabi_uldivmod.o)
 .bss           0x0000000000018688        0x0 libgcc/libgcc.a(bpabi.o)
 .bss           0x0000000000018688        0x0 libgcc/libgcc.a(_divdi3.o)
 .bss           0x0000000000018688        0x0 libgcc/libgcc.a(_udivdi3.o)
 .bss           0x0000000000018688        0x0 libgcc/libgcc.a(unwind-arm.o)
 .bss           0x0000000000018688        0x0 libgcc/libgcc.a(libunwind.o)
 .bss           0x0000000000018688        0x0 libgcc/libgcc.a(pr-support.o)
 .bss           0x0000000000018688        0x0 libgcc/libgcc.a(_clzsi2.o)

.ARM.extab      0x0000000000018688       0x30
 *(.ARM.extab* .gnu.linkonce.armextab.*)
 .ARM.extab     0x0000000000018688        0x0 libgcc/libgcc.a(_divdi3.o)
 .ARM.extab     0x0000000000018688        0x0 libgcc/libgcc.a(_udivdi3.o)
 .ARM.extab     0x0000000000018688       0x18 libgcc/libgcc.a(unwind-arm.o)
 .ARM.extab     0x00000000000186a0       0x18 libgcc/libgcc.a(pr-support.o)
                0x00000000000186b8                __exidx_start = .

.ARM.exidx      0x00000000000186b8       0xd0
 *(.ARM.exidx* .gnu.linkonce.armexidx.*)
 .ARM.exidx     0x00000000000186b8        0x8 libgcc/libgcc.a(_divdi3.o)
 .ARM.exidx     0x00000000000186c0        0x0 libgcc/libgcc.a(_udivdi3.o)
                                          0x8 (size before relaxing)
 .ARM.exidx     0x00000000000186c0       0x90 libgcc/libgcc.a(unwind-arm.o)
                                         0xd8 (size before relaxing)
 .ARM.exidx     0x0000000000018750       0x38 libgcc/libgcc.a(pr-support.o)
                                         0x48 (size before relaxing)
                0x0000000000018788                __exidx_end = .

/DISCARD/
 *(*)
LOAD libgcc/libgcc.a
OUTPUT(build/output.elf elf32-littlearm)
