Archive member included because of file (symbol)

libgcc/libgcc.a(_udivsi3.o)   build/malloc.o (__aeabi_uidiv)
libgcc/libgcc.a(_divsi3.o)    build/stdio.o (__aeabi_idivmod)
libgcc/libgcc.a(_dvmd_tls.o)  libgcc/libgcc.a(_udivsi3.o) (__aeabi_idiv0)
libgcc/libgcc.a(_aeabi_uldivmod.o)
                              build/stdio.o (__aeabi_uldivmod)
libgcc/libgcc.a(bpabi.o)      libgcc/libgcc.a(_aeabi_uldivmod.o) (__gnu_uldivmod_helper)
libgcc/libgcc.a(_divdi3.o)    libgcc/libgcc.a(bpabi.o) (__divdi3)
libgcc/libgcc.a(_udivdi3.o)   libgcc/libgcc.a(bpabi.o) (__udivdi3)
libgcc/libgcc.a(unwind-arm.o)
                              libgcc/libgcc.a(_divdi3.o) (__aeabi_unwind_cpp_pr0)
libgcc/libgcc.a(libunwind.o)  libgcc/libgcc.a(unwind-arm.o) (restore_core_regs)
libgcc/libgcc.a(pr-support.o)
                              libgcc/libgcc.a(unwind-arm.o) (__gnu_unwind_execute)
libgcc/libgcc.a(_clzsi2.o)    libgcc/libgcc.a(_divdi3.o) (__clzsi2)

Discarded input sections

 .ARM.attributes
                0x0000000000000000       0x14 build/contextSwitch.o
 .ARM.attributes
                0x0000000000000000       0x14 build/drawing.o
 .ARM.attributes
                0x0000000000000000       0x14 build/frameBufferInfo.o
 .ARM.attributes
                0x0000000000000000       0x14 build/gpioFunction.o
 .ARM.attributes
                0x0000000000000000       0x14 build/interruptsHandlers.o
 .ARM.attributes
                0x0000000000000000       0x14 build/mailbox.o
 .ARM.attributes
                0x0000000000000000       0x14 build/memoryCopy.o
 .ARM.attributes
                0x0000000000000000       0x16 build/start.o
 .comment       0x0000000000000000       0x20 build/bitmap.o
 .ARM.attributes
                0x0000000000000000       0x38 build/bitmap.o
 .comment       0x0000000000000000       0x20 build/console.o
 .ARM.attributes
                0x0000000000000000       0x38 build/console.o
 .comment       0x0000000000000000       0x20 build/debug.o
 .ARM.attributes
                0x0000000000000000       0x38 build/debug.o
 .comment       0x0000000000000000       0x20 build/framebuffer.o
 .ARM.attributes
                0x0000000000000000       0x38 build/framebuffer.o
 .comment       0x0000000000000000       0x20 build/gpio.o
 .ARM.attributes
                0x0000000000000000       0x38 build/gpio.o
 .comment       0x0000000000000000       0x20 build/hash.o
 .ARM.attributes
                0x0000000000000000       0x38 build/hash.o
 .comment       0x0000000000000000       0x20 build/init.o
 .ARM.attributes
                0x0000000000000000       0x38 build/init.o
 .comment       0x0000000000000000       0x20 build/list.o
 .ARM.attributes
                0x0000000000000000       0x38 build/list.o
 .comment       0x0000000000000000       0x20 build/interrupt.o
 .ARM.attributes
                0x0000000000000000       0x38 build/interrupt.o
 .comment       0x0000000000000000       0x20 build/malloc.o
 .ARM.attributes
                0x0000000000000000       0x38 build/malloc.o
 .comment       0x0000000000000000       0x20 build/palloc.o
 .ARM.attributes
                0x0000000000000000       0x38 build/palloc.o
 .comment       0x0000000000000000       0x20 build/random.o
 .ARM.attributes
                0x0000000000000000       0x38 build/random.o
 .comment       0x0000000000000000       0x20 build/serial.o
 .ARM.attributes
                0x0000000000000000       0x38 build/serial.o
 .comment       0x0000000000000000       0x20 build/stdio.o
 .ARM.attributes
                0x0000000000000000       0x38 build/stdio.o
 .comment       0x0000000000000000       0x20 build/stdlib.o
 .ARM.attributes
                0x0000000000000000       0x38 build/stdlib.o
 .comment       0x0000000000000000       0x20 build/string.o
 .ARM.attributes
                0x0000000000000000       0x38 build/string.o
 .comment       0x0000000000000000       0x20 build/synch.o
 .ARM.attributes
                0x0000000000000000       0x38 build/synch.o
 .comment       0x0000000000000000       0x20 build/timer.o
 .ARM.attributes
                0x0000000000000000       0x38 build/timer.o
 .comment       0x0000000000000000       0x20 build/thread.o
 .ARM.attributes
                0x0000000000000000       0x38 build/thread.o
 .comment       0x0000000000000000       0x20 build/video.o
 .ARM.attributes
                0x0000000000000000       0x38 build/video.o
 .debug_frame   0x0000000000000000       0x20 libgcc/libgcc.a(_udivsi3.o)
 .ARM.attributes
                0x0000000000000000       0x18 libgcc/libgcc.a(_udivsi3.o)
 .debug_line    0x0000000000000000       0x8a libgcc/libgcc.a(_udivsi3.o)
 .debug_info    0x0000000000000000       0x99 libgcc/libgcc.a(_udivsi3.o)
 .debug_abbrev  0x0000000000000000       0x14 libgcc/libgcc.a(_udivsi3.o)
 .debug_aranges
                0x0000000000000000       0x20 libgcc/libgcc.a(_udivsi3.o)
 .debug_frame   0x0000000000000000       0x20 libgcc/libgcc.a(_divsi3.o)
 .ARM.attributes
                0x0000000000000000       0x18 libgcc/libgcc.a(_divsi3.o)
 .debug_line    0x0000000000000000       0x96 libgcc/libgcc.a(_divsi3.o)
 .debug_info    0x0000000000000000       0x99 libgcc/libgcc.a(_divsi3.o)
 .debug_abbrev  0x0000000000000000       0x14 libgcc/libgcc.a(_divsi3.o)
 .debug_aranges
                0x0000000000000000       0x20 libgcc/libgcc.a(_divsi3.o)
 .ARM.attributes
                0x0000000000000000       0x18 libgcc/libgcc.a(_dvmd_tls.o)
 .debug_line    0x0000000000000000       0x61 libgcc/libgcc.a(_dvmd_tls.o)
 .debug_info    0x0000000000000000       0x99 libgcc/libgcc.a(_dvmd_tls.o)
 .debug_abbrev  0x0000000000000000       0x14 libgcc/libgcc.a(_dvmd_tls.o)
 .debug_aranges
                0x0000000000000000       0x20 libgcc/libgcc.a(_dvmd_tls.o)
 .ARM.attributes
                0x0000000000000000       0x18 libgcc/libgcc.a(_aeabi_uldivmod.o)
 .debug_line    0x0000000000000000       0x66 libgcc/libgcc.a(_aeabi_uldivmod.o)
 .debug_info    0x0000000000000000       0x95 libgcc/libgcc.a(_aeabi_uldivmod.o)
 .debug_abbrev  0x0000000000000000       0x14 libgcc/libgcc.a(_aeabi_uldivmod.o)
 .debug_aranges
                0x0000000000000000       0x20 libgcc/libgcc.a(_aeabi_uldivmod.o)
 .debug_info    0x0000000000000000      0x174 libgcc/libgcc.a(bpabi.o)
 .debug_abbrev  0x0000000000000000       0xb7 libgcc/libgcc.a(bpabi.o)
 .debug_loc     0x0000000000000000       0xe0 libgcc/libgcc.a(bpabi.o)
 .debug_aranges
                0x0000000000000000       0x20 libgcc/libgcc.a(bpabi.o)
 .debug_line    0x0000000000000000       0x67 libgcc/libgcc.a(bpabi.o)
 .debug_str     0x0000000000000000       0xef libgcc/libgcc.a(bpabi.o)
 .comment       0x0000000000000000       0x12 libgcc/libgcc.a(bpabi.o)
 .ARM.attributes
                0x0000000000000000       0x30 libgcc/libgcc.a(bpabi.o)
 .debug_frame   0x0000000000000000       0x54 libgcc/libgcc.a(bpabi.o)
 .debug_info    0x0000000000000000      0x5ec libgcc/libgcc.a(_divdi3.o)
 .debug_abbrev  0x0000000000000000      0x165 libgcc/libgcc.a(_divdi3.o)
 .debug_loc     0x0000000000000000      0xb77 libgcc/libgcc.a(_divdi3.o)
 .debug_aranges
                0x0000000000000000       0x20 libgcc/libgcc.a(_divdi3.o)
 .debug_ranges  0x0000000000000000       0xc8 libgcc/libgcc.a(_divdi3.o)
 .debug_line    0x0000000000000000       0xdb libgcc/libgcc.a(_divdi3.o)
 .debug_str     0x0000000000000000      0x1a3 libgcc/libgcc.a(_divdi3.o)
 .comment       0x0000000000000000       0x12 libgcc/libgcc.a(_divdi3.o)
 .ARM.attributes
                0x0000000000000000       0x30 libgcc/libgcc.a(_divdi3.o)
 .debug_frame   0x0000000000000000       0x38 libgcc/libgcc.a(_divdi3.o)
 .debug_info    0x0000000000000000      0x5ab libgcc/libgcc.a(_udivdi3.o)
 .debug_abbrev  0x0000000000000000      0x154 libgcc/libgcc.a(_udivdi3.o)
 .debug_loc     0x0000000000000000      0xc8c libgcc/libgcc.a(_udivdi3.o)
 .debug_aranges
                0x0000000000000000       0x20 libgcc/libgcc.a(_udivdi3.o)
 .debug_ranges  0x0000000000000000       0xd8 libgcc/libgcc.a(_udivdi3.o)
 .debug_line    0x0000000000000000       0xce libgcc/libgcc.a(_udivdi3.o)
 .debug_str     0x0000000000000000      0x1a4 libgcc/libgcc.a(_udivdi3.o)
 .comment       0x0000000000000000       0x12 libgcc/libgcc.a(_udivdi3.o)
 .ARM.attributes
                0x0000000000000000       0x30 libgcc/libgcc.a(_udivdi3.o)
 .debug_frame   0x0000000000000000       0x38 libgcc/libgcc.a(_udivdi3.o)
 .debug_info    0x0000000000000000     0x1d4d libgcc/libgcc.a(unwind-arm.o)
 .debug_abbrev  0x0000000000000000      0x48f libgcc/libgcc.a(unwind-arm.o)
 .debug_loc     0x0000000000000000     0x18d0 libgcc/libgcc.a(unwind-arm.o)
 .debug_aranges
                0x0000000000000000       0x20 libgcc/libgcc.a(unwind-arm.o)
 .debug_ranges  0x0000000000000000      0x138 libgcc/libgcc.a(unwind-arm.o)
 .debug_line    0x0000000000000000      0x538 libgcc/libgcc.a(unwind-arm.o)
 .debug_str     0x0000000000000000      0xb7f libgcc/libgcc.a(unwind-arm.o)
 .comment       0x0000000000000000       0x12 libgcc/libgcc.a(unwind-arm.o)
 .ARM.attributes
                0x0000000000000000       0x30 libgcc/libgcc.a(unwind-arm.o)
 .debug_frame   0x0000000000000000      0x290 libgcc/libgcc.a(unwind-arm.o)
 .ARM.attributes
                0x0000000000000000       0x1c libgcc/libgcc.a(libunwind.o)
 .debug_line    0x0000000000000000       0xaf libgcc/libgcc.a(libunwind.o)
 .debug_info    0x0000000000000000       0x99 libgcc/libgcc.a(libunwind.o)
 .debug_abbrev  0x0000000000000000       0x14 libgcc/libgcc.a(libunwind.o)
 .debug_aranges
                0x0000000000000000       0x20 libgcc/libgcc.a(libunwind.o)
 .debug_info    0x0000000000000000      0xa5b libgcc/libgcc.a(pr-support.o)
 .debug_abbrev  0x0000000000000000      0x26c libgcc/libgcc.a(pr-support.o)
 .debug_loc     0x0000000000000000      0x652 libgcc/libgcc.a(pr-support.o)
 .debug_aranges
                0x0000000000000000       0x20 libgcc/libgcc.a(pr-support.o)
 .debug_ranges  0x0000000000000000       0x48 libgcc/libgcc.a(pr-support.o)
 .debug_line    0x0000000000000000      0x1c4 libgcc/libgcc.a(pr-support.o)
 .debug_str     0x0000000000000000      0x4de libgcc/libgcc.a(pr-support.o)
 .comment       0x0000000000000000       0x12 libgcc/libgcc.a(pr-support.o)
 .ARM.attributes
                0x0000000000000000       0x30 libgcc/libgcc.a(pr-support.o)
 .debug_frame   0x0000000000000000       0xe4 libgcc/libgcc.a(pr-support.o)
 .ARM.attributes
                0x0000000000000000       0x18 libgcc/libgcc.a(_clzsi2.o)
 .debug_line    0x0000000000000000       0x6e libgcc/libgcc.a(_clzsi2.o)
 .debug_info    0x0000000000000000       0x99 libgcc/libgcc.a(_clzsi2.o)
 .debug_abbrev  0x0000000000000000       0x14 libgcc/libgcc.a(_clzsi2.o)
 .debug_aranges
                0x0000000000000000       0x20 libgcc/libgcc.a(_clzsi2.o)

Memory Configuration

Name             Origin             Length             Attributes
*default*        0x0000000000000000 0xffffffffffffffff

Linker script and memory map

LOAD build/contextSwitch.o
LOAD build/drawing.o
LOAD build/frameBufferInfo.o
LOAD build/gpioFunction.o
LOAD build/interruptsHandlers.o
LOAD build/mailbox.o
LOAD build/memoryCopy.o
LOAD build/start.o
LOAD build/bitmap.o
LOAD build/console.o
LOAD build/debug.o
LOAD build/framebuffer.o
LOAD build/gpio.o
LOAD build/hash.o
LOAD build/init.o
LOAD build/list.o
LOAD build/interrupt.o
LOAD build/malloc.o
LOAD build/palloc.o
LOAD build/random.o
LOAD build/serial.o
LOAD build/stdio.o
LOAD build/stdlib.o
LOAD build/string.o
LOAD build/synch.o
LOAD build/timer.o
LOAD build/thread.o
LOAD build/video.o

.init           0x0000000000008000       0xa0
 *(.init)
 .init          0x0000000000008000       0xa0 build/start.o
                0x0000000000008000                _start
                0x000000000000808c                PUT32
                0x0000000000008094                GET32
                0x000000000000809c                dummy

.text           0x00000000000080a0     0xe8b8
 *(.text)
 .text          0x00000000000080a0       0xd4 build/contextSwitch.o
                0x00000000000080a0                save_context
                0x00000000000080fc                save_and_switch_context
 .text          0x0000000000008174      0x178 build/drawing.o
                0x0000000000008174                SetForeColour
                0x000000000000818c                GetForeColour
                0x0000000000008198                SetGraphicsAddress
                0x00000000000081a4                GetGraphicsAddress
                0x00000000000081b0                DrawPixel
                0x00000000000081f8                DrawLine
                0x0000000000008274                DrawCharacter
 .text          0x00000000000082ec       0x60 build/frameBufferInfo.o
                0x00000000000082ec                InitialiseFrameBuffer
 .text          0x000000000000834c       0x98 build/gpioFunction.o
                0x000000000000834c                GetGpioAddress
                0x0000000000008354                SetGpioFunction
                0x00000000000083a4                SetGpio
 .text          0x00000000000083e4      0x130 build/interruptsHandlers.o
                0x00000000000083e4                print_executing_interrupt
                0x00000000000083f4                generate_swi_interrupt
                0x00000000000083fc                swi_handler_int
                0x0000000000008460                irq_handler_int
                0x00000000000084c0                get_cpsr_value
                0x00000000000084c8                enable_irq_interruptions
                0x00000000000084d8                disable_irq_interruptions
                0x00000000000084e8                enable_fiq_interruptions
                0x00000000000084f8                disable_fiq_interruptions
                0x0000000000008508                get_current_sp
 .text          0x0000000000008514       0x6c build/mailbox.o
                0x0000000000008514                GetMailboxBase
                0x000000000000851c                MailboxRead
                0x0000000000008550                MailboxWrite
 .text          0x0000000000008580       0x70 build/memoryCopy.o
                0x0000000000008580                memory_fastest_copy
                0x00000000000085d0                memory_fast_copy
 .text          0x00000000000085f0        0x0 build/start.o
 .text          0x00000000000085f0      0x9e4 build/bitmap.o
                0x00000000000086a0                bitmap_create
                0x0000000000008744                bitmap_create_in_buf
                0x00000000000087d4                bitmap_buf_size
                0x0000000000008800                bitmap_destroy
                0x000000000000883c                bitmap_size
                0x0000000000008864                bitmap_set
                0x0000000000008904                bitmap_test
                0x00000000000089b8                bitmap_set_all
                0x0000000000008a20                bitmap_set_multiple
                0x0000000000008b10                bitmap_mark
                0x0000000000008b7c                bitmap_reset
                0x0000000000008bec                bitmap_contains
                0x0000000000008cf4                bitmap_any
                0x0000000000008d30                bitmap_none
                0x0000000000008d8c                bitmap_all
                0x0000000000008de8                bitmap_scan
                0x0000000000008f08                bitmap_scan_and_flip
                0x0000000000008f8c                bitmap_dump
 .text          0x0000000000008fd4      0x3b8 build/console.o
                0x0000000000008fd4                console_init
                0x0000000000008ffc                console_panic
                0x0000000000009020                console_print_stats
                0x0000000000009190                vprintf
                0x00000000000091dc                puts
                0x0000000000009238                putbuf
                0x000000000000928c                putchar
 .text          0x000000000000938c      0x128 build/debug.o
                0x000000000000938c                debug_panic
                0x0000000000009410                debug_print_bits_int
                0x000000000000948c                abort
 .text          0x00000000000094b4       0x58 build/framebuffer.o
                0x00000000000094b4                framebuffer_init
 .text          0x000000000000950c       0x50 build/gpio.o
                0x000000000000950c                gpio_enable_function
                0x0000000000009534                gpio_set_register
 .text          0x000000000000955c      0xc28 build/hash.o
                0x000000000000955c                hash_init
                0x000000000000960c                hash_clear
                0x00000000000096e0                hash_destroy
                0x0000000000009724                hash_insert
                0x0000000000009790                hash_replace
                0x0000000000009808                hash_find
                0x000000000000984c                hash_delete
                0x00000000000098b4                hash_apply
                0x00000000000099a0                hash_first
                0x0000000000009a4c                hash_next
                0x0000000000009b68                hash_cur
                0x0000000000009b90                hash_size
                0x0000000000009bb8                hash_empty
                0x0000000000009bf0                hash_bytes
                0x0000000000009c94                hash_string
                0x0000000000009d30                hash_int
 .text          0x000000000000a184      0xcd8 build/init.o
                0x000000000000a274                init
                0x000000000000a4a8                setPriority
 .text          0x000000000000ae5c     0x1284 build/list.o
                0x000000000000af7c                list_init
                0x000000000000aff4                list_begin
                0x000000000000b044                list_next
                0x000000000000b0b0                list_end
                0x000000000000b100                list_rbegin
                0x000000000000b150                list_prev
                0x000000000000b1bc                list_rend
                0x000000000000b208                list_head
                0x000000000000b254                list_tail
                0x000000000000b2a4                list_insert
                0x000000000000b360                list_splice
                0x000000000000b498                list_push_front
                0x000000000000b4cc                list_push_back
                0x000000000000b500                list_remove
                0x000000000000b580                list_pop_front
                0x000000000000b5b4                list_pop_back
                0x000000000000b5e8                list_front
                0x000000000000b648                list_back
                0x000000000000b6ac                list_size
                0x000000000000b714                list_empty
                0x000000000000b7a0                list_reverse
                0x000000000000bbb8                list_sort
                0x000000000000bd48                list_insert_ordered
                0x000000000000be4c                list_unique
                0x000000000000bf90                list_max
                0x000000000000c038                list_min
 .text          0x000000000000c0e0      0x9b4 build/interrupt.o
                0x000000000000c0e0                interrupts_init
                0x000000000000c188                interrupts_register_irq
                0x000000000000c204                interrupts_register_swi
                0x000000000000c244                interrupts_get_irq_name
                0x000000000000c29c                interrupts_get_swi_name
                0x000000000000c2c0                interrupts_get_level
                0x000000000000c2f8                interrupts_set_level
                0x000000000000c338                interrupts_enable
                0x000000000000c364                interrupts_disable
                0x000000000000c390                interrupts_print_status
                0x000000000000c42c                interrupts_context
                0x000000000000c450                interrupts_was_irq_generated
                0x000000000000c474                interrupts_yield_on_return
                0x000000000000c498                interrupts_dispatch_irq
                0x000000000000c6e0                interrupts_dispatch_swi
                0x000000000000c784                interrupts_debug
 .text          0x000000000000ca94      0x8b0 build/malloc.o
                0x000000000000caec                malloc_init
                0x000000000000cbf4                malloc
                0x000000000000ce54                calloc
                0x000000000000cf4c                realloc
                0x000000000000cfec                free
 .text          0x000000000000d344      0x578 build/palloc.o
                0x000000000000d398                palloc_init
                0x000000000000d46c                palloc_get_multiple
                0x000000000000d5a0                palloc_get_page
                0x000000000000d5d4                palloc_free_multiple
                0x000000000000d73c                palloc_free_page
 .text          0x000000000000d8bc      0x2b8 build/random.o
                0x000000000000d904                random_init
                0x000000000000da20                random_bytes
                0x000000000000db48                random_ulong
 .text          0x000000000000db74      0x4e0 build/serial.o
                0x000000000000db74                serial_init
                0x000000000000db84                serial_putc
                0x000000000000dbac                serial_flush
                0x000000000000dbc0                serial_notify
                0x000000000000dbd4                uart_init
                0x000000000000dd48                uart_putc_helper
                0x000000000000dd78                uart_putc
                0x000000000000ddc0                uart_getc
                0x000000000000de4c                uart_write
                0x000000000000dea8                uart_puts
                0x000000000000ded8                test_serial
                0x000000000000e024                keyboard_init
 .text          0x000000000000e054     0x1764 build/stdio.o
                0x000000000000e0dc                vsnprintf
                0x000000000000e1d4                snprintf
                0x000000000000e224                printf
                0x000000000000e264                __vprintf
                0x000000000000f408                __printf
                0x000000000000f44c                hex_dump
                0x000000000000f704                print_human_readable_size
 .text          0x000000000000f7b8      0x764 build/stdlib.o
                0x000000000000f870                atoi
                0x000000000000f9f8                qsort
                0x000000000000fc88                sort
                0x000000000000fdd4                bsearch
                0x000000000000fe28                binary_search
 .text          0x000000000000ff1c      0xcf0 build/string.o
                0x000000000000ff1c                memcpy
                0x000000000000fff0                memmove
                0x0000000000010138                memcmp
                0x0000000000010244                strcmp
                0x0000000000010344                memchr
                0x00000000000103f4                strchr
                0x000000000001048c                strcspn
                0x000000000001050c                strpbrk
                0x0000000000010578                strrchr
                0x00000000000105ec                strspn
                0x000000000001066c                strstr
                0x0000000000010720                strtok_r
                0x0000000000010894                memset
                0x0000000000010930                strlen
                0x00000000000109b0                strnlen
                0x0000000000010a18                strlcpy
                0x0000000000010af0                strlcat
 .text          0x0000000000010c0c      0x950 build/synch.o
                0x0000000000010c0c                sema_init
                0x0000000000010c70                sema_down
                0x0000000000010d44                sema_try_down
                0x0000000000010de0                sema_up
                0x0000000000010e98                sema_self_test
                0x0000000000010f88                lock_init
                0x0000000000010fec                lock_acquire
                0x00000000000110ac                lock_try_acquire
                0x000000000001115c                lock_release
                0x00000000000111e4                lock_held_by_current_thread
                0x000000000001124c                cond_init
                0x00000000000112a0                cond_wait
                0x00000000000113b0                cond_signal
                0x00000000000114bc                cond_broadcast
 .text          0x000000000001155c      0x250 build/timer.o
                0x000000000001155c                timer_init
                0x00000000000115ac                timer_get_timestamp
                0x00000000000115d0                timer_msleep
                0x000000000001162c                my_timer_msleep
 .text          0x00000000000117ac     0x14ac build/thread.o
                0x00000000000117d8                thread_init
                0x0000000000011a78                thread_start
                0x0000000000011ac8                thread_tick
                0x0000000000011b80                thread_print_stats
                0x0000000000011bcc                thread_create
                0x0000000000011dac                thread_wait
                0x0000000000011e74                thread_block
                0x0000000000011ef4                thread_unblock
                0x0000000000011fa4                thread_name
                0x0000000000011fc0                thread_current
                0x0000000000012040                thread_tid
                0x000000000001205c                thread_exit
                0x0000000000012168                thread_yield
                0x0000000000012538                thread_schedule_tail
                0x0000000000012604                thread_foreach
                0x00000000000126ac                thread_set_priority
                0x00000000000126d4                thread_get_priority
                0x00000000000126f0                thread_set_nice
                0x000000000001270c                thread_get_nice
                0x0000000000012728                thread_get_load_avg
                0x0000000000012744                thread_get_recent_cpu
                0x0000000000012910                my_order_function
                0x0000000000012aa8                set_current_interrupts_stack_frame
                0x0000000000012b50                disable_priority
                0x0000000000012b74                enable_priority
                0x0000000000012b98                show_running_thread_status
                0x0000000000012c38                get_all_list
 .text          0x0000000000012c58      0x958 build/video.o
                0x0000000000012c58                video_init
                0x0000000000012cd4                video_clean
                0x0000000000012d88                video_putc
 .text          0x00000000000135b0      0x114 libgcc/libgcc.a(_udivsi3.o)
                0x00000000000135b0                __udivsi3
                0x00000000000135b0                __aeabi_uidiv
                0x00000000000136a4                __aeabi_uidivmod
 .text          0x00000000000136c4      0x148 libgcc/libgcc.a(_divsi3.o)
                0x00000000000136c4                __aeabi_idiv
                0x00000000000136c4                __divsi3
                0x00000000000137ec                __aeabi_idivmod
 .text          0x000000000001380c        0x4 libgcc/libgcc.a(_dvmd_tls.o)
                0x000000000001380c                __aeabi_ldiv0
                0x000000000001380c                __aeabi_idiv0
 .text          0x0000000000013810       0x3c libgcc/libgcc.a(_aeabi_uldivmod.o)
                0x0000000000013810                __aeabi_uldivmod
 .text          0x000000000001384c       0x84 libgcc/libgcc.a(bpabi.o)
                0x000000000001384c                __gnu_ldivmod_helper
                0x0000000000013890                __gnu_uldivmod_helper
 .text          0x00000000000138d0      0x4f8 libgcc/libgcc.a(_divdi3.o)
                0x00000000000138d0                __divdi3
 .text          0x0000000000013dc8      0x498 libgcc/libgcc.a(_udivdi3.o)
                0x0000000000013dc8                __udivdi3
 .text          0x0000000000014260      0xfb0 libgcc/libgcc.a(unwind-arm.o)
                0x00000000000146e8                _Unwind_GetCFA
                0x00000000000146f0                __gnu_Unwind_RaiseException
                0x000000000001479c                __gnu_Unwind_ForcedUnwind
                0x00000000000147c0                __gnu_Unwind_Resume
                0x0000000000014838                __gnu_Unwind_Resume_or_Rethrow
                0x0000000000014858                _Unwind_Complete
                0x000000000001485c                _Unwind_DeleteException
                0x0000000000014880                _Unwind_VRS_Get
                0x00000000000148f4                _Unwind_VRS_Set
                0x0000000000014d98                __aeabi_unwind_cpp_pr2
                0x0000000000014da0                __aeabi_unwind_cpp_pr1
                0x0000000000014da8                __aeabi_unwind_cpp_pr0
                0x0000000000014db0                __gnu_Unwind_Backtrace
                0x0000000000014e7c                _Unwind_VRS_Pop
 .text          0x0000000000015210      0x1b0 libgcc/libgcc.a(libunwind.o)
                0x0000000000015210                __restore_core_regs
                0x0000000000015210                restore_core_regs
                0x000000000001522c                __gnu_Unwind_Restore_VFP
                0x0000000000015234                __gnu_Unwind_Save_VFP
                0x000000000001523c                __gnu_Unwind_Restore_VFP_D
                0x0000000000015244                __gnu_Unwind_Save_VFP_D
                0x000000000001524c                __gnu_Unwind_Restore_VFP_D_16_to_31
                0x0000000000015254                __gnu_Unwind_Save_VFP_D_16_to_31
                0x000000000001525c                __gnu_Unwind_Restore_WMMXD
                0x00000000000152a0                __gnu_Unwind_Save_WMMXD
                0x00000000000152e4                __gnu_Unwind_Restore_WMMXC
                0x00000000000152f8                __gnu_Unwind_Save_WMMXC
                0x000000000001530c                ___Unwind_RaiseException
                0x000000000001530c                _Unwind_RaiseException
                0x0000000000015330                ___Unwind_Resume
                0x0000000000015330                _Unwind_Resume
                0x0000000000015354                _Unwind_Resume_or_Rethrow
                0x0000000000015354                ___Unwind_Resume_or_Rethrow
                0x0000000000015378                ___Unwind_ForcedUnwind
                0x0000000000015378                _Unwind_ForcedUnwind
                0x000000000001539c                _Unwind_Backtrace
                0x000000000001539c                ___Unwind_Backtrace
 .text          0x00000000000153c0      0x53c libgcc/libgcc.a(pr-support.o)
                0x0000000000015454                __gnu_unwind_execute
                0x0000000000015870                __gnu_unwind_frame
                0x00000000000158b8                _Unwind_GetRegionStart
                0x00000000000158cc                _Unwind_GetLanguageSpecificData
                0x00000000000158ec                _Unwind_GetDataRelBase
                0x00000000000158f4                _Unwind_GetTextRelBase
 .text          0x00000000000158fc       0x48 libgcc/libgcc.a(_clzsi2.o)
                0x00000000000158fc                __clzsi2
 *(.rodata)
 .rodata        0x0000000000015944       0x98 build/bitmap.o
 .rodata        0x00000000000159dc       0x64 build/console.o
 .rodata        0x0000000000015a40       0x70 build/debug.o
 .rodata        0x0000000000015ab0       0x6c build/hash.o
 .rodata        0x0000000000015b1c      0x4ec build/init.o
 .rodata        0x0000000000016008      0x11c build/list.o
 .rodata        0x0000000000016124      0x168 build/interrupt.o
 .rodata        0x000000000001628c       0x78 build/malloc.o
 .rodata        0x0000000000016304       0xf8 build/palloc.o
 .rodata        0x00000000000163fc       0x30 build/serial.o
 .rodata        0x000000000001642c      0x134 build/stdio.o
 .rodata        0x0000000000016560       0x34 build/stdlib.o
 .rodata        0x0000000000016594       0x80 build/string.o
 .rodata        0x0000000000016614       0xf0 build/synch.o
 .rodata        0x0000000000016704       0x30 build/timer.o
 .rodata        0x0000000000016734      0x224 build/thread.o

.data           0x0000000000017000     0x2060
 *(.data)
 .data          0x0000000000017000        0x0 build/contextSwitch.o
 .data          0x0000000000017000      0x810 build/drawing.o
 *fill*         0x0000000000017810      0x7f0 
 .data          0x0000000000018000     0x1000 build/frameBufferInfo.o
                0x0000000000018000                FrameBufferInfo
 .data          0x0000000000019000        0x0 build/gpioFunction.o
 .data          0x0000000000019000       0x40 build/interruptsHandlers.o
                0x0000000000019000                exec_int_msg
 .data          0x0000000000019040        0x0 build/mailbox.o
 .data          0x0000000000019040        0x0 build/memoryCopy.o
 .data          0x0000000000019040        0x0 build/start.o
 .data          0x0000000000019040        0x0 build/bitmap.o
 .data          0x0000000000019040        0x0 build/console.o
 .data          0x0000000000019040        0x0 build/debug.o
 .data          0x0000000000019040        0x0 build/framebuffer.o
 .data          0x0000000000019040        0x0 build/gpio.o
 .data          0x0000000000019040        0x0 build/hash.o
 .data          0x0000000000019040        0x4 build/init.o
 .data          0x0000000000019044        0x0 build/list.o
 .data          0x0000000000019044        0x0 build/interrupt.o
 .data          0x0000000000019044        0x0 build/malloc.o
 .data          0x0000000000019044        0x0 build/palloc.o
 .data          0x0000000000019044        0x0 build/random.o
 .data          0x0000000000019044        0x0 build/serial.o
 .data          0x0000000000019044       0x18 build/stdio.o
 .data          0x000000000001905c        0x0 build/stdlib.o
 .data          0x000000000001905c        0x0 build/string.o
 .data          0x000000000001905c        0x0 build/synch.o
 .data          0x000000000001905c        0x0 build/timer.o
 .data          0x000000000001905c        0x4 build/thread.o
 .data          0x0000000000019060        0x0 build/video.o
 .data          0x0000000000019060        0x0 libgcc/libgcc.a(_udivsi3.o)
 .data          0x0000000000019060        0x0 libgcc/libgcc.a(_divsi3.o)
 .data          0x0000000000019060        0x0 libgcc/libgcc.a(_dvmd_tls.o)
 .data          0x0000000000019060        0x0 libgcc/libgcc.a(_aeabi_uldivmod.o)
 .data          0x0000000000019060        0x0 libgcc/libgcc.a(bpabi.o)
 .data          0x0000000000019060        0x0 libgcc/libgcc.a(_divdi3.o)
 .data          0x0000000000019060        0x0 libgcc/libgcc.a(_udivdi3.o)
 .data          0x0000000000019060        0x0 libgcc/libgcc.a(unwind-arm.o)
 .data          0x0000000000019060        0x0 libgcc/libgcc.a(libunwind.o)
 .data          0x0000000000019060        0x0 libgcc/libgcc.a(pr-support.o)
 .data          0x0000000000019060        0x0 libgcc/libgcc.a(_clzsi2.o)

.bss            0x0000000000019060     0x1640
 *(.bss)
 .bss           0x0000000000019060        0x0 build/contextSwitch.o
 .bss           0x0000000000019060        0x0 build/drawing.o
 .bss           0x0000000000019060        0x0 build/frameBufferInfo.o
 .bss           0x0000000000019060        0x0 build/gpioFunction.o
 .bss           0x0000000000019060        0x0 build/interruptsHandlers.o
 .bss           0x0000000000019060        0x0 build/mailbox.o
 .bss           0x0000000000019060        0x0 build/memoryCopy.o
 .bss           0x0000000000019060        0x0 build/start.o
 .bss           0x0000000000019060        0x0 build/bitmap.o
 .bss           0x0000000000019060       0x28 build/console.o
 .bss           0x0000000000019088        0x0 build/debug.o
 .bss           0x0000000000019088        0x0 build/framebuffer.o
 .bss           0x0000000000019088        0x0 build/gpio.o
 .bss           0x0000000000019088        0x0 build/hash.o
 .bss           0x0000000000019088       0x40 build/init.o
 .bss           0x00000000000190c8        0x0 build/list.o
 .bss           0x00000000000190c8      0x20c build/interrupt.o
 .bss           0x00000000000192d4      0x1e4 build/malloc.o
 .bss           0x00000000000194b8       0x40 build/palloc.o
 .bss           0x00000000000194f8      0x104 build/random.o
 .bss           0x00000000000195fc     0x1008 build/serial.o
 .bss           0x000000000001a604        0x0 build/stdio.o
 .bss           0x000000000001a604        0x0 build/stdlib.o
 .bss           0x000000000001a604        0x0 build/string.o
 .bss           0x000000000001a604        0x0 build/synch.o
 .bss           0x000000000001a604       0x14 build/timer.o
 .bss           0x000000000001a618       0x68 build/thread.o
 .bss           0x000000000001a680       0x20 build/video.o
 .bss           0x000000000001a6a0        0x0 libgcc/libgcc.a(_udivsi3.o)
 .bss           0x000000000001a6a0        0x0 libgcc/libgcc.a(_divsi3.o)
 .bss           0x000000000001a6a0        0x0 libgcc/libgcc.a(_dvmd_tls.o)
 .bss           0x000000000001a6a0        0x0 libgcc/libgcc.a(_aeabi_uldivmod.o)
 .bss           0x000000000001a6a0        0x0 libgcc/libgcc.a(bpabi.o)
 .bss           0x000000000001a6a0        0x0 libgcc/libgcc.a(_divdi3.o)
 .bss           0x000000000001a6a0        0x0 libgcc/libgcc.a(_udivdi3.o)
 .bss           0x000000000001a6a0        0x0 libgcc/libgcc.a(unwind-arm.o)
 .bss           0x000000000001a6a0        0x0 libgcc/libgcc.a(libunwind.o)
 .bss           0x000000000001a6a0        0x0 libgcc/libgcc.a(pr-support.o)
 .bss           0x000000000001a6a0        0x0 libgcc/libgcc.a(_clzsi2.o)

.ARM.extab      0x000000000001a6a0       0x30
 *(.ARM.extab* .gnu.linkonce.armextab.*)
 .ARM.extab     0x000000000001a6a0        0x0 libgcc/libgcc.a(_divdi3.o)
 .ARM.extab     0x000000000001a6a0        0x0 libgcc/libgcc.a(_udivdi3.o)
 .ARM.extab     0x000000000001a6a0       0x18 libgcc/libgcc.a(unwind-arm.o)
 .ARM.extab     0x000000000001a6b8       0x18 libgcc/libgcc.a(pr-support.o)
                0x000000000001a6d0                __exidx_start = .

.ARM.exidx      0x000000000001a6d0       0xd0
 *(.ARM.exidx* .gnu.linkonce.armexidx.*)
 .ARM.exidx     0x000000000001a6d0        0x8 libgcc/libgcc.a(_divdi3.o)
 .ARM.exidx     0x000000000001a6d8        0x0 libgcc/libgcc.a(_udivdi3.o)
                                          0x8 (size before relaxing)
 .ARM.exidx     0x000000000001a6d8       0x90 libgcc/libgcc.a(unwind-arm.o)
                                         0xd8 (size before relaxing)
 .ARM.exidx     0x000000000001a768       0x38 libgcc/libgcc.a(pr-support.o)
                                         0x48 (size before relaxing)
                0x000000000001a7a0                __exidx_end = .

/DISCARD/
 *(*)
LOAD libgcc/libgcc.a
OUTPUT(build/output.elf elf32-littlearm)
