Archive member included because of file (symbol)

libgcc/libgcc.a(_udivsi3.o)   build/malloc.o (__aeabi_uidiv)
libgcc/libgcc.a(_divsi3.o)    build/stdio.o (__aeabi_idivmod)
libgcc/libgcc.a(_dvmd_tls.o)  libgcc/libgcc.a(_udivsi3.o) (__aeabi_idiv0)
libgcc/libgcc.a(_aeabi_uldivmod.o)
                              build/stdio.o (__aeabi_uldivmod)
libgcc/libgcc.a(bpabi.o)      libgcc/libgcc.a(_aeabi_uldivmod.o) (__gnu_uldivmod_helper)
libgcc/libgcc.a(_divdi3.o)    libgcc/libgcc.a(bpabi.o) (__divdi3)
libgcc/libgcc.a(_udivdi3.o)   libgcc/libgcc.a(bpabi.o) (__udivdi3)
libgcc/libgcc.a(unwind-arm.o)
                              libgcc/libgcc.a(_divdi3.o) (__aeabi_unwind_cpp_pr0)
libgcc/libgcc.a(libunwind.o)  libgcc/libgcc.a(unwind-arm.o) (restore_core_regs)
libgcc/libgcc.a(pr-support.o)
                              libgcc/libgcc.a(unwind-arm.o) (__gnu_unwind_execute)
libgcc/libgcc.a(_clzsi2.o)    libgcc/libgcc.a(_divdi3.o) (__clzsi2)

Discarded input sections

 .ARM.attributes
                0x0000000000000000       0x14 build/contextSwitch.o
 .ARM.attributes
                0x0000000000000000       0x14 build/drawing.o
 .ARM.attributes
                0x0000000000000000       0x14 build/frameBufferInfo.o
 .ARM.attributes
                0x0000000000000000       0x14 build/gpioFunction.o
 .ARM.attributes
                0x0000000000000000       0x14 build/interruptsHandlers.o
 .ARM.attributes
                0x0000000000000000       0x14 build/mailbox.o
 .ARM.attributes
                0x0000000000000000       0x14 build/memoryCopy.o
 .ARM.attributes
                0x0000000000000000       0x14 build/start.o
 .comment       0x0000000000000000       0x20 build/bitmap.o
 .ARM.attributes
                0x0000000000000000       0x38 build/bitmap.o
 .comment       0x0000000000000000       0x20 build/console.o
 .ARM.attributes
                0x0000000000000000       0x38 build/console.o
 .comment       0x0000000000000000       0x20 build/debug.o
 .ARM.attributes
                0x0000000000000000       0x38 build/debug.o
 .comment       0x0000000000000000       0x20 build/framebuffer.o
 .ARM.attributes
                0x0000000000000000       0x38 build/framebuffer.o
 .comment       0x0000000000000000       0x20 build/gpio.o
 .ARM.attributes
                0x0000000000000000       0x38 build/gpio.o
 .comment       0x0000000000000000       0x20 build/hash.o
 .ARM.attributes
                0x0000000000000000       0x38 build/hash.o
 .comment       0x0000000000000000       0x20 build/init.o
 .ARM.attributes
                0x0000000000000000       0x38 build/init.o
 .comment       0x0000000000000000       0x20 build/list.o
 .ARM.attributes
                0x0000000000000000       0x38 build/list.o
 .comment       0x0000000000000000       0x20 build/interrupt.o
 .ARM.attributes
                0x0000000000000000       0x38 build/interrupt.o
 .comment       0x0000000000000000       0x20 build/malloc.o
 .ARM.attributes
                0x0000000000000000       0x38 build/malloc.o
 .comment       0x0000000000000000       0x20 build/palloc.o
 .ARM.attributes
                0x0000000000000000       0x38 build/palloc.o
 .comment       0x0000000000000000       0x20 build/random.o
 .ARM.attributes
                0x0000000000000000       0x38 build/random.o
 .comment       0x0000000000000000       0x20 build/serial.o
 .ARM.attributes
                0x0000000000000000       0x38 build/serial.o
 .comment       0x0000000000000000       0x20 build/stdio.o
 .ARM.attributes
                0x0000000000000000       0x38 build/stdio.o
 .comment       0x0000000000000000       0x20 build/stdlib.o
 .ARM.attributes
                0x0000000000000000       0x38 build/stdlib.o
 .comment       0x0000000000000000       0x20 build/string.o
 .ARM.attributes
                0x0000000000000000       0x38 build/string.o
 .comment       0x0000000000000000       0x20 build/synch.o
 .ARM.attributes
                0x0000000000000000       0x38 build/synch.o
 .comment       0x0000000000000000       0x20 build/timer.o
 .ARM.attributes
                0x0000000000000000       0x38 build/timer.o
 .comment       0x0000000000000000       0x20 build/thread.o
 .ARM.attributes
                0x0000000000000000       0x38 build/thread.o
 .comment       0x0000000000000000       0x20 build/video.o
 .ARM.attributes
                0x0000000000000000       0x38 build/video.o
 .debug_frame   0x0000000000000000       0x20 libgcc/libgcc.a(_udivsi3.o)
 .ARM.attributes
                0x0000000000000000       0x18 libgcc/libgcc.a(_udivsi3.o)
 .debug_line    0x0000000000000000       0x8a libgcc/libgcc.a(_udivsi3.o)
 .debug_info    0x0000000000000000       0x99 libgcc/libgcc.a(_udivsi3.o)
 .debug_abbrev  0x0000000000000000       0x14 libgcc/libgcc.a(_udivsi3.o)
 .debug_aranges
                0x0000000000000000       0x20 libgcc/libgcc.a(_udivsi3.o)
 .debug_frame   0x0000000000000000       0x20 libgcc/libgcc.a(_divsi3.o)
 .ARM.attributes
                0x0000000000000000       0x18 libgcc/libgcc.a(_divsi3.o)
 .debug_line    0x0000000000000000       0x96 libgcc/libgcc.a(_divsi3.o)
 .debug_info    0x0000000000000000       0x99 libgcc/libgcc.a(_divsi3.o)
 .debug_abbrev  0x0000000000000000       0x14 libgcc/libgcc.a(_divsi3.o)
 .debug_aranges
                0x0000000000000000       0x20 libgcc/libgcc.a(_divsi3.o)
 .ARM.attributes
                0x0000000000000000       0x18 libgcc/libgcc.a(_dvmd_tls.o)
 .debug_line    0x0000000000000000       0x61 libgcc/libgcc.a(_dvmd_tls.o)
 .debug_info    0x0000000000000000       0x99 libgcc/libgcc.a(_dvmd_tls.o)
 .debug_abbrev  0x0000000000000000       0x14 libgcc/libgcc.a(_dvmd_tls.o)
 .debug_aranges
                0x0000000000000000       0x20 libgcc/libgcc.a(_dvmd_tls.o)
 .ARM.attributes
                0x0000000000000000       0x18 libgcc/libgcc.a(_aeabi_uldivmod.o)
 .debug_line    0x0000000000000000       0x66 libgcc/libgcc.a(_aeabi_uldivmod.o)
 .debug_info    0x0000000000000000       0x95 libgcc/libgcc.a(_aeabi_uldivmod.o)
 .debug_abbrev  0x0000000000000000       0x14 libgcc/libgcc.a(_aeabi_uldivmod.o)
 .debug_aranges
                0x0000000000000000       0x20 libgcc/libgcc.a(_aeabi_uldivmod.o)
 .debug_info    0x0000000000000000      0x174 libgcc/libgcc.a(bpabi.o)
 .debug_abbrev  0x0000000000000000       0xb7 libgcc/libgcc.a(bpabi.o)
 .debug_loc     0x0000000000000000       0xe0 libgcc/libgcc.a(bpabi.o)
 .debug_aranges
                0x0000000000000000       0x20 libgcc/libgcc.a(bpabi.o)
 .debug_line    0x0000000000000000       0x67 libgcc/libgcc.a(bpabi.o)
 .debug_str     0x0000000000000000       0xef libgcc/libgcc.a(bpabi.o)
 .comment       0x0000000000000000       0x12 libgcc/libgcc.a(bpabi.o)
 .ARM.attributes
                0x0000000000000000       0x30 libgcc/libgcc.a(bpabi.o)
 .debug_frame   0x0000000000000000       0x54 libgcc/libgcc.a(bpabi.o)
 .debug_info    0x0000000000000000      0x5ec libgcc/libgcc.a(_divdi3.o)
 .debug_abbrev  0x0000000000000000      0x165 libgcc/libgcc.a(_divdi3.o)
 .debug_loc     0x0000000000000000      0xb77 libgcc/libgcc.a(_divdi3.o)
 .debug_aranges
                0x0000000000000000       0x20 libgcc/libgcc.a(_divdi3.o)
 .debug_ranges  0x0000000000000000       0xc8 libgcc/libgcc.a(_divdi3.o)
 .debug_line    0x0000000000000000       0xdb libgcc/libgcc.a(_divdi3.o)
 .debug_str     0x0000000000000000      0x1a3 libgcc/libgcc.a(_divdi3.o)
 .comment       0x0000000000000000       0x12 libgcc/libgcc.a(_divdi3.o)
 .ARM.attributes
                0x0000000000000000       0x30 libgcc/libgcc.a(_divdi3.o)
 .debug_frame   0x0000000000000000       0x38 libgcc/libgcc.a(_divdi3.o)
 .debug_info    0x0000000000000000      0x5ab libgcc/libgcc.a(_udivdi3.o)
 .debug_abbrev  0x0000000000000000      0x154 libgcc/libgcc.a(_udivdi3.o)
 .debug_loc     0x0000000000000000      0xc8c libgcc/libgcc.a(_udivdi3.o)
 .debug_aranges
                0x0000000000000000       0x20 libgcc/libgcc.a(_udivdi3.o)
 .debug_ranges  0x0000000000000000       0xd8 libgcc/libgcc.a(_udivdi3.o)
 .debug_line    0x0000000000000000       0xce libgcc/libgcc.a(_udivdi3.o)
 .debug_str     0x0000000000000000      0x1a4 libgcc/libgcc.a(_udivdi3.o)
 .comment       0x0000000000000000       0x12 libgcc/libgcc.a(_udivdi3.o)
 .ARM.attributes
                0x0000000000000000       0x30 libgcc/libgcc.a(_udivdi3.o)
 .debug_frame   0x0000000000000000       0x38 libgcc/libgcc.a(_udivdi3.o)
 .debug_info    0x0000000000000000     0x1d4d libgcc/libgcc.a(unwind-arm.o)
 .debug_abbrev  0x0000000000000000      0x48f libgcc/libgcc.a(unwind-arm.o)
 .debug_loc     0x0000000000000000     0x18d0 libgcc/libgcc.a(unwind-arm.o)
 .debug_aranges
                0x0000000000000000       0x20 libgcc/libgcc.a(unwind-arm.o)
 .debug_ranges  0x0000000000000000      0x138 libgcc/libgcc.a(unwind-arm.o)
 .debug_line    0x0000000000000000      0x538 libgcc/libgcc.a(unwind-arm.o)
 .debug_str     0x0000000000000000      0xb7f libgcc/libgcc.a(unwind-arm.o)
 .comment       0x0000000000000000       0x12 libgcc/libgcc.a(unwind-arm.o)
 .ARM.attributes
                0x0000000000000000       0x30 libgcc/libgcc.a(unwind-arm.o)
 .debug_frame   0x0000000000000000      0x290 libgcc/libgcc.a(unwind-arm.o)
 .ARM.attributes
                0x0000000000000000       0x1c libgcc/libgcc.a(libunwind.o)
 .debug_line    0x0000000000000000       0xaf libgcc/libgcc.a(libunwind.o)
 .debug_info    0x0000000000000000       0x99 libgcc/libgcc.a(libunwind.o)
 .debug_abbrev  0x0000000000000000       0x14 libgcc/libgcc.a(libunwind.o)
 .debug_aranges
                0x0000000000000000       0x20 libgcc/libgcc.a(libunwind.o)
 .debug_info    0x0000000000000000      0xa5b libgcc/libgcc.a(pr-support.o)
 .debug_abbrev  0x0000000000000000      0x26c libgcc/libgcc.a(pr-support.o)
 .debug_loc     0x0000000000000000      0x652 libgcc/libgcc.a(pr-support.o)
 .debug_aranges
                0x0000000000000000       0x20 libgcc/libgcc.a(pr-support.o)
 .debug_ranges  0x0000000000000000       0x48 libgcc/libgcc.a(pr-support.o)
 .debug_line    0x0000000000000000      0x1c4 libgcc/libgcc.a(pr-support.o)
 .debug_str     0x0000000000000000      0x4de libgcc/libgcc.a(pr-support.o)
 .comment       0x0000000000000000       0x12 libgcc/libgcc.a(pr-support.o)
 .ARM.attributes
                0x0000000000000000       0x30 libgcc/libgcc.a(pr-support.o)
 .debug_frame   0x0000000000000000       0xe4 libgcc/libgcc.a(pr-support.o)
 .ARM.attributes
                0x0000000000000000       0x18 libgcc/libgcc.a(_clzsi2.o)
 .debug_line    0x0000000000000000       0x6e libgcc/libgcc.a(_clzsi2.o)
 .debug_info    0x0000000000000000       0x99 libgcc/libgcc.a(_clzsi2.o)
 .debug_abbrev  0x0000000000000000       0x14 libgcc/libgcc.a(_clzsi2.o)
 .debug_aranges
                0x0000000000000000       0x20 libgcc/libgcc.a(_clzsi2.o)

Memory Configuration

Name             Origin             Length             Attributes
*default*        0x0000000000000000 0xffffffffffffffff

Linker script and memory map

LOAD build/contextSwitch.o
LOAD build/drawing.o
LOAD build/frameBufferInfo.o
LOAD build/gpioFunction.o
LOAD build/interruptsHandlers.o
LOAD build/mailbox.o
LOAD build/memoryCopy.o
LOAD build/start.o
LOAD build/bitmap.o
LOAD build/console.o
LOAD build/debug.o
LOAD build/framebuffer.o
LOAD build/gpio.o
LOAD build/hash.o
LOAD build/init.o
LOAD build/list.o
LOAD build/interrupt.o
LOAD build/malloc.o
LOAD build/palloc.o
LOAD build/random.o
LOAD build/serial.o
LOAD build/stdio.o
LOAD build/stdlib.o
LOAD build/string.o
LOAD build/synch.o
LOAD build/timer.o
LOAD build/thread.o
LOAD build/video.o

.init           0x0000000000008000       0x8c
 *(.init)
 .init          0x0000000000008000       0x8c build/start.o
                0x0000000000008000                _start

.text           0x000000000000808c     0xded8
 *(.text)
 .text          0x000000000000808c       0xd4 build/contextSwitch.o
                0x000000000000808c                save_context
                0x00000000000080e8                save_and_switch_context
 .text          0x0000000000008160      0x178 build/drawing.o
                0x0000000000008160                SetForeColour
                0x0000000000008178                GetForeColour
                0x0000000000008184                SetGraphicsAddress
                0x0000000000008190                GetGraphicsAddress
                0x000000000000819c                DrawPixel
                0x00000000000081e4                DrawLine
                0x0000000000008260                DrawCharacter
 .text          0x00000000000082d8       0x60 build/frameBufferInfo.o
                0x00000000000082d8                InitialiseFrameBuffer
 .text          0x0000000000008338       0x98 build/gpioFunction.o
                0x0000000000008338                GetGpioAddress
                0x0000000000008340                SetGpioFunction
                0x0000000000008390                SetGpio
 .text          0x00000000000083d0      0x130 build/interruptsHandlers.o
                0x00000000000083d0                print_executing_interrupt
                0x00000000000083e0                generate_swi_interrupt
                0x00000000000083e8                swi_handler_int
                0x000000000000844c                irq_handler_int
                0x00000000000084ac                get_cpsr_value
                0x00000000000084b4                enable_irq_interruptions
                0x00000000000084c4                disable_irq_interruptions
                0x00000000000084d4                enable_fiq_interruptions
                0x00000000000084e4                disable_fiq_interruptions
                0x00000000000084f4                get_current_sp
 .text          0x0000000000008500       0x6c build/mailbox.o
                0x0000000000008500                GetMailboxBase
                0x0000000000008508                MailboxRead
                0x000000000000853c                MailboxWrite
 .text          0x000000000000856c       0x70 build/memoryCopy.o
                0x000000000000856c                memory_fastest_copy
                0x00000000000085bc                memory_fast_copy
 .text          0x00000000000085dc        0x0 build/start.o
 .text          0x00000000000085dc      0x9e4 build/bitmap.o
                0x000000000000868c                bitmap_create
                0x0000000000008730                bitmap_create_in_buf
                0x00000000000087c0                bitmap_buf_size
                0x00000000000087ec                bitmap_destroy
                0x0000000000008828                bitmap_size
                0x0000000000008850                bitmap_set
                0x00000000000088f0                bitmap_test
                0x00000000000089a4                bitmap_set_all
                0x0000000000008a0c                bitmap_set_multiple
                0x0000000000008afc                bitmap_mark
                0x0000000000008b68                bitmap_reset
                0x0000000000008bd8                bitmap_contains
                0x0000000000008ce0                bitmap_any
                0x0000000000008d1c                bitmap_none
                0x0000000000008d78                bitmap_all
                0x0000000000008dd4                bitmap_scan
                0x0000000000008ef4                bitmap_scan_and_flip
                0x0000000000008f78                bitmap_dump
 .text          0x0000000000008fc0      0x3b8 build/console.o
                0x0000000000008fc0                console_init
                0x0000000000008fe8                console_panic
                0x000000000000900c                console_print_stats
                0x000000000000917c                vprintf
                0x00000000000091c8                puts
                0x0000000000009224                putbuf
                0x0000000000009278                putchar
 .text          0x0000000000009378      0x128 build/debug.o
                0x0000000000009378                debug_panic
                0x00000000000093fc                debug_print_bits_int
                0x0000000000009478                abort
 .text          0x00000000000094a0       0x58 build/framebuffer.o
                0x00000000000094a0                framebuffer_init
 .text          0x00000000000094f8       0x50 build/gpio.o
                0x00000000000094f8                gpio_enable_function
                0x0000000000009520                gpio_set_register
 .text          0x0000000000009548      0xc28 build/hash.o
                0x0000000000009548                hash_init
                0x00000000000095f8                hash_clear
                0x00000000000096cc                hash_destroy
                0x0000000000009710                hash_insert
                0x000000000000977c                hash_replace
                0x00000000000097f4                hash_find
                0x0000000000009838                hash_delete
                0x00000000000098a0                hash_apply
                0x000000000000998c                hash_first
                0x0000000000009a38                hash_next
                0x0000000000009b54                hash_cur
                0x0000000000009b7c                hash_size
                0x0000000000009ba4                hash_empty
                0x0000000000009bdc                hash_bytes
                0x0000000000009c80                hash_string
                0x0000000000009d1c                hash_int
 .text          0x000000000000a170      0x808 build/init.o
                0x000000000000a19c                init
 .text          0x000000000000a978     0x1284 build/list.o
                0x000000000000aa98                list_init
                0x000000000000ab10                list_begin
                0x000000000000ab60                list_next
                0x000000000000abcc                list_end
                0x000000000000ac1c                list_rbegin
                0x000000000000ac6c                list_prev
                0x000000000000acd8                list_rend
                0x000000000000ad24                list_head
                0x000000000000ad70                list_tail
                0x000000000000adc0                list_insert
                0x000000000000ae7c                list_splice
                0x000000000000afb4                list_push_front
                0x000000000000afe8                list_push_back
                0x000000000000b01c                list_remove
                0x000000000000b09c                list_pop_front
                0x000000000000b0d0                list_pop_back
                0x000000000000b104                list_front
                0x000000000000b164                list_back
                0x000000000000b1c8                list_size
                0x000000000000b230                list_empty
                0x000000000000b2bc                list_reverse
                0x000000000000b6d4                list_sort
                0x000000000000b864                list_insert_ordered
                0x000000000000b968                list_unique
                0x000000000000baac                list_max
                0x000000000000bb54                list_min
 .text          0x000000000000bbfc      0x9b4 build/interrupt.o
                0x000000000000bbfc                interrupts_init
                0x000000000000bca4                interrupts_register_irq
                0x000000000000bd20                interrupts_register_swi
                0x000000000000bd60                interrupts_get_irq_name
                0x000000000000bdb8                interrupts_get_swi_name
                0x000000000000bddc                interrupts_get_level
                0x000000000000be14                interrupts_set_level
                0x000000000000be54                interrupts_enable
                0x000000000000be80                interrupts_disable
                0x000000000000beac                interrupts_print_status
                0x000000000000bf48                interrupts_context
                0x000000000000bf6c                interrupts_was_irq_generated
                0x000000000000bf90                interrupts_yield_on_return
                0x000000000000bfb4                interrupts_dispatch_irq
                0x000000000000c1fc                interrupts_dispatch_swi
                0x000000000000c2a0                interrupts_debug
 .text          0x000000000000c5b0      0x8b0 build/malloc.o
                0x000000000000c608                malloc_init
                0x000000000000c710                malloc
                0x000000000000c970                calloc
                0x000000000000ca68                realloc
                0x000000000000cb08                free
 .text          0x000000000000ce60      0x578 build/palloc.o
                0x000000000000ceb4                palloc_init
                0x000000000000cf88                palloc_get_multiple
                0x000000000000d0bc                palloc_get_page
                0x000000000000d0f0                palloc_free_multiple
                0x000000000000d258                palloc_free_page
 .text          0x000000000000d3d8      0x2b8 build/random.o
                0x000000000000d420                random_init
                0x000000000000d53c                random_bytes
                0x000000000000d664                random_ulong
 .text          0x000000000000d690      0x32c build/serial.o
                0x000000000000d690                serial_init
                0x000000000000d6a0                serial_putc
                0x000000000000d6c8                serial_flush
                0x000000000000d6dc                serial_notify
                0x000000000000d784                uart_init
                0x000000000000d844                uart_putc_helper
                0x000000000000d894                uart_putc
                0x000000000000d8dc                uart_getc
                0x000000000000d920                uart_write
                0x000000000000d97c                uart_puts
                0x000000000000d9ac                test_serial
 .text          0x000000000000d9bc     0x1764 build/stdio.o
                0x000000000000da44                vsnprintf
                0x000000000000db3c                snprintf
                0x000000000000db8c                printf
                0x000000000000dbcc                __vprintf
                0x000000000000ed70                __printf
                0x000000000000edb4                hex_dump
                0x000000000000f06c                print_human_readable_size
 .text          0x000000000000f120      0x764 build/stdlib.o
                0x000000000000f1d8                atoi
                0x000000000000f360                qsort
                0x000000000000f5f0                sort
                0x000000000000f73c                bsearch
                0x000000000000f790                binary_search
 .text          0x000000000000f884      0xcf0 build/string.o
                0x000000000000f884                memcpy
                0x000000000000f958                memmove
                0x000000000000faa0                memcmp
                0x000000000000fbac                strcmp
                0x000000000000fcac                memchr
                0x000000000000fd5c                strchr
                0x000000000000fdf4                strcspn
                0x000000000000fe74                strpbrk
                0x000000000000fee0                strrchr
                0x000000000000ff54                strspn
                0x000000000000ffd4                strstr
                0x0000000000010088                strtok_r
                0x00000000000101fc                memset
                0x0000000000010298                strlen
                0x0000000000010318                strnlen
                0x0000000000010380                strlcpy
                0x0000000000010458                strlcat
 .text          0x0000000000010574      0x950 build/synch.o
                0x0000000000010574                sema_init
                0x00000000000105d8                sema_down
                0x00000000000106ac                sema_try_down
                0x0000000000010748                sema_up
                0x0000000000010800                sema_self_test
                0x00000000000108f0                lock_init
                0x0000000000010954                lock_acquire
                0x0000000000010a14                lock_try_acquire
                0x0000000000010ac4                lock_release
                0x0000000000010b4c                lock_held_by_current_thread
                0x0000000000010bb4                cond_init
                0x0000000000010c08                cond_wait
                0x0000000000010d18                cond_signal
                0x0000000000010e24                cond_broadcast
 .text          0x0000000000010ec4      0x1cc build/timer.o
                0x0000000000010ec4                timer_init
                0x0000000000010f04                timer_get_timestamp
                0x0000000000010f28                timer_msleep
 .text          0x0000000000011090     0x13a4 build/thread.o
                0x00000000000110bc                thread_init
                0x000000000001135c                thread_start
                0x00000000000113ac                thread_tick
                0x0000000000011464                thread_print_stats
                0x0000000000011478                thread_create
                0x0000000000011658                thread_wait
                0x0000000000011720                thread_block
                0x00000000000117a0                thread_unblock
                0x0000000000011850                thread_name
                0x000000000001186c                thread_current
                0x00000000000118f0                thread_tid
                0x000000000001190c                thread_exit
                0x0000000000011a14                thread_yield
                0x0000000000011de8                thread_schedule_tail
                0x0000000000011eb8                thread_foreach
                0x0000000000011f60                thread_set_priority
                0x0000000000011f88                thread_get_priority
                0x0000000000011fa4                thread_set_nice
                0x0000000000011fc0                thread_get_nice
                0x0000000000011fdc                thread_get_load_avg
                0x0000000000011ff8                thread_get_recent_cpu
                0x00000000000121ac                my_order_function
                0x00000000000123ec                disable_priority
                0x0000000000012410                enable_priority
 .text          0x0000000000012434      0x958 build/video.o
                0x0000000000012434                video_init
                0x00000000000124b0                video_clean
                0x0000000000012564                video_putc
 .text          0x0000000000012d8c      0x114 libgcc/libgcc.a(_udivsi3.o)
                0x0000000000012d8c                __udivsi3
                0x0000000000012d8c                __aeabi_uidiv
                0x0000000000012e80                __aeabi_uidivmod
 .text          0x0000000000012ea0      0x148 libgcc/libgcc.a(_divsi3.o)
                0x0000000000012ea0                __aeabi_idiv
                0x0000000000012ea0                __divsi3
                0x0000000000012fc8                __aeabi_idivmod
 .text          0x0000000000012fe8        0x4 libgcc/libgcc.a(_dvmd_tls.o)
                0x0000000000012fe8                __aeabi_ldiv0
                0x0000000000012fe8                __aeabi_idiv0
 .text          0x0000000000012fec       0x3c libgcc/libgcc.a(_aeabi_uldivmod.o)
                0x0000000000012fec                __aeabi_uldivmod
 .text          0x0000000000013028       0x84 libgcc/libgcc.a(bpabi.o)
                0x0000000000013028                __gnu_ldivmod_helper
                0x000000000001306c                __gnu_uldivmod_helper
 .text          0x00000000000130ac      0x4f8 libgcc/libgcc.a(_divdi3.o)
                0x00000000000130ac                __divdi3
 .text          0x00000000000135a4      0x498 libgcc/libgcc.a(_udivdi3.o)
                0x00000000000135a4                __udivdi3
 .text          0x0000000000013a3c      0xfb0 libgcc/libgcc.a(unwind-arm.o)
                0x0000000000013ec4                _Unwind_GetCFA
                0x0000000000013ecc                __gnu_Unwind_RaiseException
                0x0000000000013f78                __gnu_Unwind_ForcedUnwind
                0x0000000000013f9c                __gnu_Unwind_Resume
                0x0000000000014014                __gnu_Unwind_Resume_or_Rethrow
                0x0000000000014034                _Unwind_Complete
                0x0000000000014038                _Unwind_DeleteException
                0x000000000001405c                _Unwind_VRS_Get
                0x00000000000140d0                _Unwind_VRS_Set
                0x0000000000014574                __aeabi_unwind_cpp_pr2
                0x000000000001457c                __aeabi_unwind_cpp_pr1
                0x0000000000014584                __aeabi_unwind_cpp_pr0
                0x000000000001458c                __gnu_Unwind_Backtrace
                0x0000000000014658                _Unwind_VRS_Pop
 .text          0x00000000000149ec      0x1b0 libgcc/libgcc.a(libunwind.o)
                0x00000000000149ec                __restore_core_regs
                0x00000000000149ec                restore_core_regs
                0x0000000000014a08                __gnu_Unwind_Restore_VFP
                0x0000000000014a10                __gnu_Unwind_Save_VFP
                0x0000000000014a18                __gnu_Unwind_Restore_VFP_D
                0x0000000000014a20                __gnu_Unwind_Save_VFP_D
                0x0000000000014a28                __gnu_Unwind_Restore_VFP_D_16_to_31
                0x0000000000014a30                __gnu_Unwind_Save_VFP_D_16_to_31
                0x0000000000014a38                __gnu_Unwind_Restore_WMMXD
                0x0000000000014a7c                __gnu_Unwind_Save_WMMXD
                0x0000000000014ac0                __gnu_Unwind_Restore_WMMXC
                0x0000000000014ad4                __gnu_Unwind_Save_WMMXC
                0x0000000000014ae8                ___Unwind_RaiseException
                0x0000000000014ae8                _Unwind_RaiseException
                0x0000000000014b0c                ___Unwind_Resume
                0x0000000000014b0c                _Unwind_Resume
                0x0000000000014b30                _Unwind_Resume_or_Rethrow
                0x0000000000014b30                ___Unwind_Resume_or_Rethrow
                0x0000000000014b54                ___Unwind_ForcedUnwind
                0x0000000000014b54                _Unwind_ForcedUnwind
                0x0000000000014b78                _Unwind_Backtrace
                0x0000000000014b78                ___Unwind_Backtrace
 .text          0x0000000000014b9c      0x53c libgcc/libgcc.a(pr-support.o)
                0x0000000000014c30                __gnu_unwind_execute
                0x000000000001504c                __gnu_unwind_frame
                0x0000000000015094                _Unwind_GetRegionStart
                0x00000000000150a8                _Unwind_GetLanguageSpecificData
                0x00000000000150c8                _Unwind_GetDataRelBase
                0x00000000000150d0                _Unwind_GetTextRelBase
 .text          0x00000000000150d8       0x48 libgcc/libgcc.a(_clzsi2.o)
                0x00000000000150d8                __clzsi2
 *(.rodata)
 .rodata        0x0000000000015120       0x98 build/bitmap.o
 .rodata        0x00000000000151b8       0x64 build/console.o
 .rodata        0x000000000001521c       0x70 build/debug.o
 .rodata        0x000000000001528c       0x6c build/hash.o
 .rodata        0x00000000000152f8      0x3d4 build/init.o
 .rodata        0x00000000000156cc      0x11c build/list.o
 .rodata        0x00000000000157e8      0x168 build/interrupt.o
 .rodata        0x0000000000015950       0x78 build/malloc.o
 .rodata        0x00000000000159c8       0xf8 build/palloc.o
 .rodata        0x0000000000015ac0      0x134 build/stdio.o
 .rodata        0x0000000000015bf4       0x34 build/stdlib.o
 .rodata        0x0000000000015c28       0x80 build/string.o
 .rodata        0x0000000000015ca8       0xf0 build/synch.o
 .rodata        0x0000000000015d98       0x30 build/timer.o
 .rodata        0x0000000000015dc8      0x19c build/thread.o

.data           0x0000000000016000     0x2060
 *(.data)
 .data          0x0000000000016000        0x0 build/contextSwitch.o
 .data          0x0000000000016000      0x810 build/drawing.o
 *fill*         0x0000000000016810      0x7f0 
 .data          0x0000000000017000     0x1000 build/frameBufferInfo.o
                0x0000000000017000                FrameBufferInfo
 .data          0x0000000000018000        0x0 build/gpioFunction.o
 .data          0x0000000000018000       0x40 build/interruptsHandlers.o
                0x0000000000018000                exec_int_msg
 .data          0x0000000000018040        0x0 build/mailbox.o
 .data          0x0000000000018040        0x0 build/memoryCopy.o
 .data          0x0000000000018040        0x0 build/start.o
 .data          0x0000000000018040        0x0 build/bitmap.o
 .data          0x0000000000018040        0x0 build/console.o
 .data          0x0000000000018040        0x0 build/debug.o
 .data          0x0000000000018040        0x0 build/framebuffer.o
 .data          0x0000000000018040        0x0 build/gpio.o
 .data          0x0000000000018040        0x0 build/hash.o
 .data          0x0000000000018040        0x4 build/init.o
 .data          0x0000000000018044        0x0 build/list.o
 .data          0x0000000000018044        0x0 build/interrupt.o
 .data          0x0000000000018044        0x0 build/malloc.o
 .data          0x0000000000018044        0x0 build/palloc.o
 .data          0x0000000000018044        0x0 build/random.o
 .data          0x0000000000018044        0x0 build/serial.o
 .data          0x0000000000018044       0x18 build/stdio.o
 .data          0x000000000001805c        0x0 build/stdlib.o
 .data          0x000000000001805c        0x0 build/string.o
 .data          0x000000000001805c        0x0 build/synch.o
 .data          0x000000000001805c        0x0 build/timer.o
 .data          0x000000000001805c        0x4 build/thread.o
 .data          0x0000000000018060        0x0 build/video.o
 .data          0x0000000000018060        0x0 libgcc/libgcc.a(_udivsi3.o)
 .data          0x0000000000018060        0x0 libgcc/libgcc.a(_divsi3.o)
 .data          0x0000000000018060        0x0 libgcc/libgcc.a(_dvmd_tls.o)
 .data          0x0000000000018060        0x0 libgcc/libgcc.a(_aeabi_uldivmod.o)
 .data          0x0000000000018060        0x0 libgcc/libgcc.a(bpabi.o)
 .data          0x0000000000018060        0x0 libgcc/libgcc.a(_divdi3.o)
 .data          0x0000000000018060        0x0 libgcc/libgcc.a(_udivdi3.o)
 .data          0x0000000000018060        0x0 libgcc/libgcc.a(unwind-arm.o)
 .data          0x0000000000018060        0x0 libgcc/libgcc.a(libunwind.o)
 .data          0x0000000000018060        0x0 libgcc/libgcc.a(pr-support.o)
 .data          0x0000000000018060        0x0 libgcc/libgcc.a(_clzsi2.o)

.bss            0x0000000000018060      0x628
 *(.bss)
 .bss           0x0000000000018060        0x0 build/contextSwitch.o
 .bss           0x0000000000018060        0x0 build/drawing.o
 .bss           0x0000000000018060        0x0 build/frameBufferInfo.o
 .bss           0x0000000000018060        0x0 build/gpioFunction.o
 .bss           0x0000000000018060        0x0 build/interruptsHandlers.o
 .bss           0x0000000000018060        0x0 build/mailbox.o
 .bss           0x0000000000018060        0x0 build/memoryCopy.o
 .bss           0x0000000000018060        0x0 build/start.o
 .bss           0x0000000000018060        0x0 build/bitmap.o
 .bss           0x0000000000018060       0x28 build/console.o
 .bss           0x0000000000018088        0x0 build/debug.o
 .bss           0x0000000000018088        0x0 build/framebuffer.o
 .bss           0x0000000000018088        0x0 build/gpio.o
 .bss           0x0000000000018088        0x0 build/hash.o
 .bss           0x0000000000018088       0x40 build/init.o
 .bss           0x00000000000180c8        0x0 build/list.o
 .bss           0x00000000000180c8      0x20c build/interrupt.o
 .bss           0x00000000000182d4      0x1e4 build/malloc.o
 .bss           0x00000000000184b8       0x40 build/palloc.o
 .bss           0x00000000000184f8      0x104 build/random.o
 .bss           0x00000000000185fc        0x0 build/serial.o
 .bss           0x00000000000185fc        0x0 build/stdio.o
 .bss           0x00000000000185fc        0x0 build/stdlib.o
 .bss           0x00000000000185fc        0x0 build/string.o
 .bss           0x00000000000185fc        0x0 build/synch.o
 .bss           0x00000000000185fc        0x0 build/timer.o
 *fill*         0x00000000000185fc        0x4 
 .bss           0x0000000000018600       0x68 build/thread.o
 .bss           0x0000000000018668       0x20 build/video.o
 .bss           0x0000000000018688        0x0 libgcc/libgcc.a(_udivsi3.o)
 .bss           0x0000000000018688        0x0 libgcc/libgcc.a(_divsi3.o)
 .bss           0x0000000000018688        0x0 libgcc/libgcc.a(_dvmd_tls.o)
 .bss           0x0000000000018688        0x0 libgcc/libgcc.a(_aeabi_uldivmod.o)
 .bss           0x0000000000018688        0x0 libgcc/libgcc.a(bpabi.o)
 .bss           0x0000000000018688        0x0 libgcc/libgcc.a(_divdi3.o)
 .bss           0x0000000000018688        0x0 libgcc/libgcc.a(_udivdi3.o)
 .bss           0x0000000000018688        0x0 libgcc/libgcc.a(unwind-arm.o)
 .bss           0x0000000000018688        0x0 libgcc/libgcc.a(libunwind.o)
 .bss           0x0000000000018688        0x0 libgcc/libgcc.a(pr-support.o)
 .bss           0x0000000000018688        0x0 libgcc/libgcc.a(_clzsi2.o)

.ARM.extab      0x0000000000018688       0x30
 *(.ARM.extab* .gnu.linkonce.armextab.*)
 .ARM.extab     0x0000000000018688        0x0 libgcc/libgcc.a(_divdi3.o)
 .ARM.extab     0x0000000000018688        0x0 libgcc/libgcc.a(_udivdi3.o)
 .ARM.extab     0x0000000000018688       0x18 libgcc/libgcc.a(unwind-arm.o)
 .ARM.extab     0x00000000000186a0       0x18 libgcc/libgcc.a(pr-support.o)
                0x00000000000186b8                __exidx_start = .

.ARM.exidx      0x00000000000186b8       0xd0
 *(.ARM.exidx* .gnu.linkonce.armexidx.*)
 .ARM.exidx     0x00000000000186b8        0x8 libgcc/libgcc.a(_divdi3.o)
 .ARM.exidx     0x00000000000186c0        0x0 libgcc/libgcc.a(_udivdi3.o)
                                          0x8 (size before relaxing)
 .ARM.exidx     0x00000000000186c0       0x90 libgcc/libgcc.a(unwind-arm.o)
                                         0xd8 (size before relaxing)
 .ARM.exidx     0x0000000000018750       0x38 libgcc/libgcc.a(pr-support.o)
                                         0x48 (size before relaxing)
                0x0000000000018788                __exidx_end = .

/DISCARD/
 *(*)
LOAD libgcc/libgcc.a
OUTPUT(build/output.elf elf32-littlearm)
