Archive member included because of file (symbol)

libgcc/libgcc.a(_udivsi3.o)   build/malloc.o (__aeabi_uidiv)
libgcc/libgcc.a(_divsi3.o)    build/stdio.o (__aeabi_idivmod)
libgcc/libgcc.a(_dvmd_tls.o)  libgcc/libgcc.a(_udivsi3.o) (__aeabi_idiv0)
libgcc/libgcc.a(_aeabi_uldivmod.o)
                              build/stdio.o (__aeabi_uldivmod)
libgcc/libgcc.a(bpabi.o)      libgcc/libgcc.a(_aeabi_uldivmod.o) (__gnu_uldivmod_helper)
libgcc/libgcc.a(_divdi3.o)    libgcc/libgcc.a(bpabi.o) (__divdi3)
libgcc/libgcc.a(_udivdi3.o)   libgcc/libgcc.a(bpabi.o) (__udivdi3)
libgcc/libgcc.a(unwind-arm.o)
                              libgcc/libgcc.a(_divdi3.o) (__aeabi_unwind_cpp_pr0)
libgcc/libgcc.a(libunwind.o)  libgcc/libgcc.a(unwind-arm.o) (restore_core_regs)
libgcc/libgcc.a(pr-support.o)
                              libgcc/libgcc.a(unwind-arm.o) (__gnu_unwind_execute)
libgcc/libgcc.a(_clzsi2.o)    libgcc/libgcc.a(_divdi3.o) (__clzsi2)

Discarded input sections

 .ARM.attributes
                0x0000000000000000       0x14 build/contextSwitch.o
 .ARM.attributes
                0x0000000000000000       0x14 build/drawing.o
 .ARM.attributes
                0x0000000000000000       0x14 build/frameBufferInfo.o
 .ARM.attributes
                0x0000000000000000       0x14 build/gpioFunction.o
 .ARM.attributes
                0x0000000000000000       0x14 build/interruptsHandlers.o
 .ARM.attributes
                0x0000000000000000       0x14 build/mailbox.o
 .ARM.attributes
                0x0000000000000000       0x14 build/memoryCopy.o
 .ARM.attributes
                0x0000000000000000       0x16 build/start.o
 .comment       0x0000000000000000       0x20 build/bitmap.o
 .ARM.attributes
                0x0000000000000000       0x38 build/bitmap.o
 .comment       0x0000000000000000       0x20 build/console.o
 .ARM.attributes
                0x0000000000000000       0x38 build/console.o
 .comment       0x0000000000000000       0x20 build/debug.o
 .ARM.attributes
                0x0000000000000000       0x38 build/debug.o
 .comment       0x0000000000000000       0x20 build/framebuffer.o
 .ARM.attributes
                0x0000000000000000       0x38 build/framebuffer.o
 .comment       0x0000000000000000       0x20 build/gpio.o
 .ARM.attributes
                0x0000000000000000       0x38 build/gpio.o
 .comment       0x0000000000000000       0x20 build/hash.o
 .ARM.attributes
                0x0000000000000000       0x38 build/hash.o
 .comment       0x0000000000000000       0x20 build/init.o
 .ARM.attributes
                0x0000000000000000       0x38 build/init.o
 .comment       0x0000000000000000       0x20 build/list.o
 .ARM.attributes
                0x0000000000000000       0x38 build/list.o
 .comment       0x0000000000000000       0x20 build/interrupt.o
 .ARM.attributes
                0x0000000000000000       0x38 build/interrupt.o
 .comment       0x0000000000000000       0x20 build/malloc.o
 .ARM.attributes
                0x0000000000000000       0x38 build/malloc.o
 .comment       0x0000000000000000       0x20 build/palloc.o
 .ARM.attributes
                0x0000000000000000       0x38 build/palloc.o
 .comment       0x0000000000000000       0x20 build/random.o
 .ARM.attributes
                0x0000000000000000       0x38 build/random.o
 .comment       0x0000000000000000       0x20 build/serial.o
 .ARM.attributes
                0x0000000000000000       0x38 build/serial.o
 .comment       0x0000000000000000       0x20 build/stdio.o
 .ARM.attributes
                0x0000000000000000       0x38 build/stdio.o
 .comment       0x0000000000000000       0x20 build/stdlib.o
 .ARM.attributes
                0x0000000000000000       0x38 build/stdlib.o
 .comment       0x0000000000000000       0x20 build/string.o
 .ARM.attributes
                0x0000000000000000       0x38 build/string.o
 .comment       0x0000000000000000       0x20 build/synch.o
 .ARM.attributes
                0x0000000000000000       0x38 build/synch.o
 .comment       0x0000000000000000       0x20 build/timer.o
 .ARM.attributes
                0x0000000000000000       0x38 build/timer.o
 .comment       0x0000000000000000       0x20 build/thread.o
 .ARM.attributes
                0x0000000000000000       0x38 build/thread.o
 .comment       0x0000000000000000       0x20 build/video.o
 .ARM.attributes
                0x0000000000000000       0x38 build/video.o
 .debug_frame   0x0000000000000000       0x20 libgcc/libgcc.a(_udivsi3.o)
 .ARM.attributes
                0x0000000000000000       0x18 libgcc/libgcc.a(_udivsi3.o)
 .debug_line    0x0000000000000000       0x8a libgcc/libgcc.a(_udivsi3.o)
 .debug_info    0x0000000000000000       0x99 libgcc/libgcc.a(_udivsi3.o)
 .debug_abbrev  0x0000000000000000       0x14 libgcc/libgcc.a(_udivsi3.o)
 .debug_aranges
                0x0000000000000000       0x20 libgcc/libgcc.a(_udivsi3.o)
 .debug_frame   0x0000000000000000       0x20 libgcc/libgcc.a(_divsi3.o)
 .ARM.attributes
                0x0000000000000000       0x18 libgcc/libgcc.a(_divsi3.o)
 .debug_line    0x0000000000000000       0x96 libgcc/libgcc.a(_divsi3.o)
 .debug_info    0x0000000000000000       0x99 libgcc/libgcc.a(_divsi3.o)
 .debug_abbrev  0x0000000000000000       0x14 libgcc/libgcc.a(_divsi3.o)
 .debug_aranges
                0x0000000000000000       0x20 libgcc/libgcc.a(_divsi3.o)
 .ARM.attributes
                0x0000000000000000       0x18 libgcc/libgcc.a(_dvmd_tls.o)
 .debug_line    0x0000000000000000       0x61 libgcc/libgcc.a(_dvmd_tls.o)
 .debug_info    0x0000000000000000       0x99 libgcc/libgcc.a(_dvmd_tls.o)
 .debug_abbrev  0x0000000000000000       0x14 libgcc/libgcc.a(_dvmd_tls.o)
 .debug_aranges
                0x0000000000000000       0x20 libgcc/libgcc.a(_dvmd_tls.o)
 .ARM.attributes
                0x0000000000000000       0x18 libgcc/libgcc.a(_aeabi_uldivmod.o)
 .debug_line    0x0000000000000000       0x66 libgcc/libgcc.a(_aeabi_uldivmod.o)
 .debug_info    0x0000000000000000       0x95 libgcc/libgcc.a(_aeabi_uldivmod.o)
 .debug_abbrev  0x0000000000000000       0x14 libgcc/libgcc.a(_aeabi_uldivmod.o)
 .debug_aranges
                0x0000000000000000       0x20 libgcc/libgcc.a(_aeabi_uldivmod.o)
 .debug_info    0x0000000000000000      0x174 libgcc/libgcc.a(bpabi.o)
 .debug_abbrev  0x0000000000000000       0xb7 libgcc/libgcc.a(bpabi.o)
 .debug_loc     0x0000000000000000       0xe0 libgcc/libgcc.a(bpabi.o)
 .debug_aranges
                0x0000000000000000       0x20 libgcc/libgcc.a(bpabi.o)
 .debug_line    0x0000000000000000       0x67 libgcc/libgcc.a(bpabi.o)
 .debug_str     0x0000000000000000       0xef libgcc/libgcc.a(bpabi.o)
 .comment       0x0000000000000000       0x12 libgcc/libgcc.a(bpabi.o)
 .ARM.attributes
                0x0000000000000000       0x30 libgcc/libgcc.a(bpabi.o)
 .debug_frame   0x0000000000000000       0x54 libgcc/libgcc.a(bpabi.o)
 .debug_info    0x0000000000000000      0x5ec libgcc/libgcc.a(_divdi3.o)
 .debug_abbrev  0x0000000000000000      0x165 libgcc/libgcc.a(_divdi3.o)
 .debug_loc     0x0000000000000000      0xb77 libgcc/libgcc.a(_divdi3.o)
 .debug_aranges
                0x0000000000000000       0x20 libgcc/libgcc.a(_divdi3.o)
 .debug_ranges  0x0000000000000000       0xc8 libgcc/libgcc.a(_divdi3.o)
 .debug_line    0x0000000000000000       0xdb libgcc/libgcc.a(_divdi3.o)
 .debug_str     0x0000000000000000      0x1a3 libgcc/libgcc.a(_divdi3.o)
 .comment       0x0000000000000000       0x12 libgcc/libgcc.a(_divdi3.o)
 .ARM.attributes
                0x0000000000000000       0x30 libgcc/libgcc.a(_divdi3.o)
 .debug_frame   0x0000000000000000       0x38 libgcc/libgcc.a(_divdi3.o)
 .debug_info    0x0000000000000000      0x5ab libgcc/libgcc.a(_udivdi3.o)
 .debug_abbrev  0x0000000000000000      0x154 libgcc/libgcc.a(_udivdi3.o)
 .debug_loc     0x0000000000000000      0xc8c libgcc/libgcc.a(_udivdi3.o)
 .debug_aranges
                0x0000000000000000       0x20 libgcc/libgcc.a(_udivdi3.o)
 .debug_ranges  0x0000000000000000       0xd8 libgcc/libgcc.a(_udivdi3.o)
 .debug_line    0x0000000000000000       0xce libgcc/libgcc.a(_udivdi3.o)
 .debug_str     0x0000000000000000      0x1a4 libgcc/libgcc.a(_udivdi3.o)
 .comment       0x0000000000000000       0x12 libgcc/libgcc.a(_udivdi3.o)
 .ARM.attributes
                0x0000000000000000       0x30 libgcc/libgcc.a(_udivdi3.o)
 .debug_frame   0x0000000000000000       0x38 libgcc/libgcc.a(_udivdi3.o)
 .debug_info    0x0000000000000000     0x1d4d libgcc/libgcc.a(unwind-arm.o)
 .debug_abbrev  0x0000000000000000      0x48f libgcc/libgcc.a(unwind-arm.o)
 .debug_loc     0x0000000000000000     0x18d0 libgcc/libgcc.a(unwind-arm.o)
 .debug_aranges
                0x0000000000000000       0x20 libgcc/libgcc.a(unwind-arm.o)
 .debug_ranges  0x0000000000000000      0x138 libgcc/libgcc.a(unwind-arm.o)
 .debug_line    0x0000000000000000      0x538 libgcc/libgcc.a(unwind-arm.o)
 .debug_str     0x0000000000000000      0xb7f libgcc/libgcc.a(unwind-arm.o)
 .comment       0x0000000000000000       0x12 libgcc/libgcc.a(unwind-arm.o)
 .ARM.attributes
                0x0000000000000000       0x30 libgcc/libgcc.a(unwind-arm.o)
 .debug_frame   0x0000000000000000      0x290 libgcc/libgcc.a(unwind-arm.o)
 .ARM.attributes
                0x0000000000000000       0x1c libgcc/libgcc.a(libunwind.o)
 .debug_line    0x0000000000000000       0xaf libgcc/libgcc.a(libunwind.o)
 .debug_info    0x0000000000000000       0x99 libgcc/libgcc.a(libunwind.o)
 .debug_abbrev  0x0000000000000000       0x14 libgcc/libgcc.a(libunwind.o)
 .debug_aranges
                0x0000000000000000       0x20 libgcc/libgcc.a(libunwind.o)
 .debug_info    0x0000000000000000      0xa5b libgcc/libgcc.a(pr-support.o)
 .debug_abbrev  0x0000000000000000      0x26c libgcc/libgcc.a(pr-support.o)
 .debug_loc     0x0000000000000000      0x652 libgcc/libgcc.a(pr-support.o)
 .debug_aranges
                0x0000000000000000       0x20 libgcc/libgcc.a(pr-support.o)
 .debug_ranges  0x0000000000000000       0x48 libgcc/libgcc.a(pr-support.o)
 .debug_line    0x0000000000000000      0x1c4 libgcc/libgcc.a(pr-support.o)
 .debug_str     0x0000000000000000      0x4de libgcc/libgcc.a(pr-support.o)
 .comment       0x0000000000000000       0x12 libgcc/libgcc.a(pr-support.o)
 .ARM.attributes
                0x0000000000000000       0x30 libgcc/libgcc.a(pr-support.o)
 .debug_frame   0x0000000000000000       0xe4 libgcc/libgcc.a(pr-support.o)
 .ARM.attributes
                0x0000000000000000       0x18 libgcc/libgcc.a(_clzsi2.o)
 .debug_line    0x0000000000000000       0x6e libgcc/libgcc.a(_clzsi2.o)
 .debug_info    0x0000000000000000       0x99 libgcc/libgcc.a(_clzsi2.o)
 .debug_abbrev  0x0000000000000000       0x14 libgcc/libgcc.a(_clzsi2.o)
 .debug_aranges
                0x0000000000000000       0x20 libgcc/libgcc.a(_clzsi2.o)

Memory Configuration

Name             Origin             Length             Attributes
*default*        0x0000000000000000 0xffffffffffffffff

Linker script and memory map

LOAD build/contextSwitch.o
LOAD build/drawing.o
LOAD build/frameBufferInfo.o
LOAD build/gpioFunction.o
LOAD build/interruptsHandlers.o
LOAD build/mailbox.o
LOAD build/memoryCopy.o
LOAD build/start.o
LOAD build/bitmap.o
LOAD build/console.o
LOAD build/debug.o
LOAD build/framebuffer.o
LOAD build/gpio.o
LOAD build/hash.o
LOAD build/init.o
LOAD build/list.o
LOAD build/interrupt.o
LOAD build/malloc.o
LOAD build/palloc.o
LOAD build/random.o
LOAD build/serial.o
LOAD build/stdio.o
LOAD build/stdlib.o
LOAD build/string.o
LOAD build/synch.o
LOAD build/timer.o
LOAD build/thread.o
LOAD build/video.o

.init           0x0000000000008000       0xa0
 *(.init)
 .init          0x0000000000008000       0xa0 build/start.o
                0x0000000000008000                _start
                0x000000000000808c                PUT32
                0x0000000000008094                GET32
                0x000000000000809c                dummy

.text           0x00000000000080a0     0xe948
 *(.text)
 .text          0x00000000000080a0       0xd4 build/contextSwitch.o
                0x00000000000080a0                save_context
                0x00000000000080fc                save_and_switch_context
 .text          0x0000000000008174      0x178 build/drawing.o
                0x0000000000008174                SetForeColour
                0x000000000000818c                GetForeColour
                0x0000000000008198                SetGraphicsAddress
                0x00000000000081a4                GetGraphicsAddress
                0x00000000000081b0                DrawPixel
                0x00000000000081f8                DrawLine
                0x0000000000008274                DrawCharacter
 .text          0x00000000000082ec       0x60 build/frameBufferInfo.o
                0x00000000000082ec                InitialiseFrameBuffer
 .text          0x000000000000834c       0x98 build/gpioFunction.o
                0x000000000000834c                GetGpioAddress
                0x0000000000008354                SetGpioFunction
                0x00000000000083a4                SetGpio
 .text          0x00000000000083e4      0x130 build/interruptsHandlers.o
                0x00000000000083e4                print_executing_interrupt
                0x00000000000083f4                generate_swi_interrupt
                0x00000000000083fc                swi_handler_int
                0x0000000000008460                irq_handler_int
                0x00000000000084c0                get_cpsr_value
                0x00000000000084c8                enable_irq_interruptions
                0x00000000000084d8                disable_irq_interruptions
                0x00000000000084e8                enable_fiq_interruptions
                0x00000000000084f8                disable_fiq_interruptions
                0x0000000000008508                get_current_sp
 .text          0x0000000000008514       0x6c build/mailbox.o
                0x0000000000008514                GetMailboxBase
                0x000000000000851c                MailboxRead
                0x0000000000008550                MailboxWrite
 .text          0x0000000000008580       0x70 build/memoryCopy.o
                0x0000000000008580                memory_fastest_copy
                0x00000000000085d0                memory_fast_copy
 .text          0x00000000000085f0        0x0 build/start.o
 .text          0x00000000000085f0      0x9e4 build/bitmap.o
                0x00000000000086a0                bitmap_create
                0x0000000000008744                bitmap_create_in_buf
                0x00000000000087d4                bitmap_buf_size
                0x0000000000008800                bitmap_destroy
                0x000000000000883c                bitmap_size
                0x0000000000008864                bitmap_set
                0x0000000000008904                bitmap_test
                0x00000000000089b8                bitmap_set_all
                0x0000000000008a20                bitmap_set_multiple
                0x0000000000008b10                bitmap_mark
                0x0000000000008b7c                bitmap_reset
                0x0000000000008bec                bitmap_contains
                0x0000000000008cf4                bitmap_any
                0x0000000000008d30                bitmap_none
                0x0000000000008d8c                bitmap_all
                0x0000000000008de8                bitmap_scan
                0x0000000000008f08                bitmap_scan_and_flip
                0x0000000000008f8c                bitmap_dump
 .text          0x0000000000008fd4      0x3b8 build/console.o
                0x0000000000008fd4                console_init
                0x0000000000008ffc                console_panic
                0x0000000000009020                console_print_stats
                0x0000000000009190                vprintf
                0x00000000000091dc                puts
                0x0000000000009238                putbuf
                0x000000000000928c                putchar
 .text          0x000000000000938c      0x128 build/debug.o
                0x000000000000938c                debug_panic
                0x0000000000009410                debug_print_bits_int
                0x000000000000948c                abort
 .text          0x00000000000094b4       0x58 build/framebuffer.o
                0x00000000000094b4                framebuffer_init
 .text          0x000000000000950c       0x50 build/gpio.o
                0x000000000000950c                gpio_enable_function
                0x0000000000009534                gpio_set_register
 .text          0x000000000000955c      0xc28 build/hash.o
                0x000000000000955c                hash_init
                0x000000000000960c                hash_clear
                0x00000000000096e0                hash_destroy
                0x0000000000009724                hash_insert
                0x0000000000009790                hash_replace
                0x0000000000009808                hash_find
                0x000000000000984c                hash_delete
                0x00000000000098b4                hash_apply
                0x00000000000099a0                hash_first
                0x0000000000009a4c                hash_next
                0x0000000000009b68                hash_cur
                0x0000000000009b90                hash_size
                0x0000000000009bb8                hash_empty
                0x0000000000009bf0                hash_bytes
                0x0000000000009c94                hash_string
                0x0000000000009d30                hash_int
 .text          0x000000000000a184      0xcfc build/init.o
                0x000000000000a260                init
                0x000000000000a45c                setPriority
 .text          0x000000000000ae80     0x1284 build/list.o
                0x000000000000afa0                list_init
                0x000000000000b018                list_begin
                0x000000000000b068                list_next
                0x000000000000b0d4                list_end
                0x000000000000b124                list_rbegin
                0x000000000000b174                list_prev
                0x000000000000b1e0                list_rend
                0x000000000000b22c                list_head
                0x000000000000b278                list_tail
                0x000000000000b2c8                list_insert
                0x000000000000b384                list_splice
                0x000000000000b4bc                list_push_front
                0x000000000000b4f0                list_push_back
                0x000000000000b524                list_remove
                0x000000000000b5a4                list_pop_front
                0x000000000000b5d8                list_pop_back
                0x000000000000b60c                list_front
                0x000000000000b66c                list_back
                0x000000000000b6d0                list_size
                0x000000000000b738                list_empty
                0x000000000000b7c4                list_reverse
                0x000000000000bbdc                list_sort
                0x000000000000bd6c                list_insert_ordered
                0x000000000000be70                list_unique
                0x000000000000bfb4                list_max
                0x000000000000c05c                list_min
 .text          0x000000000000c104      0x9b4 build/interrupt.o
                0x000000000000c104                interrupts_init
                0x000000000000c1ac                interrupts_register_irq
                0x000000000000c228                interrupts_register_swi
                0x000000000000c268                interrupts_get_irq_name
                0x000000000000c2c0                interrupts_get_swi_name
                0x000000000000c2e4                interrupts_get_level
                0x000000000000c31c                interrupts_set_level
                0x000000000000c35c                interrupts_enable
                0x000000000000c388                interrupts_disable
                0x000000000000c3b4                interrupts_print_status
                0x000000000000c450                interrupts_context
                0x000000000000c474                interrupts_was_irq_generated
                0x000000000000c498                interrupts_yield_on_return
                0x000000000000c4bc                interrupts_dispatch_irq
                0x000000000000c704                interrupts_dispatch_swi
                0x000000000000c7a8                interrupts_debug
 .text          0x000000000000cab8      0x8b0 build/malloc.o
                0x000000000000cb10                malloc_init
                0x000000000000cc18                malloc
                0x000000000000ce78                calloc
                0x000000000000cf70                realloc
                0x000000000000d010                free
 .text          0x000000000000d368      0x578 build/palloc.o
                0x000000000000d3bc                palloc_init
                0x000000000000d490                palloc_get_multiple
                0x000000000000d5c4                palloc_get_page
                0x000000000000d5f8                palloc_free_multiple
                0x000000000000d760                palloc_free_page
 .text          0x000000000000d8e0      0x2b8 build/random.o
                0x000000000000d928                random_init
                0x000000000000da44                random_bytes
                0x000000000000db6c                random_ulong
 .text          0x000000000000db98      0x4e0 build/serial.o
                0x000000000000db98                serial_init
                0x000000000000dba8                serial_putc
                0x000000000000dbd0                serial_flush
                0x000000000000dbe4                serial_notify
                0x000000000000dbf8                uart_init
                0x000000000000dd6c                uart_putc_helper
                0x000000000000dd9c                uart_putc
                0x000000000000dde4                uart_getc
                0x000000000000de70                uart_write
                0x000000000000decc                uart_puts
                0x000000000000defc                test_serial
                0x000000000000e048                keyboard_init
 .text          0x000000000000e078     0x1764 build/stdio.o
                0x000000000000e100                vsnprintf
                0x000000000000e1f8                snprintf
                0x000000000000e248                printf
                0x000000000000e288                __vprintf
                0x000000000000f42c                __printf
                0x000000000000f470                hex_dump
                0x000000000000f728                print_human_readable_size
 .text          0x000000000000f7dc      0x764 build/stdlib.o
                0x000000000000f894                atoi
                0x000000000000fa1c                qsort
                0x000000000000fcac                sort
                0x000000000000fdf8                bsearch
                0x000000000000fe4c                binary_search
 .text          0x000000000000ff40      0xcf0 build/string.o
                0x000000000000ff40                memcpy
                0x0000000000010014                memmove
                0x000000000001015c                memcmp
                0x0000000000010268                strcmp
                0x0000000000010368                memchr
                0x0000000000010418                strchr
                0x00000000000104b0                strcspn
                0x0000000000010530                strpbrk
                0x000000000001059c                strrchr
                0x0000000000010610                strspn
                0x0000000000010690                strstr
                0x0000000000010744                strtok_r
                0x00000000000108b8                memset
                0x0000000000010954                strlen
                0x00000000000109d4                strnlen
                0x0000000000010a3c                strlcpy
                0x0000000000010b14                strlcat
 .text          0x0000000000010c30      0x950 build/synch.o
                0x0000000000010c30                sema_init
                0x0000000000010c94                sema_down
                0x0000000000010d68                sema_try_down
                0x0000000000010e04                sema_up
                0x0000000000010ebc                sema_self_test
                0x0000000000010fac                lock_init
                0x0000000000011010                lock_acquire
                0x00000000000110d0                lock_try_acquire
                0x0000000000011180                lock_release
                0x0000000000011208                lock_held_by_current_thread
                0x0000000000011270                cond_init
                0x00000000000112c4                cond_wait
                0x00000000000113d4                cond_signal
                0x00000000000114e0                cond_broadcast
 .text          0x0000000000011580      0x264 build/timer.o
                0x0000000000011580                timer_init
                0x00000000000115d0                timer_get_timestamp
                0x00000000000115f4                timer_msleep
                0x0000000000011650                my_timer_msleep
 .text          0x00000000000117e4     0x1548 build/thread.o
                0x0000000000011810                thread_init
                0x0000000000011ab0                thread_start
                0x0000000000011b00                thread_tick
                0x0000000000011bb8                thread_print_stats
                0x0000000000011c04                thread_create
                0x0000000000011de4                thread_wait
                0x0000000000011eac                thread_block
                0x0000000000011f2c                thread_unblock
                0x0000000000011fdc                thread_name
                0x0000000000011ff8                thread_current
                0x0000000000012078                thread_tid
                0x0000000000012094                thread_exit
                0x00000000000121a0                thread_yield
                0x0000000000012570                thread_schedule_tail
                0x000000000001263c                thread_foreach
                0x00000000000126e4                thread_set_priority
                0x000000000001270c                thread_get_priority
                0x0000000000012728                thread_set_nice
                0x0000000000012744                thread_get_nice
                0x0000000000012760                thread_get_load_avg
                0x000000000001277c                thread_get_recent_cpu
                0x0000000000012948                my_order_function
                0x0000000000012ae0                set_current_interrupts_stack_frame
                0x0000000000012b88                disable_priority
                0x0000000000012bac                enable_priority
                0x0000000000012bd0                show_running_thread_status
                0x0000000000012d0c                get_all_list
 .text          0x0000000000012d2c      0x958 build/video.o
                0x0000000000012d2c                video_init
                0x0000000000012da8                video_clean
                0x0000000000012e5c                video_putc
 .text          0x0000000000013684      0x114 libgcc/libgcc.a(_udivsi3.o)
                0x0000000000013684                __udivsi3
                0x0000000000013684                __aeabi_uidiv
                0x0000000000013778                __aeabi_uidivmod
 .text          0x0000000000013798      0x148 libgcc/libgcc.a(_divsi3.o)
                0x0000000000013798                __aeabi_idiv
                0x0000000000013798                __divsi3
                0x00000000000138c0                __aeabi_idivmod
 .text          0x00000000000138e0        0x4 libgcc/libgcc.a(_dvmd_tls.o)
                0x00000000000138e0                __aeabi_ldiv0
                0x00000000000138e0                __aeabi_idiv0
 .text          0x00000000000138e4       0x3c libgcc/libgcc.a(_aeabi_uldivmod.o)
                0x00000000000138e4                __aeabi_uldivmod
 .text          0x0000000000013920       0x84 libgcc/libgcc.a(bpabi.o)
                0x0000000000013920                __gnu_ldivmod_helper
                0x0000000000013964                __gnu_uldivmod_helper
 .text          0x00000000000139a4      0x4f8 libgcc/libgcc.a(_divdi3.o)
                0x00000000000139a4                __divdi3
 .text          0x0000000000013e9c      0x498 libgcc/libgcc.a(_udivdi3.o)
                0x0000000000013e9c                __udivdi3
 .text          0x0000000000014334      0xfb0 libgcc/libgcc.a(unwind-arm.o)
                0x00000000000147bc                _Unwind_GetCFA
                0x00000000000147c4                __gnu_Unwind_RaiseException
                0x0000000000014870                __gnu_Unwind_ForcedUnwind
                0x0000000000014894                __gnu_Unwind_Resume
                0x000000000001490c                __gnu_Unwind_Resume_or_Rethrow
                0x000000000001492c                _Unwind_Complete
                0x0000000000014930                _Unwind_DeleteException
                0x0000000000014954                _Unwind_VRS_Get
                0x00000000000149c8                _Unwind_VRS_Set
                0x0000000000014e6c                __aeabi_unwind_cpp_pr2
                0x0000000000014e74                __aeabi_unwind_cpp_pr1
                0x0000000000014e7c                __aeabi_unwind_cpp_pr0
                0x0000000000014e84                __gnu_Unwind_Backtrace
                0x0000000000014f50                _Unwind_VRS_Pop
 .text          0x00000000000152e4      0x1b0 libgcc/libgcc.a(libunwind.o)
                0x00000000000152e4                __restore_core_regs
                0x00000000000152e4                restore_core_regs
                0x0000000000015300                __gnu_Unwind_Restore_VFP
                0x0000000000015308                __gnu_Unwind_Save_VFP
                0x0000000000015310                __gnu_Unwind_Restore_VFP_D
                0x0000000000015318                __gnu_Unwind_Save_VFP_D
                0x0000000000015320                __gnu_Unwind_Restore_VFP_D_16_to_31
                0x0000000000015328                __gnu_Unwind_Save_VFP_D_16_to_31
                0x0000000000015330                __gnu_Unwind_Restore_WMMXD
                0x0000000000015374                __gnu_Unwind_Save_WMMXD
                0x00000000000153b8                __gnu_Unwind_Restore_WMMXC
                0x00000000000153cc                __gnu_Unwind_Save_WMMXC
                0x00000000000153e0                ___Unwind_RaiseException
                0x00000000000153e0                _Unwind_RaiseException
                0x0000000000015404                ___Unwind_Resume
                0x0000000000015404                _Unwind_Resume
                0x0000000000015428                _Unwind_Resume_or_Rethrow
                0x0000000000015428                ___Unwind_Resume_or_Rethrow
                0x000000000001544c                ___Unwind_ForcedUnwind
                0x000000000001544c                _Unwind_ForcedUnwind
                0x0000000000015470                _Unwind_Backtrace
                0x0000000000015470                ___Unwind_Backtrace
 .text          0x0000000000015494      0x53c libgcc/libgcc.a(pr-support.o)
                0x0000000000015528                __gnu_unwind_execute
                0x0000000000015944                __gnu_unwind_frame
                0x000000000001598c                _Unwind_GetRegionStart
                0x00000000000159a0                _Unwind_GetLanguageSpecificData
                0x00000000000159c0                _Unwind_GetDataRelBase
                0x00000000000159c8                _Unwind_GetTextRelBase
 .text          0x00000000000159d0       0x48 libgcc/libgcc.a(_clzsi2.o)
                0x00000000000159d0                __clzsi2
 *(.rodata)
 .rodata        0x0000000000015a18       0x98 build/bitmap.o
 .rodata        0x0000000000015ab0       0x64 build/console.o
 .rodata        0x0000000000015b14       0x70 build/debug.o
 .rodata        0x0000000000015b84       0x6c build/hash.o
 .rodata        0x0000000000015bf0      0x3d8 build/init.o
 .rodata        0x0000000000015fc8      0x11c build/list.o
 .rodata        0x00000000000160e4      0x168 build/interrupt.o
 .rodata        0x000000000001624c       0x78 build/malloc.o
 .rodata        0x00000000000162c4       0xf8 build/palloc.o
 .rodata        0x00000000000163bc       0x30 build/serial.o
 .rodata        0x00000000000163ec      0x134 build/stdio.o
 .rodata        0x0000000000016520       0x34 build/stdlib.o
 .rodata        0x0000000000016554       0x80 build/string.o
 .rodata        0x00000000000165d4       0xf0 build/synch.o
 .rodata        0x00000000000166c4       0x30 build/timer.o
 .rodata        0x00000000000166f4      0x2f4 build/thread.o

.data           0x0000000000017000     0x2060
 *(.data)
 .data          0x0000000000017000        0x0 build/contextSwitch.o
 .data          0x0000000000017000      0x810 build/drawing.o
 *fill*         0x0000000000017810      0x7f0 
 .data          0x0000000000018000     0x1000 build/frameBufferInfo.o
                0x0000000000018000                FrameBufferInfo
 .data          0x0000000000019000        0x0 build/gpioFunction.o
 .data          0x0000000000019000       0x40 build/interruptsHandlers.o
                0x0000000000019000                exec_int_msg
 .data          0x0000000000019040        0x0 build/mailbox.o
 .data          0x0000000000019040        0x0 build/memoryCopy.o
 .data          0x0000000000019040        0x0 build/start.o
 .data          0x0000000000019040        0x0 build/bitmap.o
 .data          0x0000000000019040        0x0 build/console.o
 .data          0x0000000000019040        0x0 build/debug.o
 .data          0x0000000000019040        0x0 build/framebuffer.o
 .data          0x0000000000019040        0x0 build/gpio.o
 .data          0x0000000000019040        0x0 build/hash.o
 .data          0x0000000000019040        0x4 build/init.o
 .data          0x0000000000019044        0x0 build/list.o
 .data          0x0000000000019044        0x0 build/interrupt.o
 .data          0x0000000000019044        0x0 build/malloc.o
 .data          0x0000000000019044        0x0 build/palloc.o
 .data          0x0000000000019044        0x0 build/random.o
 .data          0x0000000000019044        0x0 build/serial.o
 .data          0x0000000000019044       0x18 build/stdio.o
 .data          0x000000000001905c        0x0 build/stdlib.o
 .data          0x000000000001905c        0x0 build/string.o
 .data          0x000000000001905c        0x0 build/synch.o
 .data          0x000000000001905c        0x0 build/timer.o
 .data          0x000000000001905c        0x4 build/thread.o
 .data          0x0000000000019060        0x0 build/video.o
 .data          0x0000000000019060        0x0 libgcc/libgcc.a(_udivsi3.o)
 .data          0x0000000000019060        0x0 libgcc/libgcc.a(_divsi3.o)
 .data          0x0000000000019060        0x0 libgcc/libgcc.a(_dvmd_tls.o)
 .data          0x0000000000019060        0x0 libgcc/libgcc.a(_aeabi_uldivmod.o)
 .data          0x0000000000019060        0x0 libgcc/libgcc.a(bpabi.o)
 .data          0x0000000000019060        0x0 libgcc/libgcc.a(_divdi3.o)
 .data          0x0000000000019060        0x0 libgcc/libgcc.a(_udivdi3.o)
 .data          0x0000000000019060        0x0 libgcc/libgcc.a(unwind-arm.o)
 .data          0x0000000000019060        0x0 libgcc/libgcc.a(libunwind.o)
 .data          0x0000000000019060        0x0 libgcc/libgcc.a(pr-support.o)
 .data          0x0000000000019060        0x0 libgcc/libgcc.a(_clzsi2.o)

.bss            0x0000000000019060     0x1640
 *(.bss)
 .bss           0x0000000000019060        0x0 build/contextSwitch.o
 .bss           0x0000000000019060        0x0 build/drawing.o
 .bss           0x0000000000019060        0x0 build/frameBufferInfo.o
 .bss           0x0000000000019060        0x0 build/gpioFunction.o
 .bss           0x0000000000019060        0x0 build/interruptsHandlers.o
 .bss           0x0000000000019060        0x0 build/mailbox.o
 .bss           0x0000000000019060        0x0 build/memoryCopy.o
 .bss           0x0000000000019060        0x0 build/start.o
 .bss           0x0000000000019060        0x0 build/bitmap.o
 .bss           0x0000000000019060       0x28 build/console.o
 .bss           0x0000000000019088        0x0 build/debug.o
 .bss           0x0000000000019088        0x0 build/framebuffer.o
 .bss           0x0000000000019088        0x0 build/gpio.o
 .bss           0x0000000000019088        0x0 build/hash.o
 .bss           0x0000000000019088       0x40 build/init.o
 .bss           0x00000000000190c8        0x0 build/list.o
 .bss           0x00000000000190c8      0x20c build/interrupt.o
 .bss           0x00000000000192d4      0x1e4 build/malloc.o
 .bss           0x00000000000194b8       0x40 build/palloc.o
 .bss           0x00000000000194f8      0x104 build/random.o
 .bss           0x00000000000195fc     0x1008 build/serial.o
 .bss           0x000000000001a604        0x0 build/stdio.o
 .bss           0x000000000001a604        0x0 build/stdlib.o
 .bss           0x000000000001a604        0x0 build/string.o
 .bss           0x000000000001a604        0x0 build/synch.o
 .bss           0x000000000001a604       0x14 build/timer.o
 .bss           0x000000000001a618       0x68 build/thread.o
 .bss           0x000000000001a680       0x20 build/video.o
 .bss           0x000000000001a6a0        0x0 libgcc/libgcc.a(_udivsi3.o)
 .bss           0x000000000001a6a0        0x0 libgcc/libgcc.a(_divsi3.o)
 .bss           0x000000000001a6a0        0x0 libgcc/libgcc.a(_dvmd_tls.o)
 .bss           0x000000000001a6a0        0x0 libgcc/libgcc.a(_aeabi_uldivmod.o)
 .bss           0x000000000001a6a0        0x0 libgcc/libgcc.a(bpabi.o)
 .bss           0x000000000001a6a0        0x0 libgcc/libgcc.a(_divdi3.o)
 .bss           0x000000000001a6a0        0x0 libgcc/libgcc.a(_udivdi3.o)
 .bss           0x000000000001a6a0        0x0 libgcc/libgcc.a(unwind-arm.o)
 .bss           0x000000000001a6a0        0x0 libgcc/libgcc.a(libunwind.o)
 .bss           0x000000000001a6a0        0x0 libgcc/libgcc.a(pr-support.o)
 .bss           0x000000000001a6a0        0x0 libgcc/libgcc.a(_clzsi2.o)

.ARM.extab      0x000000000001a6a0       0x30
 *(.ARM.extab* .gnu.linkonce.armextab.*)
 .ARM.extab     0x000000000001a6a0        0x0 libgcc/libgcc.a(_divdi3.o)
 .ARM.extab     0x000000000001a6a0        0x0 libgcc/libgcc.a(_udivdi3.o)
 .ARM.extab     0x000000000001a6a0       0x18 libgcc/libgcc.a(unwind-arm.o)
 .ARM.extab     0x000000000001a6b8       0x18 libgcc/libgcc.a(pr-support.o)
                0x000000000001a6d0                __exidx_start = .

.ARM.exidx      0x000000000001a6d0       0xd0
 *(.ARM.exidx* .gnu.linkonce.armexidx.*)
 .ARM.exidx     0x000000000001a6d0        0x8 libgcc/libgcc.a(_divdi3.o)
 .ARM.exidx     0x000000000001a6d8        0x0 libgcc/libgcc.a(_udivdi3.o)
                                          0x8 (size before relaxing)
 .ARM.exidx     0x000000000001a6d8       0x90 libgcc/libgcc.a(unwind-arm.o)
                                         0xd8 (size before relaxing)
 .ARM.exidx     0x000000000001a768       0x38 libgcc/libgcc.a(pr-support.o)
                                         0x48 (size before relaxing)
                0x000000000001a7a0                __exidx_end = .

/DISCARD/
 *(*)
LOAD libgcc/libgcc.a
OUTPUT(build/output.elf elf32-littlearm)
