Archive member included because of file (symbol)

libgcc/libgcc.a(_udivsi3.o)   build/malloc.o (__aeabi_uidiv)
libgcc/libgcc.a(_divsi3.o)    build/stdio.o (__aeabi_idivmod)
libgcc/libgcc.a(_dvmd_tls.o)  libgcc/libgcc.a(_udivsi3.o) (__aeabi_idiv0)
libgcc/libgcc.a(_aeabi_uldivmod.o)
                              build/stdio.o (__aeabi_uldivmod)
libgcc/libgcc.a(bpabi.o)      libgcc/libgcc.a(_aeabi_uldivmod.o) (__gnu_uldivmod_helper)
libgcc/libgcc.a(_divdi3.o)    libgcc/libgcc.a(bpabi.o) (__divdi3)
libgcc/libgcc.a(_udivdi3.o)   libgcc/libgcc.a(bpabi.o) (__udivdi3)
libgcc/libgcc.a(unwind-arm.o)
                              libgcc/libgcc.a(_divdi3.o) (__aeabi_unwind_cpp_pr0)
libgcc/libgcc.a(libunwind.o)  libgcc/libgcc.a(unwind-arm.o) (restore_core_regs)
libgcc/libgcc.a(pr-support.o)
                              libgcc/libgcc.a(unwind-arm.o) (__gnu_unwind_execute)
libgcc/libgcc.a(_clzsi2.o)    libgcc/libgcc.a(_divdi3.o) (__clzsi2)

Discarded input sections

 .ARM.attributes
                0x0000000000000000       0x14 build/contextSwitch.o
 .ARM.attributes
                0x0000000000000000       0x14 build/drawing.o
 .ARM.attributes
                0x0000000000000000       0x14 build/frameBufferInfo.o
 .ARM.attributes
                0x0000000000000000       0x14 build/gpioFunction.o
 .ARM.attributes
                0x0000000000000000       0x14 build/interruptsHandlers.o
 .ARM.attributes
                0x0000000000000000       0x14 build/mailbox.o
 .ARM.attributes
                0x0000000000000000       0x14 build/memoryCopy.o
 .ARM.attributes
                0x0000000000000000       0x14 build/start.o
 .comment       0x0000000000000000       0x20 build/bitmap.o
 .ARM.attributes
                0x0000000000000000       0x38 build/bitmap.o
 .comment       0x0000000000000000       0x20 build/console.o
 .ARM.attributes
                0x0000000000000000       0x38 build/console.o
 .comment       0x0000000000000000       0x20 build/debug.o
 .ARM.attributes
                0x0000000000000000       0x38 build/debug.o
 .comment       0x0000000000000000       0x20 build/framebuffer.o
 .ARM.attributes
                0x0000000000000000       0x38 build/framebuffer.o
 .comment       0x0000000000000000       0x20 build/gpio.o
 .ARM.attributes
                0x0000000000000000       0x38 build/gpio.o
 .comment       0x0000000000000000       0x20 build/hash.o
 .ARM.attributes
                0x0000000000000000       0x38 build/hash.o
 .comment       0x0000000000000000       0x20 build/init.o
 .ARM.attributes
                0x0000000000000000       0x38 build/init.o
 .comment       0x0000000000000000       0x20 build/list.o
 .ARM.attributes
                0x0000000000000000       0x38 build/list.o
 .comment       0x0000000000000000       0x20 build/interrupt.o
 .ARM.attributes
                0x0000000000000000       0x38 build/interrupt.o
 .comment       0x0000000000000000       0x20 build/malloc.o
 .ARM.attributes
                0x0000000000000000       0x38 build/malloc.o
 .comment       0x0000000000000000       0x20 build/palloc.o
 .ARM.attributes
                0x0000000000000000       0x38 build/palloc.o
 .comment       0x0000000000000000       0x20 build/random.o
 .ARM.attributes
                0x0000000000000000       0x38 build/random.o
 .comment       0x0000000000000000       0x20 build/serial.o
 .ARM.attributes
                0x0000000000000000       0x38 build/serial.o
 .comment       0x0000000000000000       0x20 build/stdio.o
 .ARM.attributes
                0x0000000000000000       0x38 build/stdio.o
 .comment       0x0000000000000000       0x20 build/stdlib.o
 .ARM.attributes
                0x0000000000000000       0x38 build/stdlib.o
 .comment       0x0000000000000000       0x20 build/string.o
 .ARM.attributes
                0x0000000000000000       0x38 build/string.o
 .comment       0x0000000000000000       0x20 build/synch.o
 .ARM.attributes
                0x0000000000000000       0x38 build/synch.o
 .comment       0x0000000000000000       0x20 build/timer.o
 .ARM.attributes
                0x0000000000000000       0x38 build/timer.o
 .comment       0x0000000000000000       0x20 build/thread.o
 .ARM.attributes
                0x0000000000000000       0x38 build/thread.o
 .comment       0x0000000000000000       0x20 build/video.o
 .ARM.attributes
                0x0000000000000000       0x38 build/video.o
 .debug_frame   0x0000000000000000       0x20 libgcc/libgcc.a(_udivsi3.o)
 .ARM.attributes
                0x0000000000000000       0x18 libgcc/libgcc.a(_udivsi3.o)
 .debug_line    0x0000000000000000       0x8a libgcc/libgcc.a(_udivsi3.o)
 .debug_info    0x0000000000000000       0x99 libgcc/libgcc.a(_udivsi3.o)
 .debug_abbrev  0x0000000000000000       0x14 libgcc/libgcc.a(_udivsi3.o)
 .debug_aranges
                0x0000000000000000       0x20 libgcc/libgcc.a(_udivsi3.o)
 .debug_frame   0x0000000000000000       0x20 libgcc/libgcc.a(_divsi3.o)
 .ARM.attributes
                0x0000000000000000       0x18 libgcc/libgcc.a(_divsi3.o)
 .debug_line    0x0000000000000000       0x96 libgcc/libgcc.a(_divsi3.o)
 .debug_info    0x0000000000000000       0x99 libgcc/libgcc.a(_divsi3.o)
 .debug_abbrev  0x0000000000000000       0x14 libgcc/libgcc.a(_divsi3.o)
 .debug_aranges
                0x0000000000000000       0x20 libgcc/libgcc.a(_divsi3.o)
 .ARM.attributes
                0x0000000000000000       0x18 libgcc/libgcc.a(_dvmd_tls.o)
 .debug_line    0x0000000000000000       0x61 libgcc/libgcc.a(_dvmd_tls.o)
 .debug_info    0x0000000000000000       0x99 libgcc/libgcc.a(_dvmd_tls.o)
 .debug_abbrev  0x0000000000000000       0x14 libgcc/libgcc.a(_dvmd_tls.o)
 .debug_aranges
                0x0000000000000000       0x20 libgcc/libgcc.a(_dvmd_tls.o)
 .ARM.attributes
                0x0000000000000000       0x18 libgcc/libgcc.a(_aeabi_uldivmod.o)
 .debug_line    0x0000000000000000       0x66 libgcc/libgcc.a(_aeabi_uldivmod.o)
 .debug_info    0x0000000000000000       0x95 libgcc/libgcc.a(_aeabi_uldivmod.o)
 .debug_abbrev  0x0000000000000000       0x14 libgcc/libgcc.a(_aeabi_uldivmod.o)
 .debug_aranges
                0x0000000000000000       0x20 libgcc/libgcc.a(_aeabi_uldivmod.o)
 .debug_info    0x0000000000000000      0x174 libgcc/libgcc.a(bpabi.o)
 .debug_abbrev  0x0000000000000000       0xb7 libgcc/libgcc.a(bpabi.o)
 .debug_loc     0x0000000000000000       0xe0 libgcc/libgcc.a(bpabi.o)
 .debug_aranges
                0x0000000000000000       0x20 libgcc/libgcc.a(bpabi.o)
 .debug_line    0x0000000000000000       0x67 libgcc/libgcc.a(bpabi.o)
 .debug_str     0x0000000000000000       0xef libgcc/libgcc.a(bpabi.o)
 .comment       0x0000000000000000       0x12 libgcc/libgcc.a(bpabi.o)
 .ARM.attributes
                0x0000000000000000       0x30 libgcc/libgcc.a(bpabi.o)
 .debug_frame   0x0000000000000000       0x54 libgcc/libgcc.a(bpabi.o)
 .debug_info    0x0000000000000000      0x5ec libgcc/libgcc.a(_divdi3.o)
 .debug_abbrev  0x0000000000000000      0x165 libgcc/libgcc.a(_divdi3.o)
 .debug_loc     0x0000000000000000      0xb77 libgcc/libgcc.a(_divdi3.o)
 .debug_aranges
                0x0000000000000000       0x20 libgcc/libgcc.a(_divdi3.o)
 .debug_ranges  0x0000000000000000       0xc8 libgcc/libgcc.a(_divdi3.o)
 .debug_line    0x0000000000000000       0xdb libgcc/libgcc.a(_divdi3.o)
 .debug_str     0x0000000000000000      0x1a3 libgcc/libgcc.a(_divdi3.o)
 .comment       0x0000000000000000       0x12 libgcc/libgcc.a(_divdi3.o)
 .ARM.attributes
                0x0000000000000000       0x30 libgcc/libgcc.a(_divdi3.o)
 .debug_frame   0x0000000000000000       0x38 libgcc/libgcc.a(_divdi3.o)
 .debug_info    0x0000000000000000      0x5ab libgcc/libgcc.a(_udivdi3.o)
 .debug_abbrev  0x0000000000000000      0x154 libgcc/libgcc.a(_udivdi3.o)
 .debug_loc     0x0000000000000000      0xc8c libgcc/libgcc.a(_udivdi3.o)
 .debug_aranges
                0x0000000000000000       0x20 libgcc/libgcc.a(_udivdi3.o)
 .debug_ranges  0x0000000000000000       0xd8 libgcc/libgcc.a(_udivdi3.o)
 .debug_line    0x0000000000000000       0xce libgcc/libgcc.a(_udivdi3.o)
 .debug_str     0x0000000000000000      0x1a4 libgcc/libgcc.a(_udivdi3.o)
 .comment       0x0000000000000000       0x12 libgcc/libgcc.a(_udivdi3.o)
 .ARM.attributes
                0x0000000000000000       0x30 libgcc/libgcc.a(_udivdi3.o)
 .debug_frame   0x0000000000000000       0x38 libgcc/libgcc.a(_udivdi3.o)
 .debug_info    0x0000000000000000     0x1d4d libgcc/libgcc.a(unwind-arm.o)
 .debug_abbrev  0x0000000000000000      0x48f libgcc/libgcc.a(unwind-arm.o)
 .debug_loc     0x0000000000000000     0x18d0 libgcc/libgcc.a(unwind-arm.o)
 .debug_aranges
                0x0000000000000000       0x20 libgcc/libgcc.a(unwind-arm.o)
 .debug_ranges  0x0000000000000000      0x138 libgcc/libgcc.a(unwind-arm.o)
 .debug_line    0x0000000000000000      0x538 libgcc/libgcc.a(unwind-arm.o)
 .debug_str     0x0000000000000000      0xb7f libgcc/libgcc.a(unwind-arm.o)
 .comment       0x0000000000000000       0x12 libgcc/libgcc.a(unwind-arm.o)
 .ARM.attributes
                0x0000000000000000       0x30 libgcc/libgcc.a(unwind-arm.o)
 .debug_frame   0x0000000000000000      0x290 libgcc/libgcc.a(unwind-arm.o)
 .ARM.attributes
                0x0000000000000000       0x1c libgcc/libgcc.a(libunwind.o)
 .debug_line    0x0000000000000000       0xaf libgcc/libgcc.a(libunwind.o)
 .debug_info    0x0000000000000000       0x99 libgcc/libgcc.a(libunwind.o)
 .debug_abbrev  0x0000000000000000       0x14 libgcc/libgcc.a(libunwind.o)
 .debug_aranges
                0x0000000000000000       0x20 libgcc/libgcc.a(libunwind.o)
 .debug_info    0x0000000000000000      0xa5b libgcc/libgcc.a(pr-support.o)
 .debug_abbrev  0x0000000000000000      0x26c libgcc/libgcc.a(pr-support.o)
 .debug_loc     0x0000000000000000      0x652 libgcc/libgcc.a(pr-support.o)
 .debug_aranges
                0x0000000000000000       0x20 libgcc/libgcc.a(pr-support.o)
 .debug_ranges  0x0000000000000000       0x48 libgcc/libgcc.a(pr-support.o)
 .debug_line    0x0000000000000000      0x1c4 libgcc/libgcc.a(pr-support.o)
 .debug_str     0x0000000000000000      0x4de libgcc/libgcc.a(pr-support.o)
 .comment       0x0000000000000000       0x12 libgcc/libgcc.a(pr-support.o)
 .ARM.attributes
                0x0000000000000000       0x30 libgcc/libgcc.a(pr-support.o)
 .debug_frame   0x0000000000000000       0xe4 libgcc/libgcc.a(pr-support.o)
 .ARM.attributes
                0x0000000000000000       0x18 libgcc/libgcc.a(_clzsi2.o)
 .debug_line    0x0000000000000000       0x6e libgcc/libgcc.a(_clzsi2.o)
 .debug_info    0x0000000000000000       0x99 libgcc/libgcc.a(_clzsi2.o)
 .debug_abbrev  0x0000000000000000       0x14 libgcc/libgcc.a(_clzsi2.o)
 .debug_aranges
                0x0000000000000000       0x20 libgcc/libgcc.a(_clzsi2.o)

Memory Configuration

Name             Origin             Length             Attributes
*default*        0x0000000000000000 0xffffffffffffffff

Linker script and memory map

LOAD build/contextSwitch.o
LOAD build/drawing.o
LOAD build/frameBufferInfo.o
LOAD build/gpioFunction.o
LOAD build/interruptsHandlers.o
LOAD build/mailbox.o
LOAD build/memoryCopy.o
LOAD build/start.o
LOAD build/bitmap.o
LOAD build/console.o
LOAD build/debug.o
LOAD build/framebuffer.o
LOAD build/gpio.o
LOAD build/hash.o
LOAD build/init.o
LOAD build/list.o
LOAD build/interrupt.o
LOAD build/malloc.o
LOAD build/palloc.o
LOAD build/random.o
LOAD build/serial.o
LOAD build/stdio.o
LOAD build/stdlib.o
LOAD build/string.o
LOAD build/synch.o
LOAD build/timer.o
LOAD build/thread.o
LOAD build/video.o

.init           0x0000000000008000       0x8c
 *(.init)
 .init          0x0000000000008000       0x8c build/start.o
                0x0000000000008000                _start

.text           0x000000000000808c     0xd8a8
 *(.text)
 .text          0x000000000000808c       0xd4 build/contextSwitch.o
                0x000000000000808c                save_context
                0x00000000000080e8                save_and_switch_context
 .text          0x0000000000008160      0x178 build/drawing.o
                0x0000000000008160                SetForeColour
                0x0000000000008178                GetForeColour
                0x0000000000008184                SetGraphicsAddress
                0x0000000000008190                GetGraphicsAddress
                0x000000000000819c                DrawPixel
                0x00000000000081e4                DrawLine
                0x0000000000008260                DrawCharacter
 .text          0x00000000000082d8       0x60 build/frameBufferInfo.o
                0x00000000000082d8                InitialiseFrameBuffer
 .text          0x0000000000008338       0x98 build/gpioFunction.o
                0x0000000000008338                GetGpioAddress
                0x0000000000008340                SetGpioFunction
                0x0000000000008390                SetGpio
 .text          0x00000000000083d0      0x130 build/interruptsHandlers.o
                0x00000000000083d0                print_executing_interrupt
                0x00000000000083e0                generate_swi_interrupt
                0x00000000000083e8                swi_handler_int
                0x000000000000844c                irq_handler_int
                0x00000000000084ac                get_cpsr_value
                0x00000000000084b4                enable_irq_interruptions
                0x00000000000084c4                disable_irq_interruptions
                0x00000000000084d4                enable_fiq_interruptions
                0x00000000000084e4                disable_fiq_interruptions
                0x00000000000084f4                get_current_sp
 .text          0x0000000000008500       0x6c build/mailbox.o
                0x0000000000008500                GetMailboxBase
                0x0000000000008508                MailboxRead
                0x000000000000853c                MailboxWrite
 .text          0x000000000000856c       0x70 build/memoryCopy.o
                0x000000000000856c                memory_fastest_copy
                0x00000000000085bc                memory_fast_copy
 .text          0x00000000000085dc        0x0 build/start.o
 .text          0x00000000000085dc      0x9e4 build/bitmap.o
                0x000000000000868c                bitmap_create
                0x0000000000008730                bitmap_create_in_buf
                0x00000000000087c0                bitmap_buf_size
                0x00000000000087ec                bitmap_destroy
                0x0000000000008828                bitmap_size
                0x0000000000008850                bitmap_set
                0x00000000000088f0                bitmap_test
                0x00000000000089a4                bitmap_set_all
                0x0000000000008a0c                bitmap_set_multiple
                0x0000000000008afc                bitmap_mark
                0x0000000000008b68                bitmap_reset
                0x0000000000008bd8                bitmap_contains
                0x0000000000008ce0                bitmap_any
                0x0000000000008d1c                bitmap_none
                0x0000000000008d78                bitmap_all
                0x0000000000008dd4                bitmap_scan
                0x0000000000008ef4                bitmap_scan_and_flip
                0x0000000000008f78                bitmap_dump
 .text          0x0000000000008fc0      0x3b8 build/console.o
                0x0000000000008fc0                console_init
                0x0000000000008fe8                console_panic
                0x000000000000900c                console_print_stats
                0x000000000000917c                vprintf
                0x00000000000091c8                puts
                0x0000000000009224                putbuf
                0x0000000000009278                putchar
 .text          0x0000000000009378      0x128 build/debug.o
                0x0000000000009378                debug_panic
                0x00000000000093fc                debug_print_bits_int
                0x0000000000009478                abort
 .text          0x00000000000094a0       0x58 build/framebuffer.o
                0x00000000000094a0                framebuffer_init
 .text          0x00000000000094f8       0x50 build/gpio.o
                0x00000000000094f8                gpio_enable_function
                0x0000000000009520                gpio_set_register
 .text          0x0000000000009548      0xc28 build/hash.o
                0x0000000000009548                hash_init
                0x00000000000095f8                hash_clear
                0x00000000000096cc                hash_destroy
                0x0000000000009710                hash_insert
                0x000000000000977c                hash_replace
                0x00000000000097f4                hash_find
                0x0000000000009838                hash_delete
                0x00000000000098a0                hash_apply
                0x000000000000998c                hash_first
                0x0000000000009a38                hash_next
                0x0000000000009b54                hash_cur
                0x0000000000009b7c                hash_size
                0x0000000000009ba4                hash_empty
                0x0000000000009bdc                hash_bytes
                0x0000000000009c80                hash_string
                0x0000000000009d1c                hash_int
 .text          0x000000000000a170      0x3a4 build/init.o
                0x000000000000a19c                init
 .text          0x000000000000a514     0x1284 build/list.o
                0x000000000000a634                list_init
                0x000000000000a6ac                list_begin
                0x000000000000a6fc                list_next
                0x000000000000a768                list_end
                0x000000000000a7b8                list_rbegin
                0x000000000000a808                list_prev
                0x000000000000a874                list_rend
                0x000000000000a8c0                list_head
                0x000000000000a90c                list_tail
                0x000000000000a95c                list_insert
                0x000000000000aa18                list_splice
                0x000000000000ab50                list_push_front
                0x000000000000ab84                list_push_back
                0x000000000000abb8                list_remove
                0x000000000000ac38                list_pop_front
                0x000000000000ac6c                list_pop_back
                0x000000000000aca0                list_front
                0x000000000000ad00                list_back
                0x000000000000ad64                list_size
                0x000000000000adcc                list_empty
                0x000000000000ae58                list_reverse
                0x000000000000b270                list_sort
                0x000000000000b400                list_insert_ordered
                0x000000000000b504                list_unique
                0x000000000000b648                list_max
                0x000000000000b6f0                list_min
 .text          0x000000000000b798      0x9b4 build/interrupt.o
                0x000000000000b798                interrupts_init
                0x000000000000b840                interrupts_register_irq
                0x000000000000b8bc                interrupts_register_swi
                0x000000000000b8fc                interrupts_get_irq_name
                0x000000000000b954                interrupts_get_swi_name
                0x000000000000b978                interrupts_get_level
                0x000000000000b9b0                interrupts_set_level
                0x000000000000b9f0                interrupts_enable
                0x000000000000ba1c                interrupts_disable
                0x000000000000ba48                interrupts_print_status
                0x000000000000bae4                interrupts_context
                0x000000000000bb08                interrupts_was_irq_generated
                0x000000000000bb2c                interrupts_yield_on_return
                0x000000000000bb50                interrupts_dispatch_irq
                0x000000000000bd98                interrupts_dispatch_swi
                0x000000000000be3c                interrupts_debug
 .text          0x000000000000c14c      0x8b0 build/malloc.o
                0x000000000000c1a4                malloc_init
                0x000000000000c2ac                malloc
                0x000000000000c50c                calloc
                0x000000000000c604                realloc
                0x000000000000c6a4                free
 .text          0x000000000000c9fc      0x578 build/palloc.o
                0x000000000000ca50                palloc_init
                0x000000000000cb24                palloc_get_multiple
                0x000000000000cc58                palloc_get_page
                0x000000000000cc8c                palloc_free_multiple
                0x000000000000cdf4                palloc_free_page
 .text          0x000000000000cf74      0x2b8 build/random.o
                0x000000000000cfbc                random_init
                0x000000000000d0d8                random_bytes
                0x000000000000d200                random_ulong
 .text          0x000000000000d22c      0x32c build/serial.o
                0x000000000000d22c                serial_init
                0x000000000000d23c                serial_putc
                0x000000000000d264                serial_flush
                0x000000000000d278                serial_notify
                0x000000000000d320                uart_init
                0x000000000000d3e0                uart_putc_helper
                0x000000000000d430                uart_putc
                0x000000000000d478                uart_getc
                0x000000000000d4bc                uart_write
                0x000000000000d518                uart_puts
                0x000000000000d548                test_serial
 .text          0x000000000000d558     0x1764 build/stdio.o
                0x000000000000d5e0                vsnprintf
                0x000000000000d6d8                snprintf
                0x000000000000d728                printf
                0x000000000000d768                __vprintf
                0x000000000000e90c                __printf
                0x000000000000e950                hex_dump
                0x000000000000ec08                print_human_readable_size
 .text          0x000000000000ecbc      0x764 build/stdlib.o
                0x000000000000ed74                atoi
                0x000000000000eefc                qsort
                0x000000000000f18c                sort
                0x000000000000f2d8                bsearch
                0x000000000000f32c                binary_search
 .text          0x000000000000f420      0xcf0 build/string.o
                0x000000000000f420                memcpy
                0x000000000000f4f4                memmove
                0x000000000000f63c                memcmp
                0x000000000000f748                strcmp
                0x000000000000f848                memchr
                0x000000000000f8f8                strchr
                0x000000000000f990                strcspn
                0x000000000000fa10                strpbrk
                0x000000000000fa7c                strrchr
                0x000000000000faf0                strspn
                0x000000000000fb70                strstr
                0x000000000000fc24                strtok_r
                0x000000000000fd98                memset
                0x000000000000fe34                strlen
                0x000000000000feb4                strnlen
                0x000000000000ff1c                strlcpy
                0x000000000000fff4                strlcat
 .text          0x0000000000010110      0x950 build/synch.o
                0x0000000000010110                sema_init
                0x0000000000010174                sema_down
                0x0000000000010248                sema_try_down
                0x00000000000102e4                sema_up
                0x000000000001039c                sema_self_test
                0x000000000001048c                lock_init
                0x00000000000104f0                lock_acquire
                0x00000000000105b0                lock_try_acquire
                0x0000000000010660                lock_release
                0x00000000000106e8                lock_held_by_current_thread
                0x0000000000010750                cond_init
                0x00000000000107a4                cond_wait
                0x00000000000108b4                cond_signal
                0x00000000000109c0                cond_broadcast
 .text          0x0000000000010a60      0x1cc build/timer.o
                0x0000000000010a60                timer_init
                0x0000000000010aa0                timer_get_timestamp
                0x0000000000010ac4                timer_msleep
 .text          0x0000000000010c2c     0x1368 build/thread.o
                0x0000000000010c58                thread_init
                0x0000000000010ef8                thread_start
                0x0000000000010f48                thread_tick
                0x0000000000010ff0                thread_print_stats
                0x0000000000011004                thread_create
                0x00000000000111e4                thread_wait
                0x00000000000112ac                thread_block
                0x000000000001132c                thread_unblock
                0x00000000000113dc                thread_name
                0x00000000000113f8                thread_current
                0x000000000001147c                thread_tid
                0x0000000000011498                thread_exit
                0x00000000000115bc                thread_yield
                0x0000000000011990                thread_schedule_tail
                0x0000000000011a60                thread_foreach
                0x0000000000011b08                thread_set_priority
                0x0000000000011b30                thread_get_priority
                0x0000000000011b4c                thread_set_nice
                0x0000000000011b68                thread_get_nice
                0x0000000000011b84                thread_get_load_avg
                0x0000000000011ba0                thread_get_recent_cpu
                0x0000000000011d54                my_order_function
 .text          0x0000000000011f94      0x958 build/video.o
                0x0000000000011f94                video_init
                0x0000000000012010                video_clean
                0x00000000000120c4                video_putc
 .text          0x00000000000128ec      0x114 libgcc/libgcc.a(_udivsi3.o)
                0x00000000000128ec                __udivsi3
                0x00000000000128ec                __aeabi_uidiv
                0x00000000000129e0                __aeabi_uidivmod
 .text          0x0000000000012a00      0x148 libgcc/libgcc.a(_divsi3.o)
                0x0000000000012a00                __aeabi_idiv
                0x0000000000012a00                __divsi3
                0x0000000000012b28                __aeabi_idivmod
 .text          0x0000000000012b48        0x4 libgcc/libgcc.a(_dvmd_tls.o)
                0x0000000000012b48                __aeabi_ldiv0
                0x0000000000012b48                __aeabi_idiv0
 .text          0x0000000000012b4c       0x3c libgcc/libgcc.a(_aeabi_uldivmod.o)
                0x0000000000012b4c                __aeabi_uldivmod
 .text          0x0000000000012b88       0x84 libgcc/libgcc.a(bpabi.o)
                0x0000000000012b88                __gnu_ldivmod_helper
                0x0000000000012bcc                __gnu_uldivmod_helper
 .text          0x0000000000012c0c      0x4f8 libgcc/libgcc.a(_divdi3.o)
                0x0000000000012c0c                __divdi3
 .text          0x0000000000013104      0x498 libgcc/libgcc.a(_udivdi3.o)
                0x0000000000013104                __udivdi3
 .text          0x000000000001359c      0xfb0 libgcc/libgcc.a(unwind-arm.o)
                0x0000000000013a24                _Unwind_GetCFA
                0x0000000000013a2c                __gnu_Unwind_RaiseException
                0x0000000000013ad8                __gnu_Unwind_ForcedUnwind
                0x0000000000013afc                __gnu_Unwind_Resume
                0x0000000000013b74                __gnu_Unwind_Resume_or_Rethrow
                0x0000000000013b94                _Unwind_Complete
                0x0000000000013b98                _Unwind_DeleteException
                0x0000000000013bbc                _Unwind_VRS_Get
                0x0000000000013c30                _Unwind_VRS_Set
                0x00000000000140d4                __aeabi_unwind_cpp_pr2
                0x00000000000140dc                __aeabi_unwind_cpp_pr1
                0x00000000000140e4                __aeabi_unwind_cpp_pr0
                0x00000000000140ec                __gnu_Unwind_Backtrace
                0x00000000000141b8                _Unwind_VRS_Pop
 .text          0x000000000001454c      0x1b0 libgcc/libgcc.a(libunwind.o)
                0x000000000001454c                __restore_core_regs
                0x000000000001454c                restore_core_regs
                0x0000000000014568                __gnu_Unwind_Restore_VFP
                0x0000000000014570                __gnu_Unwind_Save_VFP
                0x0000000000014578                __gnu_Unwind_Restore_VFP_D
                0x0000000000014580                __gnu_Unwind_Save_VFP_D
                0x0000000000014588                __gnu_Unwind_Restore_VFP_D_16_to_31
                0x0000000000014590                __gnu_Unwind_Save_VFP_D_16_to_31
                0x0000000000014598                __gnu_Unwind_Restore_WMMXD
                0x00000000000145dc                __gnu_Unwind_Save_WMMXD
                0x0000000000014620                __gnu_Unwind_Restore_WMMXC
                0x0000000000014634                __gnu_Unwind_Save_WMMXC
                0x0000000000014648                ___Unwind_RaiseException
                0x0000000000014648                _Unwind_RaiseException
                0x000000000001466c                ___Unwind_Resume
                0x000000000001466c                _Unwind_Resume
                0x0000000000014690                _Unwind_Resume_or_Rethrow
                0x0000000000014690                ___Unwind_Resume_or_Rethrow
                0x00000000000146b4                ___Unwind_ForcedUnwind
                0x00000000000146b4                _Unwind_ForcedUnwind
                0x00000000000146d8                _Unwind_Backtrace
                0x00000000000146d8                ___Unwind_Backtrace
 .text          0x00000000000146fc      0x53c libgcc/libgcc.a(pr-support.o)
                0x0000000000014790                __gnu_unwind_execute
                0x0000000000014bac                __gnu_unwind_frame
                0x0000000000014bf4                _Unwind_GetRegionStart
                0x0000000000014c08                _Unwind_GetLanguageSpecificData
                0x0000000000014c28                _Unwind_GetDataRelBase
                0x0000000000014c30                _Unwind_GetTextRelBase
 .text          0x0000000000014c38       0x48 libgcc/libgcc.a(_clzsi2.o)
                0x0000000000014c38                __clzsi2
 *(.rodata)
 .rodata        0x0000000000014c80       0x98 build/bitmap.o
 .rodata        0x0000000000014d18       0x64 build/console.o
 .rodata        0x0000000000014d7c       0x70 build/debug.o
 .rodata        0x0000000000014dec       0x6c build/hash.o
 .rodata        0x0000000000014e58      0x210 build/init.o
 .rodata        0x0000000000015068      0x11c build/list.o
 .rodata        0x0000000000015184      0x168 build/interrupt.o
 .rodata        0x00000000000152ec       0x78 build/malloc.o
 .rodata        0x0000000000015364       0xf8 build/palloc.o
 .rodata        0x000000000001545c      0x134 build/stdio.o
 .rodata        0x0000000000015590       0x34 build/stdlib.o
 .rodata        0x00000000000155c4       0x80 build/string.o
 .rodata        0x0000000000015644       0xf0 build/synch.o
 .rodata        0x0000000000015734       0x30 build/timer.o
 .rodata        0x0000000000015764      0x1d0 build/thread.o

.data           0x0000000000016000     0x2064
 *(.data)
 .data          0x0000000000016000        0x0 build/contextSwitch.o
 .data          0x0000000000016000      0x810 build/drawing.o
 *fill*         0x0000000000016810      0x7f0 
 .data          0x0000000000017000     0x1000 build/frameBufferInfo.o
                0x0000000000017000                FrameBufferInfo
 .data          0x0000000000018000        0x0 build/gpioFunction.o
 .data          0x0000000000018000       0x40 build/interruptsHandlers.o
                0x0000000000018000                exec_int_msg
 .data          0x0000000000018040        0x0 build/mailbox.o
 .data          0x0000000000018040        0x0 build/memoryCopy.o
 .data          0x0000000000018040        0x0 build/start.o
 .data          0x0000000000018040        0x0 build/bitmap.o
 .data          0x0000000000018040        0x0 build/console.o
 .data          0x0000000000018040        0x0 build/debug.o
 .data          0x0000000000018040        0x0 build/framebuffer.o
 .data          0x0000000000018040        0x0 build/gpio.o
 .data          0x0000000000018040        0x0 build/hash.o
 .data          0x0000000000018040        0x4 build/init.o
 .data          0x0000000000018044        0x0 build/list.o
 .data          0x0000000000018044        0x0 build/interrupt.o
 .data          0x0000000000018044        0x0 build/malloc.o
 .data          0x0000000000018044        0x0 build/palloc.o
 .data          0x0000000000018044        0x0 build/random.o
 .data          0x0000000000018044        0x0 build/serial.o
 .data          0x0000000000018044       0x18 build/stdio.o
 .data          0x000000000001805c        0x0 build/stdlib.o
 .data          0x000000000001805c        0x0 build/string.o
 .data          0x000000000001805c        0x0 build/synch.o
 .data          0x000000000001805c        0x0 build/timer.o
 .data          0x000000000001805c        0x8 build/thread.o
 .data          0x0000000000018064        0x0 build/video.o
 .data          0x0000000000018064        0x0 libgcc/libgcc.a(_udivsi3.o)
 .data          0x0000000000018064        0x0 libgcc/libgcc.a(_divsi3.o)
 .data          0x0000000000018064        0x0 libgcc/libgcc.a(_dvmd_tls.o)
 .data          0x0000000000018064        0x0 libgcc/libgcc.a(_aeabi_uldivmod.o)
 .data          0x0000000000018064        0x0 libgcc/libgcc.a(bpabi.o)
 .data          0x0000000000018064        0x0 libgcc/libgcc.a(_divdi3.o)
 .data          0x0000000000018064        0x0 libgcc/libgcc.a(_udivdi3.o)
 .data          0x0000000000018064        0x0 libgcc/libgcc.a(unwind-arm.o)
 .data          0x0000000000018064        0x0 libgcc/libgcc.a(libunwind.o)
 .data          0x0000000000018064        0x0 libgcc/libgcc.a(pr-support.o)
 .data          0x0000000000018064        0x0 libgcc/libgcc.a(_clzsi2.o)

.bss            0x0000000000018068      0x620
 *(.bss)
 .bss           0x0000000000018068        0x0 build/contextSwitch.o
 .bss           0x0000000000018068        0x0 build/drawing.o
 .bss           0x0000000000018068        0x0 build/frameBufferInfo.o
 .bss           0x0000000000018068        0x0 build/gpioFunction.o
 .bss           0x0000000000018068        0x0 build/interruptsHandlers.o
 .bss           0x0000000000018068        0x0 build/mailbox.o
 .bss           0x0000000000018068        0x0 build/memoryCopy.o
 .bss           0x0000000000018068        0x0 build/start.o
 .bss           0x0000000000018068        0x0 build/bitmap.o
 .bss           0x0000000000018068       0x28 build/console.o
 .bss           0x0000000000018090        0x0 build/debug.o
 .bss           0x0000000000018090        0x0 build/framebuffer.o
 .bss           0x0000000000018090        0x0 build/gpio.o
 .bss           0x0000000000018090        0x0 build/hash.o
 .bss           0x0000000000018090       0x40 build/init.o
 .bss           0x00000000000180d0        0x0 build/list.o
 .bss           0x00000000000180d0      0x20c build/interrupt.o
 .bss           0x00000000000182dc      0x1e4 build/malloc.o
 .bss           0x00000000000184c0       0x40 build/palloc.o
 .bss           0x0000000000018500      0x104 build/random.o
 .bss           0x0000000000018604        0x0 build/serial.o
 .bss           0x0000000000018604        0x0 build/stdio.o
 .bss           0x0000000000018604        0x0 build/stdlib.o
 .bss           0x0000000000018604        0x0 build/string.o
 .bss           0x0000000000018604        0x0 build/synch.o
 .bss           0x0000000000018604        0x0 build/timer.o
 *fill*         0x0000000000018604        0x4 
 .bss           0x0000000000018608       0x60 build/thread.o
 .bss           0x0000000000018668       0x20 build/video.o
 .bss           0x0000000000018688        0x0 libgcc/libgcc.a(_udivsi3.o)
 .bss           0x0000000000018688        0x0 libgcc/libgcc.a(_divsi3.o)
 .bss           0x0000000000018688        0x0 libgcc/libgcc.a(_dvmd_tls.o)
 .bss           0x0000000000018688        0x0 libgcc/libgcc.a(_aeabi_uldivmod.o)
 .bss           0x0000000000018688        0x0 libgcc/libgcc.a(bpabi.o)
 .bss           0x0000000000018688        0x0 libgcc/libgcc.a(_divdi3.o)
 .bss           0x0000000000018688        0x0 libgcc/libgcc.a(_udivdi3.o)
 .bss           0x0000000000018688        0x0 libgcc/libgcc.a(unwind-arm.o)
 .bss           0x0000000000018688        0x0 libgcc/libgcc.a(libunwind.o)
 .bss           0x0000000000018688        0x0 libgcc/libgcc.a(pr-support.o)
 .bss           0x0000000000018688        0x0 libgcc/libgcc.a(_clzsi2.o)

.ARM.extab      0x0000000000018688       0x30
 *(.ARM.extab* .gnu.linkonce.armextab.*)
 .ARM.extab     0x0000000000018688        0x0 libgcc/libgcc.a(_divdi3.o)
 .ARM.extab     0x0000000000018688        0x0 libgcc/libgcc.a(_udivdi3.o)
 .ARM.extab     0x0000000000018688       0x18 libgcc/libgcc.a(unwind-arm.o)
 .ARM.extab     0x00000000000186a0       0x18 libgcc/libgcc.a(pr-support.o)
                0x00000000000186b8                __exidx_start = .

.ARM.exidx      0x00000000000186b8       0xd0
 *(.ARM.exidx* .gnu.linkonce.armexidx.*)
 .ARM.exidx     0x00000000000186b8        0x8 libgcc/libgcc.a(_divdi3.o)
 .ARM.exidx     0x00000000000186c0        0x0 libgcc/libgcc.a(_udivdi3.o)
                                          0x8 (size before relaxing)
 .ARM.exidx     0x00000000000186c0       0x90 libgcc/libgcc.a(unwind-arm.o)
                                         0xd8 (size before relaxing)
 .ARM.exidx     0x0000000000018750       0x38 libgcc/libgcc.a(pr-support.o)
                                         0x48 (size before relaxing)
                0x0000000000018788                __exidx_end = .

/DISCARD/
 *(*)
LOAD libgcc/libgcc.a
OUTPUT(build/output.elf elf32-littlearm)
